#####################build basic project
-- The C compiler identification is Clang 18.1.3
-- The CXX compiler identification is Clang 18.1.3
-- Detecting C compiler ABI info
-- Detecting C compiler ABI info - done
-- Check for working C compiler: /usr/bin/clang - skipped
-- Detecting C compile features
-- Detecting C compile features - done
-- Detecting CXX compiler ABI info
-- Detecting CXX compiler ABI info - done
-- Check for working CXX compiler: /usr/bin/clang++ - skipped
-- Detecting CXX compile features
-- Detecting CXX compile features - done
-- Fetching simde ..
-- WAMR version: 2.2.0
-- Build Configurations:
     Build as target X86_64
     Build for platform linux
     CMAKE_BUILD_TYPE Release
     BUILD_SHARED_LIBS OFF
     WAMR Interpreter enabled
     Fast interpreter enabled
     WAMR AOT enabled
     WAMR Fast JIT disabled
     WAMR LLVM ORC JIT disabled
     Libc builtin enabled
     Libc WASI enabled
     Multiple modules disabled
     Copy callstack disabled
     Wakeup of blocking operations enabled
     SIMD enabled
     GC performance profiling disabled
     Module instance context enabled
     Write linear memory base addr to x86 GS register enabled
     Quick AOT/JIT entries enabled
     AOT intrinsics enabled
     Shrunk memory enabled
-- About Wasm Proposals:
     Always-on:
       "Extended Constant Expressions"
       "Multi-value"
       "Non-trapping float-to-int conversions"
       "Sign-extension operators"
       "WebAssembly C and C++ API"
     Configurable. 0 is OFF. 1 is ON:
       "Bulk Memory Operation" via WAMR_BUILD_BULK_MEMORY: 1
       "Fixed-width SIMD" via WAMR_BUILD_SIMD: 1
       "Garbage collection" via WAMR_BUILD_GC: 0
       "Legacy Exception handling" via WAMR_BUILD_EXCE_HANDLING: 0
       "Memory64" via WAMR_BUILD_MEMORY64: 0
       "Multiple memories" via WAMR_BUILD_MULTI_MEMORY: 0
       "Reference Types" via WAMR_BUILD_REF_TYPES: 1
       "Reference-Typed Strings" via WAMR_BUILD_STRINGREF: 0
       "Tail call" via WAMR_BUILD_TAIL_CALL: 0
       "Threads" via WAMR_BUILD_SHARED_MEMORY: 0
       "Typed Function References" via WAMR_BUILD_GC: 0
     Unsupported (>= Phase4):
       "Branch Hinting"
       "Custom Annotation Syntax in the Text Format"
       "Exception handling"
       "Import/Export of Mutable Globals"
       "JS String Builtins"
       "Relaxed SIMD"

-- The ASM compiler identification is Clang with GNU-like command-line
-- Found assembler: /usr/bin/clang
-- Looking for mremap
-- Looking for mremap - found
-- Performing Test CMAKE_HAVE_LIBC_PTHREAD
-- Performing Test CMAKE_HAVE_LIBC_PTHREAD - Success
-- Found Threads: TRUE  
-- WAMR_ROOT_DIR/home/eb/fyp/helloworld/build/_deps/wamr_ext-src
-- WAMR version: 2.2.0
-- Build Configurations:
     Build as target X86_64
     Build for platform linux
     CMAKE_BUILD_TYPE 
     BUILD_SHARED_LIBS OFF
     WAMR Interpreter enabled
     Fast interpreter disabled
     WAMR AOT disabled
     WAMR Fast JIT disabled
     WAMR LLVM ORC JIT disabled
     Libc builtin enabled
     Libc WASI enabled
     Multiple modules disabled
     Copy callstack disabled
     Wakeup of blocking operations enabled
     GC performance profiling disabled
     Module instance context enabled
     Write linear memory base addr to x86 GS register enabled
     Shrunk memory enabled
-- About Wasm Proposals:
     Always-on:
       "Extended Constant Expressions"
       "Multi-value"
       "Non-trapping float-to-int conversions"
       "Sign-extension operators"
       "WebAssembly C and C++ API"
     Configurable. 0 is OFF. 1 is ON:
       "Bulk Memory Operation" via WAMR_BUILD_BULK_MEMORY: 1
       "Fixed-width SIMD" via WAMR_BUILD_SIMD: 
       "Garbage collection" via WAMR_BUILD_GC: 0
       "Legacy Exception handling" via WAMR_BUILD_EXCE_HANDLING: 0
       "Memory64" via WAMR_BUILD_MEMORY64: 0
       "Multiple memories" via WAMR_BUILD_MULTI_MEMORY: 0
       "Reference Types" via WAMR_BUILD_REF_TYPES: 1
       "Reference-Typed Strings" via WAMR_BUILD_STRINGREF: 0
       "Tail call" via WAMR_BUILD_TAIL_CALL: 0
       "Threads" via WAMR_BUILD_SHARED_MEMORY: 0
       "Typed Function References" via WAMR_BUILD_GC: 0
     Unsupported (>= Phase4):
       "Branch Hinting"
       "Custom Annotation Syntax in the Text Format"
       "Exception handling"
       "Import/Export of Mutable Globals"
       "JS String Builtins"
       "Relaxed SIMD"

-- Performing Test ABSL_INTERNAL_AT_LEAST_CXX17
-- Performing Test ABSL_INTERNAL_AT_LEAST_CXX17 - Success
-- Performing Test ABSL_INTERNAL_AT_LEAST_CXX20
-- Performing Test ABSL_INTERNAL_AT_LEAST_CXX20 - Failed
CMake Deprecation Warning at build/_deps/protobuf-src/cmake/CMakeLists.txt:2 (cmake_minimum_required):
  Compatibility with CMake < 3.5 will be removed from a future version of
  CMake.

  Update the VERSION argument <min> value or use a ...<max> suffix to tell
  CMake that the project does not need compatibility with older versions.


CMake Warning (dev) at build/_deps/protobuf-src/cmake/CMakeLists.txt:47 (option):
  Policy CMP0077 is not set: option() honors normal variables.  Run "cmake
  --help-policy CMP0077" for policy details.  Use the cmake_policy command to
  set the policy and suppress this warning.

  For compatibility with older versions of CMake, option is clearing the
  normal variable 'protobuf_BUILD_TESTS'.
This warning is for project developers.  Use -Wno-dev to suppress it.

CMake Warning (dev) at build/_deps/protobuf-src/cmake/CMakeLists.txt:50 (option):
  Policy CMP0077 is not set: option() honors normal variables.  Run "cmake
  --help-policy CMP0077" for policy details.  Use the cmake_policy command to
  set the policy and suppress this warning.

  For compatibility with older versions of CMake, option is clearing the
  normal variable 'protobuf_BUILD_PROTOC_BINARIES'.
This warning is for project developers.  Use -Wno-dev to suppress it.

-- 
-- 3.19.4.0
-- Found ZLIB: /usr/lib/x86_64-linux-gnu/libz.so (found version "1.3")  
-- Performing Test protobuf_HAVE_BUILTIN_ATOMICS
-- Performing Test protobuf_HAVE_BUILTIN_ATOMICS - Success
CMake Warning in CMakeLists.txt:
  CMAKE_SKIP_INSTALL_RULES was enabled even though installation rules have
  been specified


-- Configuring done (38.2s)
-- Generating done (0.3s)
-- Build files have been written to: /home/eb/fyp/helloworld/build
[  0%] Building CXX object _deps/abseil-build/absl/base/CMakeFiles/absl_spinlock_wait.dir/internal/spinlock_wait.cc.o
[  0%] Built target generate_proto_cpp
[  1%] Building CXX object _deps/abseil-build/absl/debugging/CMakeFiles/absl_utf8_for_code_point.dir/internal/utf8_for_code_point.cc.o
[  1%] Building CXX object _deps/abseil-build/absl/numeric/CMakeFiles/absl_int128.dir/int128.cc.o
[  0%] Building CXX object _deps/abseil-build/absl/base/CMakeFiles/absl_log_severity.dir/log_severity.cc.o
[  1%] Building CXX object _deps/abseil-build/absl/time/CMakeFiles/absl_time_zone.dir/internal/cctz/src/time_zone_fixed.cc.o
[  1%] Building CXX object _deps/abseil-build/absl/base/CMakeFiles/absl_strerror.dir/internal/strerror.cc.o
[  2%] Building C object _deps/wamr_ext-build/CMakeFiles/vmlib.dir/core/shared/platform/linux/platform_init.c.o
[  2%] Building CXX object _deps/abseil-build/absl/profiling/CMakeFiles/absl_exponential_biased.dir/internal/exponential_biased.cc.o
[  2%] Building CXX object _deps/protobuf-build/CMakeFiles/libprotobuf.dir/__/src/google/protobuf/any_lite.cc.o
[  2%] Building CXX object _deps/abseil-build/absl/debugging/CMakeFiles/absl_leak_check.dir/leak_check.cc.o
[  2%] Building CXX object _deps/abseil-build/absl/flags/CMakeFiles/absl_flags_commandlineflag_internal.dir/internal/commandlineflag.cc.o
[  2%] Building C object CMakeFiles/wamrlib.dir/_deps/wamr_ext-src/core/shared/platform/linux/platform_init.c.o
[  2%] Building CXX object _deps/abseil-build/absl/random/CMakeFiles/absl_random_internal_platform.dir/internal/randen_round_keys.cc.o
[  2%] Building CXX object _deps/abseil-build/absl/time/CMakeFiles/absl_civil_time.dir/internal/cctz/src/civil_time_detail.cc.o
[  3%] Building CXX object _deps/abseil-build/absl/log/CMakeFiles/absl_log_internal_nullguard.dir/internal/nullguard.cc.o
[  3%] Building C object _deps/wamr_ext-build/CMakeFiles/vmlib.dir/core/shared/platform/common/posix/posix_blocking_op.c.o
[  3%] Linking CXX static library libabsl_flags_commandlineflag_internal.a
[  4%] Linking CXX static library libabsl_leak_check.a
[  4%] Linking CXX static library libabsl_utf8_for_code_point.a
[  4%] Linking CXX static library libabsl_random_internal_platform.a
[  4%] Building C object CMakeFiles/wamrlib.dir/_deps/wamr_ext-src/core/shared/platform/common/posix/posix_blocking_op.c.o
[  4%] Built target absl_flags_commandlineflag_internal
[  4%] Linking CXX static library libabsl_spinlock_wait.a
[  4%] Built target absl_leak_check
[  4%] Building C object CMakeFiles/wamrlib.dir/_deps/wamr_ext-src/core/shared/platform/common/posix/posix_clock.c.o
[  5%] Building C object _deps/wamr_ext-build/CMakeFiles/vmlib.dir/core/shared/platform/common/posix/posix_clock.c.o
[  5%] Linking CXX static library libabsl_log_internal_nullguard.a
[  5%] Building C object _deps/wamr_ext-build/CMakeFiles/vmlib.dir/core/shared/platform/common/posix/posix_file.c.o
[  5%] Built target absl_utf8_for_code_point
[  5%] Building CXX object _deps/protobuf-build/CMakeFiles/libprotobuf-lite.dir/__/src/google/protobuf/any_lite.cc.o
[  5%] Built target absl_random_internal_platform
[  5%] Building CXX object _deps/protobuf-build/CMakeFiles/libprotobuf-lite.dir/__/src/google/protobuf/arena.cc.o
[  5%] Building CXX object _deps/protobuf-build/CMakeFiles/libprotobuf.dir/__/src/google/protobuf/arena.cc.o
[  5%] Built target absl_spinlock_wait
[  5%] Building C object _deps/wamr_ext-build/CMakeFiles/vmlib.dir/core/shared/platform/common/posix/posix_malloc.c.o
[  5%] Building CXX object _deps/abseil-build/absl/time/CMakeFiles/absl_time_zone.dir/internal/cctz/src/time_zone_format.cc.o
[  5%] Built target absl_log_internal_nullguard
[  5%] Linking CXX static library libabsl_exponential_biased.a
[  5%] Linking CXX static library libabsl_strerror.a
[  5%] Building C object _deps/wamr_ext-build/CMakeFiles/vmlib.dir/core/shared/platform/common/posix/posix_memmap.c.o
[  5%] Building C object CMakeFiles/wamrlib.dir/_deps/wamr_ext-src/core/shared/platform/common/posix/posix_file.c.o
[  5%] Building CXX object _deps/protobuf-build/CMakeFiles/libprotobuf-lite.dir/__/src/google/protobuf/arenastring.cc.o
[  5%] Linking CXX static library libabsl_log_severity.a
[  5%] Built target absl_exponential_biased
[  5%] Building CXX object _deps/protobuf-build/CMakeFiles/libprotobuf-lite.dir/__/src/google/protobuf/extension_set.cc.o
[  5%] Built target absl_strerror
[  5%] Building C object _deps/wamr_ext-build/CMakeFiles/vmlib.dir/core/shared/platform/common/posix/posix_sleep.c.o
[  6%] Building CXX object _deps/protobuf-build/CMakeFiles/libprotobuf-lite.dir/__/src/google/protobuf/generated_enum_util.cc.o
[  6%] Building CXX object _deps/protobuf-build/CMakeFiles/gmock.dir/__/third_party/googletest/googlemock/src/gmock-all.cc.o
[  6%] Building CXX object _deps/abseil-build/absl/time/CMakeFiles/absl_time_zone.dir/internal/cctz/src/time_zone_if.cc.o
[  6%] Built target absl_log_severity
[  6%] Building C object CMakeFiles/wamrlib.dir/_deps/wamr_ext-src/core/shared/platform/common/posix/posix_malloc.c.o
[  6%] Building CXX object _deps/protobuf-build/CMakeFiles/gmock.dir/__/third_party/googletest/googletest/src/gtest-all.cc.o
[  6%] Building C object _deps/wamr_ext-build/CMakeFiles/vmlib.dir/core/shared/platform/common/posix/posix_socket.c.o
[  7%] Building C object CMakeFiles/wamrlib.dir/_deps/wamr_ext-src/core/shared/platform/common/posix/posix_memmap.c.o
[  8%] Linking CXX static library libabsl_civil_time.a
[  8%] Building CXX object _deps/protobuf-build/CMakeFiles/libprotobuf-lite.dir/__/src/google/protobuf/generated_message_table_driven_lite.cc.o
[  8%] Building C object CMakeFiles/wamrlib.dir/_deps/wamr_ext-src/core/shared/platform/common/posix/posix_sleep.c.o
[  8%] Built target absl_civil_time
[  8%] Building CXX object _deps/protobuf-build/CMakeFiles/libprotobuf-lite.dir/__/src/google/protobuf/generated_message_tctable_lite.cc.o
[  8%] Building C object CMakeFiles/wamrlib.dir/_deps/wamr_ext-src/core/shared/platform/common/posix/posix_socket.c.o
[  8%] Linking CXX static library libabsl_int128.a
[  8%] Building C object _deps/wamr_ext-build/CMakeFiles/vmlib.dir/core/shared/platform/common/posix/posix_thread.c.o
[  8%] Building CXX object _deps/protobuf-build/CMakeFiles/libprotobuf.dir/__/src/google/protobuf/arenastring.cc.o
[  8%] Building C object CMakeFiles/wamrlib.dir/_deps/wamr_ext-src/core/shared/platform/common/posix/posix_thread.c.o
[  8%] Built target absl_int128
[  8%] Building CXX object _deps/protobuf-build/CMakeFiles/libprotobuf.dir/__/src/google/protobuf/extension_set.cc.o
[  9%] Building C object _deps/wamr_ext-build/CMakeFiles/vmlib.dir/core/shared/platform/common/posix/posix_time.c.o
[  9%] Building CXX object _deps/protobuf-build/CMakeFiles/libprotobuf.dir/__/src/google/protobuf/generated_enum_util.cc.o
[  9%] Building CXX object _deps/abseil-build/absl/debugging/CMakeFiles/absl_decode_rust_punycode.dir/internal/decode_rust_punycode.cc.o
[ 10%] Building CXX object _deps/protobuf-build/CMakeFiles/libprotobuf.dir/__/src/google/protobuf/generated_message_table_driven_lite.cc.o
[ 10%] Building C object CMakeFiles/wamrlib.dir/_deps/wamr_ext-src/core/shared/platform/common/posix/posix_time.c.o
[ 10%] Building C object _deps/wamr_ext-build/CMakeFiles/vmlib.dir/core/shared/platform/common/libc-util/libc_errno.c.o
[ 10%] Building C object _deps/wamr_ext-build/CMakeFiles/vmlib.dir/core/shared/mem-alloc/ems/ems_alloc.c.o
[ 10%] Building C object _deps/wamr_ext-build/CMakeFiles/vmlib.dir/core/shared/mem-alloc/ems/ems_gc.c.o
[ 10%] Building CXX object _deps/abseil-build/absl/time/CMakeFiles/absl_time_zone.dir/internal/cctz/src/time_zone_impl.cc.o
[ 10%] Building C object _deps/wamr_ext-build/CMakeFiles/vmlib.dir/core/shared/mem-alloc/ems/ems_hmu.c.o
[ 10%] Building C object CMakeFiles/wamrlib.dir/_deps/wamr_ext-src/core/shared/platform/common/libc-util/libc_errno.c.o
[ 10%] Building C object CMakeFiles/wamrlib.dir/_deps/wamr_ext-src/core/shared/mem-alloc/ems/ems_alloc.c.o
[ 10%] Building C object CMakeFiles/wamrlib.dir/_deps/wamr_ext-src/core/shared/mem-alloc/ems/ems_gc.c.o
[ 11%] Building CXX object _deps/abseil-build/absl/time/CMakeFiles/absl_time_zone.dir/internal/cctz/src/time_zone_info.cc.o
[ 11%] Building C object _deps/wamr_ext-build/CMakeFiles/vmlib.dir/core/shared/mem-alloc/ems/ems_kfc.c.o
[ 11%] Building CXX object _deps/protobuf-build/CMakeFiles/libprotobuf.dir/__/src/google/protobuf/generated_message_tctable_lite.cc.o
[ 11%] Linking CXX static library libabsl_decode_rust_punycode.a
[ 12%] Building C object CMakeFiles/wamrlib.dir/_deps/wamr_ext-src/core/shared/mem-alloc/ems/ems_hmu.c.o
[ 12%] Building CXX object _deps/abseil-build/absl/profiling/CMakeFiles/absl_periodic_sampler.dir/internal/periodic_sampler.cc.o
[ 12%] Built target absl_decode_rust_punycode
[ 12%] Building C object CMakeFiles/wamrlib.dir/_deps/wamr_ext-src/core/shared/mem-alloc/ems/ems_kfc.c.o
In file included from /home/eb/fyp/helloworld/build/_deps/protobuf-src/src/google/protobuf/generated_message_tctable_lite.cc:36:
/home/eb/fyp/helloworld/build/_deps/protobuf-src/src/google/protobuf/generated_message_tctable_impl.h:103:1: warning: function declared 'noreturn' should not return [-Winvalid-noreturn]
  103 | }
      | ^
/home/eb/fyp/helloworld/build/_deps/protobuf-src/src/google/protobuf/generated_message_tctable_lite.cc:49:15: note: in instantiation of function template specialization 'google::protobuf::internal::AlignFail<4UL>' requested here
   49 | template void AlignFail<4>(uintptr_t);
      |               ^
In file included from /home/eb/fyp/helloworld/build/_deps/protobuf-src/src/google/protobuf/generated_message_tctable_lite.cc:36:
/home/eb/fyp/helloworld/build/_deps/protobuf-src/src/google/protobuf/generated_message_tctable_impl.h:103:1: warning: function declared 'noreturn' should not return [-Winvalid-noreturn]
  103 | }
      | ^
/home/eb/fyp/helloworld/build/_deps/protobuf-src/src/google/protobuf/generated_message_tctable_lite.cc:50:15: note: in instantiation of function template specialization 'google::protobuf::internal::AlignFail<8UL>' requested here
   50 | template void AlignFail<8>(uintptr_t);
      |               ^
[ 12%] Building C object _deps/wamr_ext-build/CMakeFiles/vmlib.dir/core/shared/mem-alloc/mem_alloc.c.o
[ 12%] Building C object _deps/wamr_ext-build/CMakeFiles/vmlib.dir/core/shared/utils/bh_assert.c.o
[ 12%] Linking CXX static library libabsl_periodic_sampler.a
In file included from /home/eb/fyp/helloworld/build/_deps/protobuf-src/src/google/protobuf/generated_message_tctable_lite.cc:36:
/home/eb/fyp/helloworld/build/_deps/protobuf-src/src/google/protobuf/generated_message_tctable_impl.h:103:1: warning: function declared 'noreturn' should not return [-Winvalid-noreturn]
  103 | }
      | ^
/home/eb/fyp/helloworld/build/_deps/protobuf-src/src/google/protobuf/generated_message_tctable_impl.h:216:7: note: in instantiation of function template specialization 'google::protobuf::internal::AlignFail<1UL>' requested here
  216 |       AlignFail<alignof(T)>(reinterpret_cast<uintptr_t>(target));
      |       ^
/home/eb/fyp/helloworld/build/_deps/protobuf-src/src/google/protobuf/generated_message_tctable_lite.cc:311:3: note: in instantiation of function template specialization 'google::protobuf::internal::TcParser::RefAt<bool>' requested here
  311 |   RefAt<FieldType>(msg, data.offset()) =
      |   ^
[ 12%] Building CXX object _deps/protobuf-build/CMakeFiles/libprotobuf-lite.dir/__/src/google/protobuf/generated_message_util.cc.o
[ 12%] Built target absl_periodic_sampler
[ 12%] Building C object CMakeFiles/wamrlib.dir/_deps/wamr_ext-src/core/shared/mem-alloc/mem_alloc.c.o
[ 12%] Building CXX object _deps/protobuf-build/CMakeFiles/libprotobuf-lite.dir/__/src/google/protobuf/implicit_weak_message.cc.o
[ 12%] Building CXX object _deps/protobuf-build/CMakeFiles/libprotobuf-lite.dir/__/src/google/protobuf/inlined_string_field.cc.o
[ 12%] Building CXX object _deps/protobuf-build/CMakeFiles/libprotobuf-lite.dir/__/src/google/protobuf/io/coded_stream.cc.o
[ 13%] Building C object _deps/wamr_ext-build/CMakeFiles/vmlib.dir/core/shared/utils/bh_bitmap.c.o
[ 13%] Building CXX object _deps/abseil-build/absl/random/CMakeFiles/absl_random_internal_randen_slow.dir/internal/randen_slow.cc.o
3 warnings generated.
[ 13%] Building C object CMakeFiles/wamrlib.dir/_deps/wamr_ext-src/core/shared/utils/bh_assert.c.o
[ 13%] Building CXX object _deps/abseil-build/absl/random/CMakeFiles/absl_random_internal_randen_hwaes_impl.dir/internal/randen_hwaes.cc.o
[ 13%] Building C object _deps/wamr_ext-build/CMakeFiles/vmlib.dir/core/shared/utils/bh_common.c.o
[ 13%] Building C object CMakeFiles/wamrlib.dir/_deps/wamr_ext-src/core/shared/utils/bh_bitmap.c.o
[ 14%] Building CXX object _deps/protobuf-build/CMakeFiles/libprotobuf-lite.dir/__/src/google/protobuf/io/io_win32.cc.o
[ 14%] Building CXX object _deps/protobuf-build/CMakeFiles/libprotobuf-lite.dir/__/src/google/protobuf/io/strtod.cc.o
[ 14%] Building C object CMakeFiles/wamrlib.dir/_deps/wamr_ext-src/core/shared/utils/bh_common.c.o
[ 14%] Building C object CMakeFiles/wamrlib.dir/_deps/wamr_ext-src/core/shared/utils/bh_hashmap.c.o
[ 14%] Building C object _deps/wamr_ext-build/CMakeFiles/vmlib.dir/core/shared/utils/bh_hashmap.c.o
[ 14%] Building CXX object _deps/protobuf-build/CMakeFiles/libprotobuf.dir/__/src/google/protobuf/generated_message_util.cc.o
[ 14%] Building C object _deps/wamr_ext-build/CMakeFiles/vmlib.dir/core/shared/utils/bh_leb128.c.o
In file included from /home/eb/fyp/helloworld/build/_deps/protobuf-src/src/google/protobuf/generated_message_tctable_lite.cc:36:
/home/eb/fyp/helloworld/build/_deps/protobuf-src/src/google/protobuf/generated_message_tctable_impl.h:103:1: warning: function declared 'noreturn' should not return [-Winvalid-noreturn]
  103 | }
      | ^
/home/eb/fyp/helloworld/build/_deps/protobuf-src/src/google/protobuf/generated_message_tctable_lite.cc:49:15: note: in instantiation of function template specialization 'google::protobuf::internal::AlignFail<4UL>' requested here
   49 | template void AlignFail<4>(uintptr_t);
      |               ^
In file included from /home/eb/fyp/helloworld/build/_deps/protobuf-src/src/google/protobuf/generated_message_tctable_lite.cc:36:
/home/eb/fyp/helloworld/build/_deps/protobuf-src/src/google/protobuf/generated_message_tctable_impl.h:103:1: warning: function declared 'noreturn' should not return [-Winvalid-noreturn]
  103 | }
      | ^
/home/eb/fyp/helloworld/build/_deps/protobuf-src/src/google/protobuf/generated_message_tctable_lite.cc:50:15: note: in instantiation of function template specialization 'google::protobuf::internal::AlignFail<8UL>' requested here
   50 | template void AlignFail<8>(uintptr_t);
      |               ^
[ 14%] Building CXX object _deps/protobuf-build/CMakeFiles/libprotobuf.dir/__/src/google/protobuf/implicit_weak_message.cc.o
[ 14%] Building CXX object _deps/abseil-build/absl/time/CMakeFiles/absl_time_zone.dir/internal/cctz/src/time_zone_libc.cc.o
[ 14%] Building C object CMakeFiles/wamrlib.dir/_deps/wamr_ext-src/core/shared/utils/bh_leb128.c.o
[ 14%] Building C object _deps/wamr_ext-build/CMakeFiles/vmlib.dir/core/shared/utils/bh_list.c.o
In file included from /home/eb/fyp/helloworld/build/_deps/protobuf-src/src/google/protobuf/generated_message_tctable_lite.cc:36:
/home/eb/fyp/helloworld/build/_deps/protobuf-src/src/google/protobuf/generated_message_tctable_impl.h:103[ 15%] Building C object CMakeFiles/wamrlib.dir/_deps/wamr_ext-src/core/shared/utils/bh_list.c.o
:1: warning: function declared 'noreturn' should not return [-Winvalid-noreturn]
  103 | }
      | ^
/home/eb/fyp/helloworld/build/_deps/protobuf-src/src/google/protobuf/generated_message_tctable_impl.h:216:7: note: in instantiation of function template specialization 'google::protobuf::internal::AlignFail<1UL>' requested here
  216 |       AlignFail<alignof(T)>(reinterpret_cast<uintptr_t>(target));
      |       ^
/home/eb/fyp/helloworld/build/_deps/protobuf-src/src/google/protobuf/generated_message_tctable_lite.cc:311:3: note: in instantiation of function template specialization 'google::protobuf::internal::TcParser::RefAt<bool>' requested here
  311 |   RefAt<FieldType>(msg, data.offset()) =
      |   ^
[ 15%] Building C object CMakeFiles/wamrlib.dir/_deps/wamr_ext-src/core/shared/utils/bh_log.c.o
[ 15%] Building CXX object _deps/abseil-build/absl/time/CMakeFiles/absl_time_zone.dir/internal/cctz/src/time_zone_lookup.cc.o
[ 15%] Building CXX object _deps/protobuf-build/CMakeFiles/libprotobuf-lite.dir/__/src/google/protobuf/io/zero_copy_stream.cc.o
[ 15%] Building C object _deps/wamr_ext-build/CMakeFiles/vmlib.dir/core/shared/utils/bh_log.c.o
[ 15%] Building C object CMakeFiles/wamrlib.dir/_deps/wamr_ext-src/core/shared/utils/bh_queue.c.o
3 warnings generated.
[ 15%] Building CXX object _deps/abseil-build/absl/time/CMakeFiles/absl_time_zone.dir/internal/cctz/src/time_zone_posix.cc.o
[ 15%] Building CXX object _deps/protobuf-build/CMakeFiles/libprotobuf-lite.dir/__/src/google/protobuf/io/zero_copy_stream_impl.cc.o
[ 15%] Building CXX object _deps/abseil-build/absl/time/CMakeFiles/absl_time_zone.dir/internal/cctz/src/zone_info_source.cc.o
[ 15%] Building C object CMakeFiles/wamrlib.dir/_deps/wamr_ext-src/core/shared/utils/bh_vector.c.o
[ 15%] Building C object _deps/wamr_ext-build/CMakeFiles/vmlib.dir/core/shared/utils/bh_queue.c.o
[ 15%] Linking CXX static library libabsl_random_internal_randen_slow.a
[ 15%] Building CXX object _deps/protobuf-build/CMakeFiles/libprotobuf-lite.dir/__/src/google/protobuf/io/zero_copy_stream_impl_lite.cc.o
[ 15%] Building CXX object _deps/protobuf-build/CMakeFiles/libprotobuf.dir/__/src/google/protobuf/inlined_string_field.cc.o
[ 15%] Building C object CMakeFiles/wamrlib.dir/_deps/wamr_ext-src/core/shared/utils/runtime_timer.c.o
[ 15%] Building C object _deps/wamr_ext-build/CMakeFiles/vmlib.dir/core/shared/utils/bh_vector.c.o
[ 15%] Building CXX object _deps/protobuf-build/CMakeFiles/libprotobuf.dir/__/src/google/protobuf/io/coded_stream.cc.o
[ 16%] Building C object _deps/wamr_ext-build/CMakeFiles/vmlib.dir/core/shared/utils/runtime_timer.c.o
[ 16%] Built target absl_random_internal_randen_slow
[ 16%] Building CXX object _deps/protobuf-build/CMakeFiles/libprotobuf-lite.dir/__/src/google/protobuf/map.cc.o
[ 16%] Building C object CMakeFiles/wamrlib.dir/_deps/wamr_ext-src/core/iwasm/libraries/libc-builtin/libc_builtin_wrapper.c.o
[ 16%] Building C object _deps/wamr_ext-build/CMakeFiles/vmlib.dir/core/iwasm/libraries/libc-builtin/libc_builtin_wrapper.c.o
[ 16%] Building C object CMakeFiles/wamrlib.dir/_deps/wamr_ext-src/core/iwasm/libraries/libc-wasi/libc_wasi_wrapper.c.o
[ 16%] Linking CXX static library libabsl_random_internal_randen_hwaes_impl.a
[ 16%] Building CXX object _deps/protobuf-build/CMakeFiles/libprotobuf.dir/__/src/google/protobuf/io/io_win32.cc.o
[ 16%] Building C object _deps/wamr_ext-build/CMakeFiles/vmlib.dir/core/iwasm/libraries/libc-wasi/libc_wasi_wrapper.c.o
[ 16%] Building C object _deps/wamr_ext-build/CMakeFiles/vmlib.dir/core/iwasm/libraries/libc-wasi/sandboxed-system-primitives/src/blocking_op.c.o
[ 16%] Building CXX object _deps/abseil-build/absl/base/CMakeFiles/absl_raw_logging_internal.dir/internal/raw_logging.cc.o
[ 16%] Built target absl_random_internal_randen_hwaes_impl
[ 16%] Building CXX object _deps/protobuf-build/CMakeFiles/libprotobuf-lite.dir/__/src/google/protobuf/message_lite.cc.o
[ 16%] Building CXX object _deps/abseil-build/absl/debugging/CMakeFiles/absl_demangle_rust.dir/internal/demangle_rust.cc.o
[ 16%] Building C object _deps/wamr_ext-build/CMakeFiles/vmlib.dir/core/iwasm/libraries/libc-wasi/sandboxed-system-primitives/src/posix.c.o
[ 16%] Building CXX object _deps/protobuf-build/CMakeFiles/libprotobuf.dir/__/src/google/protobuf/io/strtod.cc.o
[ 17%] Building C object CMakeFiles/wamrlib.dir/_deps/wamr_ext-src/core/iwasm/libraries/libc-wasi/sandboxed-system-primitives/src/blocking_op.c.o
[ 18%] Building CXX object _deps/protobuf-build/CMakeFiles/libprotobuf.dir/__/src/google/protobuf/io/zero_copy_stream.cc.o
[ 18%] Building C object CMakeFiles/wamrlib.dir/_deps/wamr_ext-src/core/iwasm/libraries/libc-wasi/sandboxed-system-primitives/src/posix.c.o
[ 18%] Building CXX object _deps/protobuf-build/CMakeFiles/libprotobuf-lite.dir/__/src/google/protobuf/parse_context.cc.o
[ 18%] Linking CXX static library libabsl_time_zone.a
[ 18%] Linking CXX static library libgmock.a
[ 18%] Building C object CMakeFiles/wamrlib.dir/_deps/wamr_ext-src/core/iwasm/libraries/libc-wasi/sandboxed-system-primitives/src/random.c.o
[ 18%] Building CXX object _deps/protobuf-build/CMakeFiles/libprotobuf.dir/__/src/google/protobuf/io/zero_copy_stream_impl.cc.o
[ 18%] Built target absl_time_zone
[ 18%] Building C object CMakeFiles/wamrlib.dir/_deps/wamr_ext-src/core/iwasm/libraries/libc-wasi/sandboxed-system-primitives/src/str.c.o
[ 18%] Built target gmock
[ 18%] Building CXX object _deps/protobuf-build/CMakeFiles/libprotobuf.dir/__/src/google/protobuf/io/zero_copy_stream_impl_lite.cc.o
[ 18%] Building CXX object _deps/protobuf-build/CMakeFiles/libprotobuf.dir/__/src/google/protobuf/map.cc.o
[ 18%] Building C object _deps/wamr_ext-build/CMakeFiles/vmlib.dir/core/iwasm/libraries/libc-wasi/sandboxed-system-primitives/src/random.c.o
[ 18%] Building C object CMakeFiles/wamrlib.dir/_deps/wamr_ext-src/core/iwasm/common/wasm_application.c.o
[ 18%] Linking CXX static library libabsl_raw_logging_internal.a
[ 19%] Building CXX object _deps/protobuf-build/CMakeFiles/gmock_main.dir/__/third_party/googletest/googlemock/src/gmock_main.cc.o
[ 19%] Linking CXX static library libabsl_demangle_rust.a
[ 20%] Building CXX object _deps/protobuf-build/CMakeFiles/libprotobuf-lite.dir/__/src/google/protobuf/repeated_field.cc.o
[ 20%] Building CXX object _deps/protobuf-build/CMakeFiles/libprotobuf.dir/__/src/google/protobuf/message_lite.cc.o
[ 20%] Built target absl_raw_logging_internal
[ 20%] Building C object CMakeFiles/wamrlib.dir/_deps/wamr_ext-src/core/iwasm/common/wasm_blocking_op.c.o
[ 20%] Building C object _deps/wamr_ext-build/CMakeFiles/vmlib.dir/core/iwasm/libraries/libc-wasi/sandboxed-system-primitives/src/str.c.o
[ 20%] Built target absl_demangle_rust
[ 20%] Building C object CMakeFiles/wamrlib.dir/_deps/wamr_ext-src/core/iwasm/common/wasm_c_api.c.o
[ 20%] Building CXX object _deps/protobuf-build/CMakeFiles/libprotobuf-lite.dir/__/src/google/protobuf/repeated_ptr_field.cc.o
[ 20%] Building CXX object _deps/abseil-build/absl/base/CMakeFiles/absl_base.dir/internal/cycleclock.cc.o
[ 21%] Building C object _deps/wamr_ext-build/CMakeFiles/vmlib.dir/core/iwasm/common/wasm_application.c.o
[ 21%] Building CXX object _deps/abseil-build/absl/base/CMakeFiles/absl_throw_delegate.dir/internal/throw_delegate.cc.o
[ 21%] Building CXX object _deps/protobuf-build/CMakeFiles/libprotobuf-lite.dir/__/src/google/protobuf/stubs/bytestream.cc.o
[ 21%] Building CXX object _deps/protobuf-build/CMakeFiles/libprotobuf.dir/__/src/google/protobuf/parse_context.cc.o
In file included from /home/eb/fyp/helloworld/build/_deps/wamr_ext-src/core/iwasm/common/wasm_c_api.c:7:
In file included from /home/eb/fyp/helloworld/build/_deps/wamr_ext-src/core/iwasm/common/wasm_c_api_internal.h:10:
In file included from /home/eb/fyp/helloworld/build/_deps/wamr_ext-src/core/iwasm/common/wasm_runtime_common.h:12:
In file included from /home/eb/fyp/helloworld/build/_deps/wamr_ext-src/core/iwasm/common/wasm_native.h:10:
/home/eb/fyp/helloworld/build/_deps/wamr_ext-src/core/iwasm/common/../include/wasm_export.h:142:23: warning: redefinition of typedef 'wasm_frame_t' is a C11 feature [-Wtypedef-redefinition]
  142 | typedef WASMCApiFrame wasm_frame_t;
      |                       ^
/home/eb/fyp/helloworld/build/_deps/wamr_ext-src/core/iwasm/common/../include/wasm_c_api.h:488:1: note: previous definition is here
  488 | WASM_DECLARE_OWN(frame)
      | ^
/home/eb/fyp/helloworld/build/_deps/wamr_ext-src/core/iwasm/common/../include/wasm_c_api.h:91:34: note: expanded from macro 'WASM_DECLARE_OWN'
   91 |   typedef struct wasm_##name##_t wasm_##name##_t; \
      |                                  ^
<scratch space>:36:1: note: expanded from here
   36 | wasm_frame_t
      | ^
[ 22%] Building CXX object _deps/abseil-build/absl/base/CMakeFiles/absl_base.dir/internal/spinlock.cc.o
[ 22%] Building C object CMakeFiles/wamrlib.dir/_deps/wamr_ext-src/core/iwasm/common/wasm_exec_env.c.o
[ 22%] Building CXX object _deps/protobuf-build/CMakeFiles/libprotobuf.dir/__/src/google/protobuf/repeated_field.cc.o
[ 22%] Building C object _deps/wamr_ext-build/CMakeFiles/vmlib.dir/core/iwasm/common/wasm_blocking_op.c.o
1 warning generated.
[ 22%] Building C object _deps/wamr_ext-build/CMakeFiles/vmlib.dir/core/iwasm/common/wasm_c_api.c.o
[ 23%] Building C object CMakeFiles/wamrlib.dir/_deps/wamr_ext-src/core/iwasm/common/wasm_loader_common.c.o
[ 23%] Building C object CMakeFiles/wamrlib.dir/_deps/wamr_ext-src/core/iwasm/common/wasm_memory.c.o
In file included from /home/eb/fyp/helloworld/build/_deps/wamr_ext-src/core/iwasm/common/wasm_c_api.c:7:
In file included from /home/eb/fyp/helloworld/build/_deps/wamr_ext-src/core/iwasm/common/wasm_c_api_internal.h:10:
In file included from /home/eb/fyp/helloworld/build/_deps/wamr_ext-src/core/iwasm/common/wasm_runtime_common.h:12:
In file included from /home/eb/fyp/helloworld/build/_deps/wamr_ext-src/core/iwasm/common/wasm_native.h:10:
/home/eb/fyp/helloworld/build/_deps/wamr_ext-src/core/iwasm/common/../include/wasm_export.h:142:23: warning: redefinition of typedef 'wasm_frame_t' is a C11 feature [-Wtypedef-redefinition]
  142 | typedef WASMCApiFrame wasm_frame_t;
      |                       ^
/home/eb/fyp/helloworld/build/_deps/wamr_ext-src/core/iwasm/common/../include/wasm_c_api.h:488:1: note: previous definition is here
  488 | WASM_DECLARE_OWN(frame)
      | ^
/home/eb/fyp/helloworld/build/_deps/wamr_ext-src/core/iwasm/common/../include/wasm_c_api.h:91:34: note: expanded from macro 'WASM_DECLARE_OWN'
   91 |   typedef struct wasm_##name##_t wasm_##name##_t; \
      |                                  ^
<scratch space>:36:1: note: expanded from here
   36 | wasm_frame_t
      | ^
[ 23%] Building C object CMakeFiles/wamrlib.dir/_deps/wamr_ext-src/core/iwasm/common/wasm_native.c.o
[ 23%] Building CXX object _deps/abseil-build/absl/base/CMakeFiles/absl_base.dir/internal/sysinfo.cc.o
[ 23%] Building CXX object _deps/abseil-build/absl/base/CMakeFiles/absl_base.dir/internal/thread_identity.cc.o
[ 24%] Building CXX object _deps/abseil-build/absl/base/CMakeFiles/absl_scoped_set_env.dir/internal/scoped_set_env.cc.o
[ 24%] Building CXX object _deps/abseil-build/absl/debugging/CMakeFiles/absl_debugging_internal.dir/internal/address_is_readable.cc.o
[ 25%] Building CXX object _deps/abseil-build/absl/debugging/CMakeFiles/absl_demangle_internal.dir/internal/demangle.cc.o
[ 25%] Building C object CMakeFiles/wamrlib.dir/_deps/wamr_ext-src/core/iwasm/common/wasm_runtime_common.c.o
[ 25%] Building CXX object _deps/protobuf-build/CMakeFiles/libprotobuf.dir/__/src/google/protobuf/repeated_ptr_field.cc.o
[ 25%] Linking CXX static library libabsl_throw_delegate.a
[ 25%] Building CXX object _deps/abseil-build/absl/base/CMakeFiles/absl_base.dir/internal/unscaledcycleclock.cc.o
[ 25%] Building C object _deps/wamr_ext-build/CMakeFiles/vmlib.dir/core/iwasm/common/wasm_exec_env.c.o
In file included from /home/eb/fyp/helloworld/build/_deps/wamr_ext-src/core/iwasm/common/wasm_runtime_common.c:40:
In file included from /home/eb/fyp/helloworld/build/_deps/wamr_ext-src/core/iwasm/common/../common/wasm_c_api_internal.h:9:
/home/eb/fyp/helloworld/build/_deps/wamr_ext-src/core/iwasm/common/../common/../include/wasm_c_api.h:488:1: warning: redefinition of typedef 'wasm_frame_t' is a C11 feature [-Wtypedef-redefinition]
  488 | WASM_DECLARE_OWN(frame)
      | ^
/home/eb/fyp/helloworld/build/_deps/wamr_ext-src/core/iwasm/common/../common/../include/wasm_c_api.h:91:34: note: expanded from macro 'WASM_DECLARE_OWN'
   91 |   typedef struct wasm_##name##_t wasm_##name##_t; \
      |                                  ^
<scratch space>:38:1: note: expanded from here
   38 | wasm_frame_t
      | ^
/home/eb/fyp/helloworld/build/_deps/wamr_ext-src/core/iwasm/common/../include/wasm_export.h:142:23: note: previous definition is here
  142 | typedef WASMCApiFrame wasm_frame_t;
      |                       ^
[ 25%] Built target absl_throw_delegate
[ 25%] Building CXX object _deps/abseil-build/absl/debugging/CMakeFiles/absl_debugging_internal.dir/internal/elf_mem_image.cc.o
[ 25%] Building CXX object _deps/protobuf-build/CMakeFiles/libprotobuf-lite.dir/__/src/google/protobuf/stubs/common.cc.o
[ 25%] Building C object _deps/wamr_ext-build/CMakeFiles/vmlib.dir/core/iwasm/common/wasm_loader_common.c.o
[ 26%] Building CXX object _deps/protobuf-build/CMakeFiles/libprotobuf.dir/__/src/google/protobuf/stubs/bytestream.cc.o
[ 26%] Linking CXX static library libabsl_scoped_set_env.a
1 warning generated.
[ 26%] Building C object CMakeFiles/wamrlib.dir/_deps/wamr_ext-src/core/iwasm/common/wasm_shared_memory.c.o
[ 26%] Building C object _deps/wamr_ext-build/CMakeFiles/vmlib.dir/core/iwasm/common/wasm_memory.c.o
[ 26%] Building CXX object _deps/abseil-build/absl/types/CMakeFiles/absl_bad_variant_access.dir/bad_variant_access.cc.o
[ 26%] Building C object _deps/wamr_ext-build/CMakeFiles/vmlib.dir/core/iwasm/common/wasm_native.c.o
[ 26%] Building ASM object CMakeFiles/wamrlib.dir/_deps/wamr_ext-src/core/iwasm/common/arch/invokeNative_em64.s.o
[ 26%] Built target absl_scoped_set_env
[ 26%] Linking CXX static library libgmock_main.a
[ 26%] Building C object _deps/wamr_ext-build/CMakeFiles/vmlib.dir/core/iwasm/common/wasm_runtime_common.c.o
clang: warning: argument unused during compilation: '-D BH_FREE=wasm_runtime_free' [-Wunused-command-line-argument]
clang: warning: argument unused during compilation: '-D BH_MALLOC=wasm_runtime_malloc' [-Wunused-command-line-argument]
clang: warning: argument unused during compilation: '-D BH_PLATFORM_LINUX' [-Wunused-command-line-argument]
clang: warning: argument unused during compilation: '-D BUILD_TARGET_X86_64' [-Wunused-command-line-argument]
clang: warning: argument unused during compilation: '-D WAMR_ENABLE_COPY_CALLSTACK=0' [-Wunused-command-line-argument]
clang: warning: argument unused during compilation: '-D WASM_DISABLE_HW_BOUND_CHECK=0' [-Wunused-command-line-argument]
clang: warning: argument unused during compilation: '-D WASM_DISABLE_STACK_HW_BOUND_CHECK=0' [-Wunused-command-line-argument]
clang: warning: argument unused during compilation: '-D WASM_DISABLE_WAKEUP_BLOCKING_OP=0' [-Wunused-command-line-argument]
clang: warning: argument unused during compilation: '-D WASM_DISABLE_WRITE_GS_BASE=0' [-Wunused-command-line-argument]
clang: warning: argument unused during compilation: '-D WASM_ENABLE_AOT_INTRINSICS=0' [-Wunused-command-line-argument]
clang: warning: argument unused during compilation: '-D WASM_ENABLE_BULK_MEMORY=1' [-Wunused-command-line-argument]
clang: warning: argument unused during compilation: '-D WASM_ENABLE_FAST_INTERP=0' [-Wunused-command-line-argument]
clang: warning: argument unused during compilation: '-D WASM_ENABLE_INTERP=1' [-Wunused-command-line-argument]
clang: warning: argument unused during compilation: '-D WASM_ENABLE_LIBC_BUILTIN=1' [-Wunused-command-line-argument]
clang: warning: argument unused during compilation: '-D WASM_ENABLE_LIBC_WASI=1' [-Wunused-command-line-argument]
clang: warning: argument unused during compilation: '-D WASM_ENABLE_MINI_LOADER=0' [-Wunused-command-line-argument]
clang: warning: argument unused during compilation: '-D WASM_ENABLE_MODULE_INST_CONTEXT=1' [-Wunused-command-line-argument]
clang: warning: argument unused during compilation: '-D WASM_ENABLE_MULTI_MODULE=0' [-Wunused-command-line-argument]
clang: warning: argument unused during compilation: '-D WASM_ENABLE_QUICK_AOT_ENTRY=0' [-Wunused-command-line-argument]
clang: warning: argument unused during compilation: '-D WASM_ENABLE_REF_TYPES=1' [-Wunused-command-line-argument]
clang: warning: argument unused during compilation: '-D WASM_ENABLE_SHARED_MEMORY=0' [-Wunused-command-line-argument]
clang: warning: argument unused during compilation: '-D WASM_ENABLE_SHRUNK_MEMORY=1' [-Wunused-command-line-argument]
clang: warning: argument unused during compilation: '-D WASM_GLOBAL_HEAP_SIZE=10485760' [-Wunused-command-line-argument]
clang: warning: argument unused during compilation: '-D WASM_HAVE_MREMAP=1' [-Wunused-command-line-argument]
clang: warning: argument unused during compilation: '-D _GNU_SOURCE' [-Wunused-command-line-argument]
[ 27%] Building C object _deps/wamr_ext-build/CMakeFiles/vmlib.dir/core/iwasm/common/wasm_shared_memory.c.o
[ 27%] Building C object CMakeFiles/wamrlib.dir/_deps/wamr_ext-src/core/iwasm/interpreter/wasm_interp_classic.c.o
[ 27%] Built target gmock_main
[ 27%] Linking CXX static library libabsl_demangle_internal.a
[ 27%] Building C object CMakeFiles/wamrlib.dir/_deps/wamr_ext-src/core/iwasm/interpreter/wasm_loader.c.o
[ 27%] Building CXX object _deps/protobuf-build/CMakeFiles/libprotobuf-lite.dir/__/src/google/protobuf/stubs/int128.cc.o
[ 27%] Building CXX object _deps/protobuf-build/CMakeFiles/libprotobuf-lite.dir/__/src/google/protobuf/stubs/status.cc.o
[ 27%] Built target absl_demangle_internal
In file included from /home/eb/fyp/helloworld/build/_deps/wamr_ext-src/core/iwasm/common/wasm_runtime_common.c:40:
In file included from /home/eb/fyp/helloworld/build/_deps/wamr_ext-src/core/iwasm/common/../common/wasm_c_api_internal.h:9:
/home/eb/fyp/helloworld/build/_deps/wamr_ext-src/core/iwasm/common/../common/../include/wasm_c_api.h:488:1: warning: redefinition of typedef 'wasm_frame_t' is a C11 feature [-Wtypedef-redefinition]
  488 | WASM_DECLARE_OWN(frame)
      | ^
/home/eb/fyp/helloworld/build/_deps/wamr_ext-src/core/iwasm/common/../common/../include/wasm_c_api.h:91:34: note: expanded from macro 'WASM_DECLARE_OWN'
   91 |   typedef struct wasm_##name##_t wasm_##name##_t; \
      |                                  ^
<scratch space>:38:1: note: expanded from here
   38 | wasm_frame_t
      | ^
/home/eb/fyp/helloworld/build/_deps/wamr_ext-src/core/iwasm/common/../include/wasm_export.h:142:23: note: previous definition is here
  142 | typedef WASMCApiFrame wasm_frame_t;
      |                       ^
[ 27%] Linking CXX static library libabsl_base.a
[ 28%] Building C object CMakeFiles/wamrlib.dir/_deps/wamr_ext-src/core/iwasm/interpreter/wasm_runtime.c.o
[ 28%] Building CXX object _deps/abseil-build/absl/debugging/CMakeFiles/absl_debugging_internal.dir/internal/vdso_support.cc.o
[ 28%] Building CXX object _deps/protobuf-build/CMakeFiles/libprotobuf.dir/__/src/google/protobuf/stubs/common.cc.o
[ 28%] Built target absl_base
[ 28%] Building CXX object _deps/protobuf-build/CMakeFiles/libprotobuf-lite.dir/__/src/google/protobuf/stubs/statusor.cc.o
[ 28%] Linking CXX static library libabsl_bad_variant_access.a
[ 28%] Building CXX object _deps/protobuf-build/CMakeFiles/libprotobuf.dir/__/src/google/protobuf/stubs/int128.cc.o
[ 28%] Building CXX object _deps/protobuf-build/CMakeFiles/libprotobuf.dir/__/src/google/protobuf/stubs/status.cc.o
[ 28%] Building CXX object _deps/protobuf-build/CMakeFiles/libprotobuf.dir/__/src/google/protobuf/stubs/statusor.cc.o
[ 28%] Built target absl_bad_variant_access
[ 28%] Building ASM object _deps/wamr_ext-build/CMakeFiles/vmlib.dir/core/iwasm/common/arch/invokeNative_em64_simd.s.o
[ 28%] Building CXX object _deps/protobuf-build/CMakeFiles/libprotobuf-lite.dir/__/src/google/protobuf/stubs/stringpiece.cc.o
clang: warning: argument unused during compilation: '-D BH_FREE=wasm_runtime_free' [-Wunused-command-line-argument]
clang: warning: argument unused during compilation: '-D BH_MALLOC=wasm_runtime_malloc' [-Wunused-command-line-argument]
clang: warning: argument unused during compilation: '-D BH_PLATFORM_LINUX' [-Wunused-command-line-argument]
clang: warning: argument unused during compilation: '-D BUILD_TARGET_X86_64' [-Wunused-command-line-argument]
clang: warning: argument unused during compilation: '-D WAMR_ENABLE_COPY_CALLSTACK=0' [-Wunused-command-line-argument]
clang: warning: argument unused during compilation: '-D WASM_DISABLE_HW_BOUND_CHECK=0' [-Wunused-command-line-argument]
clang: warning: argument unused during compilation: '-D WASM_DISABLE_STACK_HW_BOUND_CHECK=0' [-Wunused-command-line-argument]
clang: warning: argument unused during compilation: '-D WASM_DISABLE_WAKEUP_BLOCKING_OP=0' [-Wunused-command-line-argument]
clang: warning: argument unused during compilation: '-D WASM_DISABLE_WRITE_GS_BASE=0' [-Wunused-command-line-argument]
clang: warning: argument unused during compilation: '-D WASM_ENABLE_AOT=1' [-Wunused-command-line-argument]
clang: warning: argument unused during compilation: '-D WASM_ENABLE_AOT_INTRINSICS=1' [-Wunused-command-line-argument]
clang: warning: argument unused during compilation: '-D WASM_ENABLE_BULK_MEMORY=1' [-Wunused-command-line-argument]
clang: warning: argument unused during compilation: '-D WASM_ENABLE_FAST_INTERP=1' [-Wunused-command-line-argument]
clang: warning: argument unused during compilation: '-D WASM_ENABLE_INTERP=1' [-Wunused-command-line-argument]
clang: warning: argument unused during compilation: '-D WASM_ENABLE_LIBC_BUILTIN=1' [-Wunused-command-line-argument]
clang: warning: argument unused during compilation: '-D WASM_ENABLE_LIBC_WASI=1' [-Wunused-command-line-argument]
clang: warning: argument unused during compilation: '-D WASM_ENABLE_MINI_LOADER=0' [-Wunused-command-line-argument]
clang: warning: argument unused during compilation: '-D WASM_ENABLE_MODULE_INST_CONTEXT=1' [-Wunused-command-line-argument]
clang: warning: argument unused during compilation: '-D WASM_ENABLE_MULTI_MODULE=0' [-Wunused-command-line-argument]
clang: warning: argument unused during compilation: '-D WASM_ENABLE_QUICK_AOT_ENTRY=1' [-Wunused-command-line-argument]
clang: warning: argument unused during compilation: '-D WASM_ENABLE_REF_TYPES=1' [-Wunused-command-line-argument]
clang: warning: argument unused during compilation: '-D WASM_ENABLE_SHARED_MEMORY=0' [-Wunused-command-line-argument]
clang: warning: argument unused during compilation: '-D WASM_ENABLE_SHRUNK_MEMORY=1' [-Wunused-command-line-argument]
clang: warning: argument unused during compilation: '-D WASM_ENABLE_SIMD=1' [-Wunused-command-line-argument]
clang: warning: argument unused during compilation: '-D WASM_ENABLE_SIMDE=1' [-Wunused-command-line-argument]
clang: warning: argument unused during compilation: '-D WASM_GLOBAL_HEAP_SIZE=10485760' [-Wunused-command-line-argument]
clang: warning: argument unused during compilation: '-D WASM_HAVE_MREMAP=1' [-Wunused-command-line-argument]
clang: warning: argument unused during compilation: '-D _GNU_SOURCE' [-Wunused-command-line-argument]
clang: warning: argument unused during compilation: '-D NDEBUG' [-Wunused-command-line-argument]
[ 28%] Building CXX object _deps/abseil-build/absl/types/CMakeFiles/absl_bad_optional_access.dir/bad_optional_access.cc.o
[ 28%] Building CXX object _deps/protobuf-build/CMakeFiles/libprotobuf.dir/__/src/google/protobuf/stubs/stringpiece.cc.o
[ 28%] Building C object _deps/wamr_ext-build/CMakeFiles/vmlib.dir/core/iwasm/interpreter/wasm_interp_fast.c.o
[ 28%] Linking C static library libwamrlib.a
[ 28%] Built target wamrlib
[ 28%] Building CXX object _deps/abseil-build/absl/hash/CMakeFiles/absl_city.dir/internal/city.cc.o
[ 28%] Building CXX object _deps/protobuf-build/CMakeFiles/libprotobuf.dir/__/src/google/protobuf/stubs/stringprintf.cc.o
[ 28%] Building C object _deps/wamr_ext-build/CMakeFiles/vmlib.dir/core/iwasm/interpreter/wasm_loader.c.o
1 warning generated.
[ 29%] Building CXX object _deps/protobuf-build/CMakeFiles/libprotobuf-lite.dir/__/src/google/protobuf/stubs/stringprintf.cc.o
[ 29%] Linking CXX static library libabsl_debugging_internal.a
[ 29%] Building CXX object _deps/abseil-build/absl/hash/CMakeFiles/absl_low_level_hash.dir/internal/low_level_hash.cc.o
[ 29%] Built target absl_debugging_internal
[ 30%] Building CXX object _deps/protobuf-build/CMakeFiles/libprotobuf.dir/__/src/google/protobuf/stubs/structurally_valid.cc.o
[ 30%] Building C object _deps/wamr_ext-build/CMakeFiles/vmlib.dir/core/iwasm/interpreter/wasm_runtime.c.o
[ 30%] Linking CXX static library libabsl_bad_optional_access.a
[ 30%] Building CXX object _deps/protobuf-build/CMakeFiles/libprotobuf.dir/__/src/google/protobuf/stubs/strutil.cc.o
[ 30%] Building CXX object _deps/protobuf-build/CMakeFiles/libprotobuf.dir/__/src/google/protobuf/stubs/time.cc.o
[ 30%] Built target absl_bad_optional_access
[ 30%] Building CXX object _deps/protobuf-build/CMakeFiles/libprotobuf-lite.dir/__/src/google/protobuf/stubs/structurally_valid.cc.o
1 warning generated.
[ 30%] Building CXX object _deps/protobuf-build/CMakeFiles/libprotobuf-lite.dir/__/src/google/protobuf/stubs/strutil.cc.o
[ 30%] Building CXX object _deps/abseil-build/absl/strings/CMakeFiles/absl_cordz_functions.dir/internal/cordz_functions.cc.o
[ 30%] Building CXX object _deps/abseil-build/absl/log/CMakeFiles/absl_log_internal_conditions.dir/internal/conditions.cc.o
[ 30%] Building C object _deps/wamr_ext-build/CMakeFiles/vmlib.dir/core/iwasm/aot/aot_intrinsic.c.o
[ 30%] Linking CXX static library libabsl_log_internal_conditions.a
[ 30%] Building CXX object _deps/protobuf-build/CMakeFiles/libprotobuf.dir/__/src/google/protobuf/wire_format_lite.cc.o
[ 30%] Building CXX object _deps/abseil-build/absl/random/CMakeFiles/absl_random_seed_gen_exception.dir/seed_gen_exception.cc.o
[ 30%] Built target absl_log_internal_conditions
[ 30%] Building CXX object _deps/abseil-build/absl/random/CMakeFiles/absl_random_internal_randen_hwaes.dir/internal/randen_detect.cc.o
[ 30%] Building C object _deps/wamr_ext-build/CMakeFiles/vmlib.dir/core/iwasm/aot/aot_loader.c.o
[ 30%] Building CXX object _deps/protobuf-build/CMakeFiles/libprotobuf-lite.dir/__/src/google/protobuf/stubs/time.cc.o
[ 30%] Building CXX object _deps/protobuf-build/CMakeFiles/libprotobuf.dir/__/src/google/protobuf/any.cc.o
[ 30%] Building CXX object _deps/abseil-build/absl/types/CMakeFiles/absl_bad_any_cast_impl.dir/bad_any_cast.cc.o
[ 30%] Linking CXX static library libabsl_city.a
[ 30%] Built target absl_city
[ 30%] Building C object _deps/wamr_ext-build/CMakeFiles/vmlib.dir/core/iwasm/aot/aot_runtime.c.o
[ 30%] Building CXX object _deps/protobuf-build/CMakeFiles/libprotobuf-lite.dir/__/src/google/protobuf/wire_format_lite.cc.o
[ 30%] Linking CXX static library libabsl_bad_any_cast_impl.a
[ 31%] Linking CXX static library libabsl_random_seed_gen_exception.a
[ 31%] Linking CXX static library libabsl_low_level_hash.a
[ 32%] Linking CXX static library libabsl_random_internal_randen_hwaes.a
[ 32%] Built target absl_bad_any_cast_impl
[ 32%] Building CXX object _deps/protobuf-build/CMakeFiles/libprotobuf.dir/__/src/google/protobuf/any.pb.cc.o
[ 32%] Linking CXX static library libabsl_cordz_functions.a
[ 32%] Built target absl_random_seed_gen_exception
[ 32%] Built target absl_low_level_hash
[ 32%] Building CXX object _deps/abseil-build/absl/base/CMakeFiles/absl_malloc_internal.dir/internal/low_level_alloc.cc.o
[ 33%] Building C object _deps/wamr_ext-build/CMakeFiles/vmlib.dir/core/iwasm/aot/arch/aot_reloc_x86_64.c.o
[ 33%] Building CXX object _deps/abseil-build/absl/base/CMakeFiles/absl_tracing_internal.dir/internal/tracing.cc.o
[ 33%] Building CXX object _deps/protobuf-build/CMakeFiles/libprotobuf.dir/__/src/google/protobuf/api.pb.cc.o
[ 33%] Building CXX object _deps/abseil-build/absl/debugging/CMakeFiles/absl_stacktrace.dir/stacktrace.cc.o
[ 33%] Built target absl_random_internal_randen_hwaes
[ 33%] Built target absl_cordz_functions
[ 33%] Building CXX object _deps/protobuf-build/CMakeFiles/libprotobuf.dir/__/src/google/protobuf/compiler/importer.cc.o
[ 33%] Linking CXX static library libabsl_tracing_internal.a
[ 33%] Building CXX object _deps/abseil-build/absl/strings/CMakeFiles/absl_strings_internal.dir/internal/ostringstream.cc.o
[ 33%] Built target absl_tracing_internal
[ 34%] Building CXX object _deps/protobuf-build/CMakeFiles/libprotobuf.dir/__/src/google/protobuf/compiler/parser.cc.o
[ 34%] Linking CXX static library libabsl_stacktrace.a
[ 35%] Building CXX object _deps/abseil-build/absl/strings/CMakeFiles/absl_strings_internal.dir/internal/utf8.cc.o
[ 35%] Building CXX object _deps/abseil-build/absl/strings/CMakeFiles/absl_string_view.dir/string_view.cc.o
[ 35%] Building CXX object _deps/protobuf-build/CMakeFiles/libprotobuf.dir/__/src/google/protobuf/descriptor.cc.o
[ 35%] Built target absl_stacktrace
[ 35%] Building CXX object _deps/abseil-build/absl/crc/CMakeFiles/absl_crc_cpu_detect.dir/internal/cpu_detect.cc.o
[ 35%] Building CXX object _deps/abseil-build/absl/random/CMakeFiles/absl_random_internal_randen.dir/internal/randen.cc.o
[ 35%] Building CXX object _deps/protobuf-build/CMakeFiles/libprotobuf.dir/__/src/google/protobuf/descriptor.pb.cc.o
[ 35%] Building CXX object _deps/protobuf-build/CMakeFiles/libprotobuf.dir/__/src/google/protobuf/descriptor_database.cc.o
[ 35%] Building CXX object _deps/abseil-build/absl/strings/CMakeFiles/absl_strings_internal.dir/internal/escaping.cc.o
[ 35%] Linking CXX static library libabsl_malloc_internal.a
[ 35%] Built target absl_malloc_internal
[ 35%] Linking CXX static library libabsl_crc_cpu_detect.a
[ 35%] Building CXX object _deps/protobuf-build/CMakeFiles/libprotobuf.dir/__/src/google/protobuf/duration.pb.cc.o
[ 35%] Linking CXX static library libprotobuf-lite.a
[ 35%] Built target absl_crc_cpu_detect
[ 35%] Linking CXX static library libabsl_random_internal_randen.a
[ 36%] Built target libprotobuf-lite
[ 36%] Building CXX object _deps/abseil-build/absl/base/CMakeFiles/absl_poison.dir/internal/poison.cc.o
[ 36%] Building CXX object _deps/protobuf-build/CMakeFiles/libprotobuf.dir/__/src/google/protobuf/dynamic_message.cc.o
[ 36%] Linking CXX static library libabsl_string_view.a
[ 36%] Built target absl_random_internal_randen
[ 36%] Building CXX object _deps/protobuf-build/CMakeFiles/libprotobuf.dir/__/src/google/protobuf/empty.pb.cc.o
[ 36%] Linking CXX static library libabsl_poison.a
[ 36%] Built target absl_string_view
[ 36%] Building CXX object _deps/abseil-build/absl/synchronization/CMakeFiles/absl_graphcycles_internal.dir/internal/graphcycles.cc.o
[ 36%] Building CXX object _deps/abseil-build/absl/crc/CMakeFiles/absl_crc_internal.dir/internal/crc.cc.o
[ 36%] Built target absl_poison
[ 36%] Building CXX object _deps/protobuf-build/CMakeFiles/libprotobuf.dir/__/src/google/protobuf/extension_set_heavy.cc.o
[ 37%] Building CXX object _deps/protobuf-build/CMakeFiles/libprotobuf.dir/__/src/google/protobuf/field_mask.pb.cc.o
[ 37%] Linking CXX static library libabsl_strings_internal.a
[ 37%] Built target absl_strings_internal
[ 37%] Building CXX object _deps/protobuf-build/CMakeFiles/libprotobuf.dir/__/src/google/protobuf/generated_message_bases.cc.o
[ 37%] Building CXX object _deps/protobuf-build/CMakeFiles/libprotobuf.dir/__/src/google/protobuf/generated_message_reflection.cc.o
[ 37%] Building CXX object _deps/abseil-build/absl/crc/CMakeFiles/absl_crc_internal.dir/internal/crc_x86_arm_combined.cc.o
[ 38%] Building CXX object _deps/abseil-build/absl/strings/CMakeFiles/absl_strings.dir/ascii.cc.o
[ 38%] Building CXX object _deps/abseil-build/absl/strings/CMakeFiles/absl_strings.dir/charconv.cc.o
[ 38%] Linking CXX static library libabsl_graphcycles_internal.a
[ 38%] Built target absl_graphcycles_internal
[ 38%] Building CXX object _deps/abseil-build/absl/strings/CMakeFiles/absl_strings.dir/escaping.cc.o
[ 38%] Building CXX object _deps/protobuf-build/CMakeFiles/libprotobuf.dir/__/src/google/protobuf/generated_message_table_driven.cc.o
[ 38%] Building CXX object _deps/protobuf-build/CMakeFiles/libprotobuf.dir/__/src/google/protobuf/generated_message_tctable_full.cc.o
[ 38%] Building CXX object _deps/protobuf-build/CMakeFiles/libprotobuf.dir/__/src/google/protobuf/io/gzip_stream.cc.o
[ 39%] Linking CXX static library libabsl_crc_internal.a
[ 39%] Building CXX object _deps/abseil-build/absl/strings/CMakeFiles/absl_strings.dir/internal/charconv_bigint.cc.o
[ 39%] Building CXX object _deps/abseil-build/absl/strings/CMakeFiles/absl_strings.dir/internal/charconv_parse.cc.o
[ 39%] Built target absl_crc_internal
[ 39%] Building CXX object _deps/protobuf-build/CMakeFiles/libprotobuf.dir/__/src/google/protobuf/io/printer.cc.o
[ 40%] Building CXX object _deps/protobuf-build/CMakeFiles/libprotobuf.dir/__/src/google/protobuf/io/tokenizer.cc.o
[ 40%] Building CXX object _deps/abseil-build/absl/strings/CMakeFiles/absl_strings.dir/internal/damerau_levenshtein_distance.cc.o
[ 40%] Building CXX object _deps/protobuf-build/CMakeFiles/libprotobuf.dir/__/src/google/protobuf/map_field.cc.o
[ 40%] Building CXX object _deps/protobuf-build/CMakeFiles/libprotobuf.dir/__/src/google/protobuf/message.cc.o
[ 40%] Building CXX object _deps/abseil-build/absl/strings/CMakeFiles/absl_strings.dir/internal/memutil.cc.o
[ 40%] Building CXX object _deps/abseil-build/absl/strings/CMakeFiles/absl_strings.dir/internal/stringify_sink.cc.o
[ 41%] Building CXX object _deps/abseil-build/absl/strings/CMakeFiles/absl_strings.dir/match.cc.o
[ 41%] Building CXX object _deps/abseil-build/absl/strings/CMakeFiles/absl_strings.dir/numbers.cc.o
[ 41%] Building CXX object _deps/protobuf-build/CMakeFiles/libprotobuf.dir/__/src/google/protobuf/reflection_ops.cc.o
[ 41%] Building CXX object _deps/abseil-build/absl/strings/CMakeFiles/absl_strings.dir/str_cat.cc.o
[ 41%] Building CXX object _deps/protobuf-build/CMakeFiles/libprotobuf.dir/__/src/google/protobuf/service.cc.o
[ 41%] Building CXX object _deps/protobuf-build/CMakeFiles/libprotobuf.dir/__/src/google/protobuf/source_context.pb.cc.o
[ 41%] Building CXX object _deps/protobuf-build/CMakeFiles/libprotobuf.dir/__/src/google/protobuf/struct.pb.cc.o
[ 41%] Building CXX object _deps/abseil-build/absl/strings/CMakeFiles/absl_strings.dir/str_replace.cc.o
[ 41%] Building CXX object _deps/abseil-build/absl/strings/CMakeFiles/absl_strings.dir/str_split.cc.o
[ 41%] Building CXX object _deps/protobuf-build/CMakeFiles/libprotobuf.dir/__/src/google/protobuf/stubs/substitute.cc.o
[ 42%] Building CXX object _deps/protobuf-build/CMakeFiles/libprotobuf.dir/__/src/google/protobuf/text_format.cc.o
[ 42%] Building CXX object _deps/protobuf-build/CMakeFiles/libprotobuf.dir/__/src/google/protobuf/timestamp.pb.cc.o
[ 42%] Building CXX object _deps/abseil-build/absl/strings/CMakeFiles/absl_strings.dir/substitute.cc.o
[ 42%] Linking C static library libiwasm.a
[ 42%] Built target vmlib
[ 42%] Building CXX object _deps/protobuf-build/CMakeFiles/libprotobuf.dir/__/src/google/protobuf/type.pb.cc.o
[ 42%] Building CXX object _deps/protobuf-build/CMakeFiles/libprotobuf.dir/__/src/google/protobuf/unknown_field_set.cc.o
[ 42%] Building CXX object _deps/protobuf-build/CMakeFiles/libprotobuf.dir/__/src/google/protobuf/util/delimited_message_util.cc.o
[ 42%] Building CXX object _deps/protobuf-build/CMakeFiles/libprotobuf.dir/__/src/google/protobuf/util/field_comparator.cc.o
[ 42%] Building CXX object _deps/protobuf-build/CMakeFiles/libprotobuf.dir/__/src/google/protobuf/util/field_mask_util.cc.o
[ 42%] Building CXX object _deps/protobuf-build/CMakeFiles/libprotobuf.dir/__/src/google/protobuf/util/internal/datapiece.cc.o
[ 43%] Building CXX object _deps/protobuf-build/CMakeFiles/libprotobuf.dir/__/src/google/protobuf/util/internal/default_value_objectwriter.cc.o
[ 43%] Building CXX object _deps/protobuf-build/CMakeFiles/libprotobuf.dir/__/src/google/protobuf/util/internal/error_listener.cc.o
[ 43%] Building CXX object _deps/protobuf-build/CMakeFiles/libprotobuf.dir/__/src/google/protobuf/util/internal/field_mask_utility.cc.o
[ 43%] Building CXX object _deps/protobuf-build/CMakeFiles/libprotobuf.dir/__/src/google/protobuf/util/internal/json_escaping.cc.o
[ 43%] Linking CXX static library libabsl_strings.a
[ 43%] Built target absl_strings
[ 43%] Building CXX object _deps/abseil-build/absl/debugging/CMakeFiles/absl_symbolize.dir/symbolize.cc.o
[ 43%] Building CXX object _deps/protobuf-build/CMakeFiles/libprotobuf.dir/__/src/google/protobuf/util/internal/json_objectwriter.cc.o
[ 43%] Building CXX object _deps/abseil-build/absl/time/CMakeFiles/absl_time.dir/civil_time.cc.o
[ 43%] Building CXX object _deps/abseil-build/absl/strings/CMakeFiles/absl_str_format_internal.dir/internal/str_format/arg.cc.o
[ 43%] Building CXX object _deps/abseil-build/absl/hash/CMakeFiles/absl_hash.dir/internal/hash.cc.o
[ 43%] Building CXX object _deps/abseil-build/absl/strings/CMakeFiles/absl_str_format_internal.dir/internal/str_format/bind.cc.o
[ 43%] Building CXX object _deps/abseil-build/absl/strings/CMakeFiles/absl_str_format_internal.dir/internal/str_format/extension.cc.o
[ 43%] Building CXX object _deps/abseil-build/absl/time/CMakeFiles/absl_time.dir/clock.cc.o
[ 43%] Building CXX object _deps/abseil-build/absl/strings/CMakeFiles/absl_str_format_internal.dir/internal/str_format/float_conversion.cc.o
[ 43%] Building CXX object _deps/abseil-build/absl/time/CMakeFiles/absl_time.dir/duration.cc.o
[ 44%] Building CXX object _deps/abseil-build/absl/time/CMakeFiles/absl_time.dir/format.cc.o
[ 44%] Building CXX object _deps/abseil-build/absl/flags/CMakeFiles/absl_flags_commandlineflag.dir/commandlineflag.cc.o
[ 44%] Building CXX object _deps/abseil-build/absl/log/CMakeFiles/absl_log_internal_proto.dir/internal/proto.cc.o
[ 44%] Linking CXX static library libabsl_symbolize.a
[ 44%] Built target absl_symbolize
[ 44%] Building CXX object _deps/abseil-build/absl/log/CMakeFiles/absl_log_internal_fnmatch.dir/internal/fnmatch.cc.o
[ 44%] Building CXX object _deps/abseil-build/absl/time/CMakeFiles/absl_time.dir/time.cc.o
[ 44%] Linking CXX static library libabsl_hash.a
[ 44%] Building CXX object _deps/abseil-build/absl/random/CMakeFiles/absl_random_distributions.dir/discrete_distribution.cc.o
[ 44%] Built target absl_hash
[ 44%] Building CXX object _deps/protobuf-build/CMakeFiles/libprotobuf.dir/__/src/google/protobuf/util/internal/json_stream_parser.cc.o
[ 44%] Building CXX object _deps/abseil-build/absl/random/CMakeFiles/absl_random_distributions.dir/gaussian_distribution.cc.o
[ 45%] Building CXX object _deps/abseil-build/absl/strings/CMakeFiles/absl_str_format_internal.dir/internal/str_format/output.cc.o
[ 45%] Building CXX object _deps/abseil-build/absl/strings/CMakeFiles/absl_str_format_internal.dir/internal/str_format/parser.cc.o
[ 45%] Linking CXX static library libabsl_log_internal_proto.a
[ 45%] Building CXX object _deps/abseil-build/absl/random/CMakeFiles/absl_random_internal_seed_material.dir/internal/seed_material.cc.o
[ 45%] Building CXX object _deps/protobuf-build/CMakeFiles/libprotobuf.dir/__/src/google/protobuf/util/internal/object_writer.cc.o
[ 45%] Building CXX object _deps/protobuf-build/CMakeFiles/libprotobuf.dir/__/src/google/protobuf/util/internal/protostream_objectsource.cc.o
[ 46%] Building CXX object _deps/protobuf-build/CMakeFiles/libprotobuf.dir/__/src/google/protobuf/util/internal/proto_writer.cc.o
[ 46%] Building CXX object _deps/protobuf-build/CMakeFiles/libprotobuf.dir/__/src/google/protobuf/util/internal/protostream_objectwriter.cc.o
[ 46%] Linking CXX static library libabsl_flags_commandlineflag.a
[ 46%] Built target absl_log_internal_proto
[ 46%] Building CXX object _deps/abseil-build/absl/debugging/CMakeFiles/absl_examine_stack.dir/internal/examine_stack.cc.o
[ 46%] Built target absl_flags_commandlineflag
[ 46%] Building CXX object _deps/abseil-build/absl/log/CMakeFiles/absl_log_internal_structured_proto.dir/internal/structured_proto.cc.o
[ 46%] Linking CXX static library libabsl_log_internal_fnmatch.a
[ 46%] Building CXX object _deps/protobuf-build/CMakeFiles/libprotobuf.dir/__/src/google/protobuf/util/internal/type_info.cc.o
[ 46%] Building CXX object _deps/protobuf-build/CMakeFiles/libprotobuf.dir/__/src/google/protobuf/util/internal/utility.cc.o
[ 46%] Built target absl_log_internal_fnmatch
[ 46%] Building CXX object _deps/abseil-build/absl/flags/CMakeFiles/absl_flags_private_handle_accessor.dir/internal/private_handle_accessor.cc.o
[ 46%] Linking CXX static library libabsl_time.a
[ 46%] Building CXX object _deps/protobuf-build/CMakeFiles/libprotobuf.dir/__/src/google/protobuf/util/json_util.cc.o
[ 46%] Building CXX object _deps/protobuf-build/CMakeFiles/libprotobuf.dir/__/src/google/protobuf/util/message_differencer.cc.o
[ 46%] Built target absl_time
[ 46%] Building CXX object _deps/protobuf-build/CMakeFiles/libprotobuf.dir/__/src/google/protobuf/util/time_util.cc.o
[ 46%] Building CXX object _deps/abseil-build/absl/synchronization/CMakeFiles/absl_kernel_timeout_internal.dir/internal/kernel_timeout.cc.o
[ 46%] Linking CXX static library libabsl_random_distributions.a
[ 46%] Built target absl_random_distributions
[ 46%] Linking CXX static library libabsl_examine_stack.a
[ 46%] Linking CXX static library libabsl_random_internal_seed_material.a
[ 47%] Building CXX object _deps/protobuf-build/CMakeFiles/libprotobuf.dir/__/src/google/protobuf/util/type_resolver_util.cc.o
[ 47%] Built target absl_examine_stack
[ 47%] Linking CXX static library libabsl_str_format_internal.a
[ 47%] Built target absl_random_internal_seed_material
[ 47%] Building CXX object _deps/abseil-build/absl/log/CMakeFiles/absl_log_entry.dir/log_entry.cc.o
[ 47%] Building CXX object _deps/abseil-build/absl/log/CMakeFiles/absl_log_internal_globals.dir/internal/globals.cc.o
[ 47%] Built target absl_str_format_internal
[ 47%] Building CXX object _deps/protobuf-build/CMakeFiles/libprotobuf.dir/__/src/google/protobuf/wire_format.cc.o
[ 47%] Linking CXX static library libabsl_flags_private_handle_accessor.a
[ 47%] Linking CXX static library libabsl_log_internal_structured_proto.a
[ 47%] Built target absl_flags_private_handle_accessor
[ 47%] Building CXX object _deps/abseil-build/absl/random/CMakeFiles/absl_random_internal_pool_urbg.dir/internal/pool_urbg.cc.o
[ 47%] Building CXX object _deps/abseil-build/absl/random/CMakeFiles/absl_random_internal_distribution_test_util.dir/internal/chi_square.cc.o
[ 47%] Built target absl_log_internal_structured_proto
[ 47%] Building CXX object _deps/abseil-build/absl/crc/CMakeFiles/absl_crc32c.dir/crc32c.cc.o
[ 47%] Building CXX object _deps/abseil-build/absl/crc/CMakeFiles/absl_crc32c.dir/internal/crc_memcpy_fallback.cc.o
[ 47%] Linking CXX static library libabsl_kernel_timeout_internal.a
[ 47%] Building CXX object _deps/abseil-build/absl/random/CMakeFiles/absl_random_internal_distribution_test_util.dir/internal/distribution_test_util.cc.o
[ 47%] Built target absl_kernel_timeout_internal
[ 47%] Building CXX object _deps/abseil-build/absl/debugging/CMakeFiles/absl_failure_signal_handler.dir/failure_signal_handler.cc.o
[ 47%] Building CXX object _deps/abseil-build/absl/crc/CMakeFiles/absl_crc32c.dir/internal/crc_memcpy_x86_arm_combined.cc.o
[ 48%] Building CXX object _deps/abseil-build/absl/crc/CMakeFiles/absl_crc32c.dir/internal/crc_non_temporal_memcpy.cc.o
[ 48%] Building CXX object _deps/protobuf-build/CMakeFiles/libprotobuf.dir/__/src/google/protobuf/wrappers.pb.cc.o
[ 48%] Linking CXX static library libabsl_log_entry.a
[ 48%] Linking CXX static library libabsl_log_internal_globals.a
[ 48%] Building CXX object _deps/abseil-build/absl/flags/CMakeFiles/absl_flags_marshalling.dir/marshalling.cc.o
[ 48%] Built target absl_log_internal_globals
[ 48%] Built target absl_log_entry
[ 48%] Building CXX object _deps/abseil-build/absl/synchronization/CMakeFiles/absl_synchronization.dir/barrier.cc.o
[ 48%] Building CXX object _deps/abseil-build/absl/log/CMakeFiles/absl_log_internal_format.dir/internal/log_format.cc.o
[ 49%] Building CXX object _deps/abseil-build/absl/log/CMakeFiles/absl_log_sink.dir/log_sink.cc.o
[ 49%] Linking CXX static library libabsl_random_internal_pool_urbg.a
[ 49%] Building CXX object _deps/abseil-build/absl/synchronization/CMakeFiles/absl_synchronization.dir/blocking_counter.cc.o
[ 49%] Built target absl_random_internal_pool_urbg
[ 49%] Linking CXX static library libabsl_failure_signal_handler.a
[ 49%] Building CXX object _deps/abseil-build/absl/random/CMakeFiles/absl_random_seed_sequences.dir/seed_sequences.cc.o
[ 49%] Built target absl_failure_signal_handler
[ 50%] Building CXX object _deps/abseil-build/absl/synchronization/CMakeFiles/absl_synchronization.dir/internal/create_thread_identity.cc.o
[ 50%] Building CXX object _deps/abseil-build/absl/synchronization/CMakeFiles/absl_synchronization.dir/internal/futex_waiter.cc.o
[ 50%] Building CXX object _deps/abseil-build/absl/synchronization/CMakeFiles/absl_synchronization.dir/internal/per_thread_sem.cc.o
[ 50%] Building CXX object _deps/abseil-build/absl/synchronization/CMakeFiles/absl_synchronization.dir/internal/pthread_waiter.cc.o
[ 51%] Linking CXX static library libabsl_random_internal_distribution_test_util.a
[ 51%] Built target absl_random_internal_distribution_test_util
[ 51%] Building CXX object _deps/abseil-build/absl/synchronization/CMakeFiles/absl_synchronization.dir/internal/sem_waiter.cc.o
[ 51%] Building CXX object _deps/abseil-build/absl/synchronization/CMakeFiles/absl_synchronization.dir/internal/stdcpp_waiter.cc.o
[ 51%] Building CXX object _deps/abseil-build/absl/synchronization/CMakeFiles/absl_synchronization.dir/internal/waiter_base.cc.o
[ 51%] Building CXX object _deps/abseil-build/absl/synchronization/CMakeFiles/absl_synchronization.dir/internal/win32_waiter.cc.o
[ 52%] Building CXX object _deps/abseil-build/absl/synchronization/CMakeFiles/absl_synchronization.dir/notification.cc.o
[ 52%] Building CXX object _deps/abseil-build/absl/synchronization/CMakeFiles/absl_synchronization.dir/mutex.cc.o
[ 53%] Linking CXX static library libabsl_log_internal_format.a
[ 53%] Linking CXX static library libprotobuf.a
[ 53%] Linking CXX static library libabsl_random_seed_sequences.a
[ 53%] Linking CXX static library libabsl_log_sink.a
[ 53%] Linking CXX static library libabsl_flags_marshalling.a
[ 53%] Built target absl_log_internal_format
[ 53%] Built target absl_random_seed_sequences
[ 53%] Built target absl_log_sink
[ 53%] Built target libprotobuf
[ 53%] Built target absl_flags_marshalling
[ 53%] Building CXX object CMakeFiles/wasm_host.dir/src/host.cpp.o
[ 53%] Building CXX object CMakeFiles/wasm_host.dir/proto_messages/generated/message.pb.cc.o
[ 53%] Building CXX object CMakeFiles/wasm_host.dir/src/host_utils.cpp.o
[ 54%] Building CXX object _deps/protobuf-build/CMakeFiles/libprotoc.dir/__/src/google/protobuf/compiler/command_line_interface.cc.o
[ 53%] Building CXX object _deps/protobuf-build/CMakeFiles/libprotoc.dir/__/src/google/protobuf/compiler/code_generator.cc.o
[ 53%] Building CXX object CMakeFiles/wasm_host.dir/src/native_impl.cpp.o
[ 54%] Building CXX object _deps/protobuf-build/CMakeFiles/libprotoc.dir/__/src/google/protobuf/compiler/cpp/cpp_enum.cc.o
[ 54%] Building CXX object _deps/protobuf-build/CMakeFiles/libprotoc.dir/__/src/google/protobuf/compiler/cpp/cpp_enum_field.cc.o
[ 54%] Building CXX object _deps/protobuf-build/CMakeFiles/libprotoc.dir/__/src/google/protobuf/compiler/cpp/cpp_extension.cc.o
[ 54%] Linking CXX static library libabsl_crc32c.a
[ 54%] Building CXX object _deps/protobuf-build/CMakeFiles/libprotoc.dir/__/src/google/protobuf/compiler/cpp/cpp_field.cc.o
[ 54%] Built target absl_crc32c
[ 54%] Building CXX object _deps/protobuf-build/CMakeFiles/libprotoc.dir/__/src/google/protobuf/compiler/cpp/cpp_file.cc.o
[ 54%] Building CXX object _deps/protobuf-build/CMakeFiles/libprotoc.dir/__/src/google/protobuf/compiler/cpp/cpp_generator.cc.o
[ 54%] Building CXX object _deps/abseil-build/absl/crc/CMakeFiles/absl_crc_cord_state.dir/internal/crc_cord_state.cc.o
[ 54%] Building CXX object _deps/protobuf-build/CMakeFiles/libprotoc.dir/__/src/google/protobuf/compiler/cpp/cpp_helpers.cc.o
[ 55%] Building CXX object _deps/protobuf-build/CMakeFiles/libprotoc.dir/__/src/google/protobuf/compiler/cpp/cpp_map_field.cc.o
[ 55%] Building CXX object _deps/protobuf-build/CMakeFiles/libprotoc.dir/__/src/google/protobuf/compiler/cpp/cpp_message.cc.o
[ 55%] Linking CXX static library libabsl_synchronization.a
[ 55%] Built target absl_synchronization
[ 55%] Building CXX object _deps/abseil-build/absl/container/CMakeFiles/absl_hashtablez_sampler.dir/internal/hashtablez_sampler.cc.o
/home/eb/fyp/helloworld/src/host_utils.cpp:26:51: warning: nested designators are a C99 extension [-Wc99-designator]
   26 |     wasm_val_t results[1] = { { .kind = WASM_F32, .of.f32 = 0 } };
      |                                                   ^~~~~~~
/home/eb/fyp/helloworld/src/host_utils.cpp:28:29: warning: nested designators are a C99 extension [-Wc99-designator]
   28 |         { .kind = WASM_I32, .of.i32 = 10 },
      |                             ^~~~~~~
/home/eb/fyp/helloworld/src/host_utils.cpp:29:29: warning: nested designators are a C99 extension [-Wc99-designator]
   29 |         { .kind = WASM_F64, .of.f64 = 0.000101 },
      |                             ^~~~~~~
/home/eb/fyp/helloworld/src/host_utils.cpp:30:29: warning: nested designators are a C99 extension [-Wc99-designator]
   30 |         { .kind = WASM_F32, .of.f32 = 300.002 },
      |                             ^~~~~~~
[ 55%] Building CXX object _deps/protobuf-build/CMakeFiles/libprotoc.dir/__/src/google/protobuf/compiler/cpp/cpp_message_field.cc.o
4 warnings generated.
[ 55%] Building CXX object _deps/protobuf-build/CMakeFiles/libprotoc.dir/__/src/google/protobuf/compiler/cpp/cpp_padding_optimizer.cc.o
[ 55%] Building CXX object _deps/protobuf-build/CMakeFiles/libprotoc.dir/__/src/google/protobuf/compiler/cpp/cpp_parse_function_generator.cc.o
[ 56%] Linking CXX executable wasm_host
[ 56%] Linking CXX static library libabsl_crc_cord_state.a
/usr/bin/ld: warning: invokeNative_em64.s.o: missing .note.GNU-stack section implies executable stack
/usr/bin/ld: NOTE: This behaviour is deprecated and will be removed in a future version of the linker
[ 56%] Built target wasm_host
[ 56%] Built target absl_crc_cord_state
[ 56%] Building CXX object _deps/protobuf-build/CMakeFiles/libprotoc.dir/__/src/google/protobuf/compiler/cpp/cpp_primitive_field.cc.o
[ 57%] Building CXX object _deps/abseil-build/absl/container/CMakeFiles/absl_hashtablez_sampler.dir/internal/hashtablez_sampler_force_weak_definition.cc.o
[ 57%] Building CXX object _deps/abseil-build/absl/strings/CMakeFiles/absl_cordz_handle.dir/internal/cordz_handle.cc.o
[ 57%] Building CXX object _deps/abseil-build/absl/flags/CMakeFiles/absl_flags_program_name.dir/internal/program_name.cc.o
[ 57%] Building CXX object _deps/protobuf-build/CMakeFiles/libprotoc.dir/__/src/google/protobuf/compiler/cpp/cpp_service.cc.o
[ 57%] Building CXX object _deps/protobuf-build/CMakeFiles/libprotoc.dir/__/src/google/protobuf/compiler/cpp/cpp_string_field.cc.o
[ 58%] Building CXX object _deps/protobuf-build/CMakeFiles/libprotoc.dir/__/src/google/protobuf/compiler/csharp/csharp_doc_comment.cc.o
[ 58%] Building CXX object _deps/protobuf-build/CMakeFiles/libprotoc.dir/__/src/google/protobuf/compiler/csharp/csharp_enum.cc.o
[ 58%] Building CXX object _deps/abseil-build/absl/log/CMakeFiles/absl_vlog_config_internal.dir/internal/vlog_config.cc.o
[ 58%] Linking CXX static library libabsl_hashtablez_sampler.a
[ 58%] Built target absl_hashtablez_sampler
[ 58%] Building CXX object _deps/protobuf-build/CMakeFiles/libprotoc.dir/__/src/google/protobuf/compiler/csharp/csharp_enum_field.cc.o
[ 58%] Building CXX object _deps/abseil-build/absl/strings/CMakeFiles/absl_cord_internal.dir/internal/cord_internal.cc.o
[ 58%] Building CXX object _deps/protobuf-build/CMakeFiles/libprotoc.dir/__/src/google/protobuf/compiler/csharp/csharp_field_base.cc.o
[ 58%] Building CXX object _deps/protobuf-build/CMakeFiles/libprotoc.dir/__/src/google/protobuf/compiler/csharp/csharp_generator.cc.o
[ 58%] Building CXX object _deps/abseil-build/absl/strings/CMakeFiles/absl_cord_internal.dir/internal/cord_rep_btree.cc.o
[ 59%] Linking CXX static library libabsl_cordz_handle.a
[ 59%] Building CXX object _deps/protobuf-build/CMakeFiles/libprotoc.dir/__/src/google/protobuf/compiler/csharp/csharp_helpers.cc.o
[ 59%] Linking CXX static library libabsl_flags_program_name.a
[ 59%] Built target absl_cordz_handle
[ 59%] Building CXX object _deps/abseil-build/absl/strings/CMakeFiles/absl_cord_internal.dir/internal/cord_rep_btree_navigator.cc.o
[ 60%] Building CXX object _deps/abseil-build/absl/strings/CMakeFiles/absl_cord_internal.dir/internal/cord_rep_btree_reader.cc.o
[ 60%] Built target absl_flags_program_name
[ 61%] Building CXX object _deps/abseil-build/absl/flags/CMakeFiles/absl_flags_config.dir/usage_config.cc.o
[ 61%] Building CXX object _deps/abseil-build/absl/strings/CMakeFiles/absl_cord_internal.dir/internal/cord_rep_crc.cc.o
[ 61%] Building CXX object _deps/protobuf-build/CMakeFiles/libprotoc.dir/__/src/google/protobuf/compiler/csharp/csharp_map_field.cc.o
[ 61%] Linking CXX static library libabsl_vlog_config_internal.a
[ 62%] Building CXX object _deps/protobuf-build/CMakeFiles/libprotoc.dir/__/src/google/protobuf/compiler/csharp/csharp_message.cc.o
[ 62%] Built target absl_vlog_config_internal
[ 62%] Building CXX object _deps/abseil-build/absl/strings/CMakeFiles/absl_cord_internal.dir/internal/cord_rep_consume.cc.o
[ 62%] Building CXX object _deps/protobuf-build/CMakeFiles/libprotoc.dir/__/src/google/protobuf/compiler/csharp/csharp_message_field.cc.o
[ 62%] Building CXX object _deps/abseil-build/absl/log/CMakeFiles/absl_log_globals.dir/globals.cc.o
[ 62%] Building CXX object _deps/protobuf-build/CMakeFiles/libprotoc.dir/__/src/google/protobuf/compiler/csharp/csharp_primitive_field.cc.o
[ 62%] Building CXX object _deps/protobuf-build/CMakeFiles/libprotoc.dir/__/src/google/protobuf/compiler/csharp/csharp_reflection_class.cc.o
[ 62%] Building CXX object _deps/protobuf-build/CMakeFiles/libprotoc.dir/__/src/google/protobuf/compiler/csharp/csharp_repeated_enum_field.cc.o
[ 62%] Building CXX object _deps/protobuf-build/CMakeFiles/libprotoc.dir/__/src/google/protobuf/compiler/csharp/csharp_repeated_message_field.cc.o
[ 62%] Building CXX object _deps/protobuf-build/CMakeFiles/libprotoc.dir/__/src/google/protobuf/compiler/csharp/csharp_repeated_primitive_field.cc.o
[ 62%] Building CXX object _deps/protobuf-build/CMakeFiles/libprotoc.dir/__/src/google/protobuf/compiler/csharp/csharp_source_generator_base.cc.o
[ 62%] Linking CXX static library libabsl_flags_config.a
[ 62%] Built target absl_flags_config
[ 63%] Building CXX object _deps/protobuf-build/CMakeFiles/libprotoc.dir/__/src/google/protobuf/compiler/csharp/csharp_wrapper_field.cc.o
[ 63%] Building CXX object _deps/abseil-build/absl/flags/CMakeFiles/absl_flags_internal.dir/internal/flag.cc.o
[ 63%] Building CXX object _deps/protobuf-build/CMakeFiles/libprotoc.dir/__/src/google/protobuf/compiler/java/java_context.cc.o
[ 63%] Building CXX object _deps/protobuf-build/CMakeFiles/libprotoc.dir/__/src/google/protobuf/compiler/java/java_doc_comment.cc.o
[ 63%] Building CXX object _deps/protobuf-build/CMakeFiles/libprotoc.dir/__/src/google/protobuf/compiler/java/java_enum.cc.o
[ 63%] Linking CXX static library libabsl_cord_internal.a
[ 63%] Built target absl_cord_internal
[ 63%] Building CXX object _deps/abseil-build/absl/strings/CMakeFiles/absl_cordz_info.dir/internal/cordz_info.cc.o
[ 63%] Building CXX object _deps/protobuf-build/CMakeFiles/libprotoc.dir/__/src/google/protobuf/compiler/java/java_enum_field.cc.o
[ 63%] Linking CXX static library libabsl_log_globals.a
[ 63%] Built target absl_log_globals
[ 63%] Building CXX object _deps/protobuf-build/CMakeFiles/libprotoc.dir/__/src/google/protobuf/compiler/java/java_enum_field_lite.cc.o
[ 63%] Building CXX object _deps/protobuf-build/CMakeFiles/libprotoc.dir/__/src/google/protobuf/compiler/java/java_enum_lite.cc.o
[ 63%] Building CXX object _deps/protobuf-build/CMakeFiles/libprotoc.dir/__/src/google/protobuf/compiler/java/java_extension.cc.o
[ 64%] Building CXX object _deps/protobuf-build/CMakeFiles/libprotoc.dir/__/src/google/protobuf/compiler/java/java_extension_lite.cc.o
[ 64%] Building CXX object _deps/abseil-build/absl/log/CMakeFiles/absl_log_internal_log_sink_set.dir/internal/log_sink_set.cc.o
[ 64%] Building CXX object _deps/protobuf-build/CMakeFiles/libprotoc.dir/__/src/google/protobuf/compiler/java/java_field.cc.o
[ 64%] Building CXX object _deps/protobuf-build/CMakeFiles/libprotoc.dir/__/src/google/protobuf/compiler/java/java_file.cc.o
[ 64%] Building CXX object _deps/protobuf-build/CMakeFiles/libprotoc.dir/__/src/google/protobuf/compiler/java/java_generator.cc.o
[ 64%] Linking CXX static library libabsl_flags_internal.a
[ 64%] Building CXX object _deps/abseil-build/absl/log/CMakeFiles/absl_log_initialize.dir/initialize.cc.o
[ 64%] Built target absl_flags_internal
[ 64%] Building CXX object _deps/protobuf-build/CMakeFiles/libprotoc.dir/__/src/google/protobuf/compiler/java/java_generator_factory.cc.o
[ 64%] Building CXX object _deps/protobuf-build/CMakeFiles/libprotoc.dir/__/src/google/protobuf/compiler/java/java_helpers.cc.o
[ 64%] Building CXX object _deps/protobuf-build/CMakeFiles/libprotoc.dir/__/src/google/protobuf/compiler/java/java_kotlin_generator.cc.o
[ 65%] Building CXX object _deps/protobuf-build/CMakeFiles/libprotoc.dir/__/src/google/protobuf/compiler/java/java_map_field.cc.o
[ 65%] Building CXX object _deps/protobuf-build/CMakeFiles/libprotoc.dir/__/src/google/protobuf/compiler/java/java_map_field_lite.cc.o
[ 65%] Linking CXX static library libabsl_cordz_info.a
[ 65%] Built target absl_cordz_info
[ 65%] Building CXX object _deps/protobuf-build/CMakeFiles/libprotoc.dir/__/src/google/protobuf/compiler/java/java_message.cc.o
[ 65%] Linking CXX static library libabsl_log_internal_log_sink_set.a
[ 65%] Built target absl_log_internal_log_sink_set
[ 65%] Building CXX object _deps/abseil-build/absl/strings/CMakeFiles/absl_cord.dir/cord.cc.o
[ 65%] Building CXX object _deps/abseil-build/absl/strings/CMakeFiles/absl_cord.dir/cord_analysis.cc.o
[ 66%] Linking CXX static library libabsl_log_initialize.a
[ 66%] Built target absl_log_initialize
[ 66%] Building CXX object _deps/protobuf-build/CMakeFiles/libprotoc.dir/__/src/google/protobuf/compiler/java/java_message_builder.cc.o
[ 66%] Building CXX object _deps/protobuf-build/CMakeFiles/libprotoc.dir/__/src/google/protobuf/compiler/java/java_message_builder_lite.cc.o
[ 66%] Building CXX object _deps/abseil-build/absl/strings/CMakeFiles/absl_cord.dir/cord_buffer.cc.o
[ 66%] Building CXX object _deps/abseil-build/absl/log/CMakeFiles/absl_log_internal_message.dir/internal/log_message.cc.o
[ 66%] Building CXX object _deps/abseil-build/absl/strings/CMakeFiles/absl_cordz_sample_token.dir/internal/cordz_sample_token.cc.o
[ 66%] Building CXX object _deps/protobuf-build/CMakeFiles/libprotoc.dir/__/src/google/protobuf/compiler/java/java_message_field.cc.o
[ 66%] Building CXX object _deps/protobuf-build/CMakeFiles/libprotoc.dir/__/src/google/protobuf/compiler/java/java_message_field_lite.cc.o
[ 66%] Building CXX object _deps/protobuf-build/CMakeFiles/libprotoc.dir/__/src/google/protobuf/compiler/java/java_message_lite.cc.o
[ 67%] Building CXX object _deps/protobuf-build/CMakeFiles/libprotoc.dir/__/src/google/protobuf/compiler/java/java_name_resolver.cc.o
[ 67%] Building CXX object _deps/protobuf-build/CMakeFiles/libprotoc.dir/__/src/google/protobuf/compiler/java/java_primitive_field.cc.o
[ 67%] Building CXX object _deps/protobuf-build/CMakeFiles/libprotoc.dir/__/src/google/protobuf/compiler/java/java_primitive_field_lite.cc.o
[ 67%] Building CXX object _deps/protobuf-build/CMakeFiles/libprotoc.dir/__/src/google/protobuf/compiler/java/java_service.cc.o
[ 67%] Building CXX object _deps/protobuf-build/CMakeFiles/libprotoc.dir/__/src/google/protobuf/compiler/java/java_shared_code_generator.cc.o
[ 67%] Building CXX object _deps/protobuf-build/CMakeFiles/libprotoc.dir/__/src/google/protobuf/compiler/java/java_string_field_lite.cc.o
[ 67%] Building CXX object _deps/protobuf-build/CMakeFiles/libprotoc.dir/__/src/google/protobuf/compiler/java/java_string_field.cc.o
[ 67%] Linking CXX static library libabsl_cordz_sample_token.a
[ 67%] Built target absl_cordz_sample_token
[ 67%] Building CXX object _deps/protobuf-build/CMakeFiles/libprotoc.dir/__/src/google/protobuf/compiler/js/js_generator.cc.o
[ 67%] Linking CXX static library libabsl_log_internal_message.a
[ 67%] Built target absl_log_internal_message
[ 68%] Building CXX object _deps/protobuf-build/CMakeFiles/libprotoc.dir/__/src/google/protobuf/compiler/js/well_known_types_embed.cc.o
[ 68%] Building CXX object _deps/protobuf-build/CMakeFiles/libprotoc.dir/__/src/google/protobuf/compiler/objectivec/objectivec_enum.cc.o
[ 68%] Building CXX object _deps/protobuf-build/CMakeFiles/libprotoc.dir/__/src/google/protobuf/compiler/objectivec/objectivec_extension.cc.o
[ 68%] Building CXX object _deps/protobuf-build/CMakeFiles/libprotoc.dir/__/src/google/protobuf/compiler/objectivec/objectivec_enum_field.cc.o
[ 68%] Linking CXX static library libabsl_cord.a
[ 68%] Building CXX object _deps/protobuf-build/CMakeFiles/libprotoc.dir/__/src/google/protobuf/compiler/objectivec/objectivec_field.cc.o
[ 68%] Built target absl_cord
[ 68%] Building CXX object _deps/abseil-build/absl/log/CMakeFiles/absl_log_internal_check_op.dir/internal/check_op.cc.o
[ 68%] Building CXX object _deps/protobuf-build/CMakeFiles/libprotoc.dir/__/src/google/protobuf/compiler/objectivec/objectivec_file.cc.o
[ 68%] Building CXX object _deps/protobuf-build/CMakeFiles/libprotoc.dir/__/src/google/protobuf/compiler/objectivec/objectivec_generator.cc.o
[ 69%] Building CXX object _deps/protobuf-build/CMakeFiles/libprotoc.dir/__/src/google/protobuf/compiler/objectivec/objectivec_helpers.cc.o
[ 69%] Building CXX object _deps/protobuf-build/CMakeFiles/libprotoc.dir/__/src/google/protobuf/compiler/objectivec/objectivec_map_field.cc.o
[ 69%] Building CXX object _deps/protobuf-build/CMakeFiles/libprotoc.dir/__/src/google/protobuf/compiler/objectivec/objectivec_message.cc.o
[ 69%] Building CXX object _deps/abseil-build/absl/log/CMakeFiles/absl_die_if_null.dir/die_if_null.cc.o
[ 69%] Building CXX object _deps/protobuf-build/CMakeFiles/libprotoc.dir/__/src/google/protobuf/compiler/objectivec/objectivec_message_field.cc.o
[ 69%] Building CXX object _deps/protobuf-build/CMakeFiles/libprotoc.dir/__/src/google/protobuf/compiler/objectivec/objectivec_oneof.cc.o
[ 69%] Building CXX object _deps/abseil-build/absl/status/CMakeFiles/absl_status.dir/internal/status_internal.cc.o
[ 69%] Building CXX object _deps/protobuf-build/CMakeFiles/libprotoc.dir/__/src/google/protobuf/compiler/objectivec/objectivec_primitive_field.cc.o
[ 69%] Linking CXX static library libabsl_log_internal_check_op.a
[ 69%] Building CXX object _deps/abseil-build/absl/status/CMakeFiles/absl_status.dir/status.cc.o
[ 69%] Building CXX object _deps/protobuf-build/CMakeFiles/libprotoc.dir/__/src/google/protobuf/compiler/php/php_generator.cc.o
[ 70%] Building CXX object _deps/abseil-build/absl/status/CMakeFiles/absl_status.dir/status_payload_printer.cc.o
[ 70%] Built target absl_log_internal_check_op
[ 70%] Building CXX object _deps/protobuf-build/CMakeFiles/libprotoc.dir/__/src/google/protobuf/compiler/plugin.cc.o
[ 70%] Linking CXX static library libabsl_die_if_null.a
[ 70%] Built target absl_die_if_null
[ 71%] Building CXX object _deps/protobuf-build/CMakeFiles/libprotoc.dir/__/src/google/protobuf/compiler/plugin.pb.cc.o
[ 71%] Building CXX object _deps/abseil-build/absl/container/CMakeFiles/absl_raw_hash_set.dir/internal/raw_hash_set.cc.o
[ 71%] Building CXX object _deps/protobuf-build/CMakeFiles/libprotoc.dir/__/src/google/protobuf/compiler/python/python_generator.cc.o
[ 71%] Building CXX object _deps/protobuf-build/CMakeFiles/libprotoc.dir/__/src/google/protobuf/compiler/ruby/ruby_generator.cc.o
[ 71%] Building CXX object _deps/protobuf-build/CMakeFiles/libprotoc.dir/__/src/google/protobuf/compiler/subprocess.cc.o
[ 71%] Building CXX object _deps/protobuf-build/CMakeFiles/libprotoc.dir/__/src/google/protobuf/compiler/zip_writer.cc.o
[ 71%] Linking CXX static library libabsl_status.a
[ 71%] Built target absl_status
[ 71%] Building CXX object _deps/abseil-build/absl/status/CMakeFiles/absl_statusor.dir/statusor.cc.o
[ 71%] Linking CXX static library libabsl_raw_hash_set.a
[ 71%] Built target absl_raw_hash_set
[ 71%] Building CXX object _deps/abseil-build/absl/flags/CMakeFiles/absl_flags_reflection.dir/reflection.cc.o
[ 71%] Linking CXX static library libprotoc.a
[ 71%] Built target libprotoc
[ 71%] Building CXX object _deps/protobuf-build/CMakeFiles/test_plugin.dir/__/src/google/protobuf/compiler/mock_code_generator.cc.o
[ 71%] Building CXX object _deps/protobuf-build/CMakeFiles/test_plugin.dir/__/src/google/protobuf/compiler/test_plugin.cc.o
[ 71%] Building CXX object _deps/protobuf-build/CMakeFiles/protoc.dir/__/src/google/protobuf/compiler/main.cc.o
[ 71%] Building CXX object _deps/protobuf-build/CMakeFiles/test_plugin.dir/__/src/google/protobuf/testing/file.cc.o
[ 71%] Linking CXX static library libabsl_statusor.a
[ 71%] Linking CXX executable protoc
[ 71%] Built target absl_statusor
[ 71%] Built target protoc
[ 71%] Generating ../protobuf-src/src/google/protobuf/map_lite_unittest.pb.cc
[ 71%] Generating ../protobuf-src/src/google/protobuf/unittest_lite.pb.cc
[ 71%] Generating ../protobuf-src/src/google/protobuf/unittest_lite.pb.cc
[ 71%] Generating ../protobuf-src/src/google/protobuf/unittest_import_public_lite.pb.cc
[ 71%] Generating ../protobuf-src/src/google/protobuf/unittest_import_lite.pb.cc
[ 71%] Generating ../protobuf-src/src/google/protobuf/map_lite_unittest.pb.cc
[ 72%] Generating ../protobuf-src/src/google/protobuf/unittest_import_public_lite.pb.cc
[ 72%] Generating ../protobuf-src/src/google/protobuf/unittest_import_lite.pb.cc
[ 72%] Generating ../protobuf-src/src/google/protobuf/util/message_differencer_unittest.pb.cc
[ 72%] Generating ../protobuf-src/src/google/protobuf/compiler/cpp/cpp_test_bad_identifiers.pb.cc
[ 73%] Generating ../protobuf-src/src/google/protobuf/any_test.pb.cc
[ 73%] Generating ../protobuf-src/src/google/protobuf/compiler/cpp/cpp_test_large_enum_value.pb.cc
[ 73%] Generating ../protobuf-src/src/google/protobuf/map_unittest.pb.cc
[ 73%] Generating ../protobuf-src/src/google/protobuf/map_lite_unittest.pb.cc
[ 73%] Generating ../protobuf-src/src/google/protobuf/map_proto2_unittest.pb.cc
[ 73%] Generating ../protobuf-src/src/google/protobuf/unittest.pb.cc
[ 73%] Generating ../protobuf-src/src/google/protobuf/unittest_arena.pb.cc
[ 74%] Generating ../protobuf-src/src/google/protobuf/unittest_drop_unknown_fields.pb.cc
[ 74%] Generating ../protobuf-src/src/google/protobuf/unittest_custom_options.pb.cc
[ 74%] Generating ../protobuf-src/src/google/protobuf/unittest_embed_optimize_for.pb.cc
[ 74%] Generating ../protobuf-src/src/google/protobuf/unittest_empty.pb.cc
[ 74%] Generating ../protobuf-src/src/google/protobuf/unittest_import.pb.cc
[ 74%] Generating ../protobuf-src/src/google/protobuf/unittest_lazy_dependencies.pb.cc
[ 74%] Generating ../protobuf-src/src/google/protobuf/unittest_lazy_dependencies_custom_option.pb.cc
[ 74%] Generating ../protobuf-src/src/google/protobuf/unittest_import_public.pb.cc
[ 74%] Generating ../protobuf-src/src/google/protobuf/unittest_lazy_dependencies_enum.pb.cc
[ 75%] Generating ../protobuf-src/src/google/protobuf/unittest_lite_imports_nonlite.pb.cc
[ 75%] Generating ../protobuf-src/src/google/protobuf/unittest_lite.pb.cc
[ 75%] Generating ../protobuf-src/src/google/protobuf/unittest_mset_wire_format.pb.cc
[ 75%] Generating ../protobuf-src/src/google/protobuf/unittest_mset.pb.cc
[ 75%] Generating ../protobuf-src/src/google/protobuf/unittest_optimize_for.pb.cc
[ 75%] Generating ../protobuf-src/src/google/protobuf/unittest_no_generic_services.pb.cc
[ 75%] Generating ../protobuf-src/src/google/protobuf/unittest_no_field_presence.pb.cc
[ 75%] Generating ../protobuf-src/src/google/protobuf/unittest_preserve_unknown_enum.pb.cc
[ 75%] Generating ../protobuf-src/src/google/protobuf/unittest_proto3_arena_lite.pb.cc
[ 75%] Generating ../protobuf-src/src/google/protobuf/unittest_proto3.pb.cc
[ 76%] Generating ../protobuf-src/src/google/protobuf/unittest_proto3_arena.pb.cc
[ 76%] Generating ../protobuf-src/src/google/protobuf/unittest_preserve_unknown_enum2.pb.cc
[ 76%] Generating ../protobuf-src/src/google/protobuf/unittest_proto3_lite.pb.cc
[ 76%] Generating ../protobuf-src/src/google/protobuf/unittest_proto3_optional.pb.cc
[ 76%] Building CXX object _deps/protobuf-build/CMakeFiles/lite-arena-test.dir/__/src/google/protobuf/lite_arena_unittest.cc.o
[ 76%] Generating ../protobuf-src/src/google/protobuf/unittest_well_known_types.pb.cc
[ 76%] Building CXX object _deps/protobuf-build/CMakeFiles/lite-arena-test.dir/__/src/google/protobuf/arena_test_util.cc.o
[ 76%] Generating ../protobuf-src/src/google/protobuf/util/internal/testdata/anys.pb.cc
[ 77%] Building CXX object _deps/protobuf-build/CMakeFiles/lite-test.dir/__/src/google/protobuf/lite_unittest.cc.o
[ 78%] Generating ../protobuf-src/src/google/protobuf/util/internal/testdata/books.pb.cc
[ 78%] Generating ../protobuf-src/src/google/protobuf/util/internal/testdata/default_value.pb.cc
[ 78%] Building CXX object _deps/protobuf-build/CMakeFiles/lite-arena-test.dir/__/src/google/protobuf/map_lite_test_util.cc.o
[ 78%] Building CXX object _deps/protobuf-build/CMakeFiles/lite-test.dir/__/src/google/protobuf/arena_test_util.cc.o
[ 78%] Building CXX object _deps/protobuf-build/CMakeFiles/lite-test.dir/__/src/google/protobuf/map_lite_test_util.cc.o
[ 78%] Building CXX object _deps/protobuf-build/CMakeFiles/lite-test.dir/__/src/google/protobuf/test_util_lite.cc.o
[ 78%] Building CXX object _deps/protobuf-build/CMakeFiles/lite-arena-test.dir/__/src/google/protobuf/test_util_lite.cc.o
[ 78%] Building CXX object _deps/protobuf-build/CMakeFiles/lite-test.dir/__/src/google/protobuf/map_lite_unittest.pb.cc.o
[ 78%] Building CXX object _deps/protobuf-build/CMakeFiles/lite-test.dir/__/src/google/protobuf/unittest_import_lite.pb.cc.o
[ 78%] Generating ../protobuf-src/src/google/protobuf/util/internal/testdata/default_value_test.pb.cc
[ 78%] Building CXX object _deps/protobuf-build/CMakeFiles/lite-test.dir/__/src/google/protobuf/unittest_import_public_lite.pb.cc.o
[ 78%] Generating ../protobuf-src/src/google/protobuf/util/internal/testdata/field_mask.pb.cc
[ 78%] Building CXX object _deps/protobuf-build/CMakeFiles/lite-test.dir/__/src/google/protobuf/unittest_lite.pb.cc.o
[ 78%] Generating ../protobuf-src/src/google/protobuf/util/internal/testdata/oneofs.pb.cc
[ 78%] Generating ../protobuf-src/src/google/protobuf/util/internal/testdata/maps.pb.cc
[ 78%] Generating ../protobuf-src/src/google/protobuf/util/internal/testdata/proto3.pb.cc
[ 78%] Generating ../protobuf-src/src/google/protobuf/util/internal/testdata/struct.pb.cc
[ 78%] Building CXX object _deps/protobuf-build/CMakeFiles/lite-arena-test.dir/__/src/google/protobuf/map_lite_unittest.pb.cc.o
[ 79%] Generating ../protobuf-src/src/google/protobuf/util/internal/testdata/timestamp_duration.pb.cc
[ 79%] Generating ../protobuf-src/src/google/protobuf/util/internal/testdata/wrappers.pb.cc
[ 79%] Linking CXX executable test_plugin
[ 79%] Generating ../protobuf-src/src/google/protobuf/util/json_format.pb.cc
[ 79%] Generating ../protobuf-src/src/google/protobuf/util/json_format_proto3.pb.cc
[ 79%] Linking CXX static library libabsl_flags_reflection.a
[ 80%] Building CXX object _deps/protobuf-build/CMakeFiles/lite-arena-test.dir/__/src/google/protobuf/unittest_import_lite.pb.cc.o
[ 80%] Building CXX object _deps/protobuf-build/CMakeFiles/tests.dir/__/src/google/protobuf/any_test.cc.o
[ 80%] Built target absl_flags_reflection
[ 80%] Building CXX object _deps/protobuf-build/CMakeFiles/lite-arena-test.dir/__/src/google/protobuf/unittest_import_public_lite.pb.cc.o
[ 80%] Building CXX object _deps/protobuf-build/CMakeFiles/tests.dir/__/src/google/protobuf/arena_unittest.cc.o
[ 80%] Built target test_plugin
[ 80%] Building CXX object _deps/abseil-build/absl/flags/CMakeFiles/absl_flags_usage_internal.dir/internal/usage.cc.o
[ 80%] Building CXX object _deps/protobuf-build/CMakeFiles/tests.dir/__/src/google/protobuf/arenastring_unittest.cc.o
[ 80%] Building CXX object _deps/protobuf-build/CMakeFiles/lite-arena-test.dir/__/src/google/protobuf/unittest_lite.pb.cc.o
[ 80%] Building CXX object _deps/abseil-build/absl/log/CMakeFiles/absl_log_flags.dir/flags.cc.o
[ 80%] Building CXX object _deps/protobuf-build/CMakeFiles/tests.dir/__/src/google/protobuf/compiler/annotation_test_util.cc.o
[ 80%] Building CXX object _deps/protobuf-build/CMakeFiles/tests.dir/__/src/google/protobuf/compiler/command_line_interface_unittest.cc.o
[ 80%] Linking CXX static library libabsl_flags_usage_internal.a
[ 80%] Built target absl_flags_usage_internal
[ 80%] Building CXX object _deps/abseil-build/absl/flags/CMakeFiles/absl_flags_usage.dir/usage.cc.o
[ 80%] Linking CXX static library libabsl_log_flags.a
[ 80%] Built target absl_log_flags
[ 80%] Building CXX object _deps/protobuf-build/CMakeFiles/tests.dir/__/src/google/protobuf/compiler/cpp/cpp_bootstrap_unittest.cc.o
[ 81%] Building CXX object _deps/protobuf-build/CMakeFiles/tests.dir/__/src/google/protobuf/compiler/cpp/cpp_move_unittest.cc.o
[ 81%] Building CXX object _deps/protobuf-build/CMakeFiles/tests.dir/__/src/google/protobuf/compiler/cpp/cpp_plugin_unittest.cc.o
[ 81%] Building CXX object _deps/protobuf-build/CMakeFiles/tests.dir/__/src/google/protobuf/compiler/cpp/cpp_unittest.cc.o
[ 81%] Building CXX object _deps/protobuf-build/CMakeFiles/tests.dir/__/src/google/protobuf/compiler/cpp/metadata_test.cc.o
[ 81%] Building CXX object _deps/protobuf-build/CMakeFiles/tests.dir/__/src/google/protobuf/compiler/csharp/csharp_bootstrap_unittest.cc.o
[ 81%] Building CXX object _deps/protobuf-build/CMakeFiles/tests.dir/__/src/google/protobuf/compiler/csharp/csharp_generator_unittest.cc.o
[ 81%] Building CXX object _deps/protobuf-build/CMakeFiles/tests.dir/__/src/google/protobuf/compiler/importer_unittest.cc.o
[ 81%] Building CXX object _deps/protobuf-build/CMakeFiles/tests.dir/__/src/google/protobuf/compiler/java/java_doc_comment_unittest.cc.o
[ 82%] Building CXX object _deps/protobuf-build/CMakeFiles/tests.dir/__/src/google/protobuf/compiler/java/java_plugin_unittest.cc.o
[ 83%] Linking CXX static library libabsl_flags_usage.a
[ 83%] Built target absl_flags_usage
[ 83%] Building CXX object _deps/protobuf-build/CMakeFiles/tests.dir/__/src/google/protobuf/compiler/mock_code_generator.cc.o
[ 83%] Building CXX object _deps/abseil-build/absl/flags/CMakeFiles/absl_flags_parse.dir/parse.cc.o
[ 83%] Building CXX object _deps/protobuf-build/CMakeFiles/tests.dir/__/src/google/protobuf/compiler/objectivec/objectivec_helpers_unittest.cc.o
[ 83%] Building CXX object _deps/protobuf-build/CMakeFiles/tests.dir/__/src/google/protobuf/compiler/parser_unittest.cc.o
[ 83%] Building CXX object _deps/protobuf-build/CMakeFiles/tests.dir/__/src/google/protobuf/compiler/python/python_plugin_unittest.cc.o
[ 83%] Building CXX object _deps/protobuf-build/CMakeFiles/tests.dir/__/src/google/protobuf/compiler/ruby/ruby_generator_unittest.cc.o
[ 83%] Building CXX object _deps/protobuf-build/CMakeFiles/tests.dir/__/src/google/protobuf/descriptor_database_unittest.cc.o
[ 84%] Building CXX object _deps/protobuf-build/CMakeFiles/tests.dir/__/src/google/protobuf/descriptor_unittest.cc.o
[ 85%] Linking CXX executable lite-test
[ 85%] Building CXX object _deps/protobuf-build/CMakeFiles/tests.dir/__/src/google/protobuf/drop_unknown_fields_test.cc.o
[ 85%] Building CXX object _deps/protobuf-build/CMakeFiles/tests.dir/__/src/google/protobuf/dynamic_message_unittest.cc.o
[ 85%] Building CXX object _deps/protobuf-build/CMakeFiles/tests.dir/__/src/google/protobuf/extension_set_unittest.cc.o
[ 85%] Linking CXX executable lite-arena-test
[ 85%] Built target lite-test
[ 85%] Building CXX object _deps/protobuf-build/CMakeFiles/tests.dir/__/src/google/protobuf/generated_message_reflection_unittest.cc.o
[ 85%] Building CXX object _deps/protobuf-build/CMakeFiles/tests.dir/__/src/google/protobuf/inlined_string_field_unittest.cc.o
[ 85%] Building CXX object _deps/protobuf-build/CMakeFiles/tests.dir/__/src/google/protobuf/io/coded_stream_unittest.cc.o
[ 85%] Built target lite-arena-test
[ 85%] Building CXX object _deps/protobuf-build/CMakeFiles/tests.dir/__/src/google/protobuf/io/io_win32_unittest.cc.o
[ 86%] Building CXX object _deps/protobuf-build/CMakeFiles/tests.dir/__/src/google/protobuf/io/printer_unittest.cc.o
[ 86%] Building CXX object _deps/protobuf-build/CMakeFiles/tests.dir/__/src/google/protobuf/io/tokenizer_unittest.cc.o
[ 87%] Linking CXX static library libabsl_flags_parse.a
[ 87%] Building CXX object _deps/protobuf-build/CMakeFiles/tests.dir/__/src/google/protobuf/io/zero_copy_stream_unittest.cc.o
[ 87%] Building CXX object _deps/protobuf-build/CMakeFiles/tests.dir/__/src/google/protobuf/map_field_test.cc.o
[ 87%] Built target absl_flags_parse
[ 87%] Building CXX object _deps/protobuf-build/CMakeFiles/tests.dir/__/src/google/protobuf/map_test.cc.o
[ 87%] Building CXX object _deps/protobuf-build/CMakeFiles/tests.dir/__/src/google/protobuf/message_unittest.cc.o
[ 87%] Building CXX object _deps/protobuf-build/CMakeFiles/tests.dir/__/src/google/protobuf/no_field_presence_test.cc.o
[ 87%] Building CXX object _deps/protobuf-build/CMakeFiles/tests.dir/__/src/google/protobuf/preserve_unknown_enum_test.cc.o
[ 88%] Building CXX object _deps/protobuf-build/CMakeFiles/tests.dir/__/src/google/protobuf/proto3_arena_lite_unittest.cc.o
[ 88%] Building CXX object _deps/protobuf-build/CMakeFiles/tests.dir/__/src/google/protobuf/proto3_arena_unittest.cc.o
[ 88%] Building CXX object _deps/protobuf-build/CMakeFiles/tests.dir/__/src/google/protobuf/proto3_lite_unittest.cc.o
[ 88%] Building CXX object _deps/protobuf-build/CMakeFiles/tests.dir/__/src/google/protobuf/reflection_ops_unittest.cc.o
[ 88%] Building CXX object _deps/protobuf-build/CMakeFiles/tests.dir/__/src/google/protobuf/repeated_field_reflection_unittest.cc.o
[ 88%] Building CXX object _deps/protobuf-build/CMakeFiles/tests.dir/__/src/google/protobuf/repeated_field_unittest.cc.o
[ 88%] Building CXX object _deps/protobuf-build/CMakeFiles/tests.dir/__/src/google/protobuf/stubs/bytestream_unittest.cc.o
[ 89%] Building CXX object _deps/protobuf-build/CMakeFiles/tests.dir/__/src/google/protobuf/stubs/common_unittest.cc.o
[ 89%] Building CXX object _deps/protobuf-build/CMakeFiles/tests.dir/__/src/google/protobuf/stubs/int128_unittest.cc.o
In file included from /home/eb/fyp/helloworld/build/_deps/protobuf-src/src/google/protobuf/proto3_lite_unittest.cc:37:
/home/eb/fyp/helloworld/build/_deps/protobuf-src/src/google/protobuf/proto3_lite_unittest.inc:130:18: warning: 'ByteSize' is deprecated: Please use ByteSizeLong() instead [-Wdeprecated-declarations]
  130 |   EXPECT_EQ(msg1.ByteSize(), msg2.ByteSize() + 1);
      |                  ^
/home/eb/fyp/helloworld/build/_deps/protobuf-src/src/google/protobuf/message_lite.h:385:3: note: 'ByteSize' has been explicitly marked deprecated here
  385 |   PROTOBUF_DEPRECATED_MSG("Please use ByteSizeLong() instead")
      |   ^
/home/eb/fyp/helloworld/build/_deps/protobuf-src/src/google/protobuf/port_def.inc:311:54: note: expanded from macro 'PROTOBUF_DEPRECATED_MSG'
  311 | # define PROTOBUF_DEPRECATED_MSG(msg) __attribute__((deprecated(msg)))
      |                                                      ^
In file included from /home/eb/fyp/helloworld/build/_deps/protobuf-src/src/google/protobuf/proto3_lite_unittest.cc:37:
/home/eb/fyp/helloworld/build/_deps/protobuf-src/src/google/protobuf/proto3_lite_unittest.inc:130:18: warning: 'ByteSize' is deprecated: Please use ByteSizeLong() instead [-Wdeprecated-declarations]
  130 |   EXPECT_EQ(msg1.ByteSize(), msg2.ByteSize() + 1);
      |                  ^
/home/eb/fyp/helloworld/build/_deps/protobuf-src/src/google/protobuf/message_lite.h:385:3: note: 'ByteSize' has been explicitly marked deprecated here
  385 |   PROTOBUF_DEPRECATED_MSG("Please use ByteSizeLong() instead")
      |   ^
/home/eb/fyp/helloworld/build/_deps/protobuf-src/src/google/protobuf/port_def.inc:311:54: note: expanded from macro 'PROTOBUF_DEPRECATED_MSG'
  311 | # define PROTOBUF_DEPRECATED_MSG(msg) __attribute__((deprecated(msg)))
      |                                                      ^
In file included from /home/eb/fyp/helloworld/build/_deps/protobuf-src/src/google/protobuf/proto3_lite_unittest.cc:37:
/home/eb/fyp/helloworld/build/_deps/protobuf-src/src/google/protobuf/proto3_lite_unittest.inc:130:18: warning: 'ByteSize' is deprecated: Please use ByteSizeLong() instead [-Wdeprecated-declarations]
  130 |   EXPECT_EQ(msg1.ByteSize(), msg2.ByteSize() + 1);
      |                  ^
/home/eb/fyp/helloworld/build/_deps/protobuf-src/src/google/protobuf/message_lite.h:385:3: note: 'ByteSize' has been explicitly marked deprecated here
  385 |   PROTOBUF_DEPRECATED_MSG("Please use ByteSizeLong() instead")
      |   ^
/home/eb/fyp/helloworld/build/_deps/protobuf-src/src/google/protobuf/port_def.inc:311:54: note: expanded from macro 'PROTOBUF_DEPRECATED_MSG'
  311 | # define PROTOBUF_DEPRECATED_MSG(msg) __attribute__((deprecated(msg)))
      |                                                      ^
In file included from /home/eb/fyp/helloworld/build/_deps/protobuf-src/src/google/protobuf/proto3_lite_unittest.cc:37:
/home/eb/fyp/helloworld/build/_deps/protobuf-src/src/google/protobuf/proto3_lite_unittest.inc:130:35: warning: 'ByteSize' is deprecated: Please use ByteSizeLong() instead [-Wdeprecated-declarations]
  130 |   EXPECT_EQ(msg1.ByteSize(), msg2.ByteSize() + 1);
      |                                   ^
/home/eb/fyp/helloworld/build/_deps/protobuf-src/src/google/protobuf/message_lite.h:385:3: note: 'ByteSize' has been explicitly marked deprecated here
  385 |   PROTOBUF_DEPRECATED_MSG("Please use ByteSizeLong() instead")
      |   ^
/home/eb/fyp/helloworld/build/_deps/protobuf-src/src/google/protobuf/port_def.inc:311:54: note: expanded from macro 'PROTOBUF_DEPRECATED_MSG'
  311 | # define PROTOBUF_DEPRECATED_MSG(msg) __attribute__((deprecated(msg)))
      |                                                      ^
[ 89%] Building CXX object _deps/protobuf-build/CMakeFiles/tests.dir/__/src/google/protobuf/stubs/status_test.cc.o
[ 89%] Building CXX object _deps/protobuf-build/CMakeFiles/tests.dir/__/src/google/protobuf/stubs/statusor_test.cc.o
[ 89%] Building CXX object _deps/protobuf-build/CMakeFiles/tests.dir/__/src/google/protobuf/stubs/stringpiece_unittest.cc.o
4 warnings generated.
In file included from /home/eb/fyp/helloworld/build/_deps/protobuf-src/src/google/protobuf/map_test.cc:46:
/home/eb/fyp/helloworld/build/_deps/protobuf-src/src/google/protobuf/map_test.inc:1280:13: warning: 'GetRepeatedPtrField' is deprecated: Please use GetRepeatedFieldRef() instead [-Wdeprecated-declarations]
 1280 |       refl->GetRepeatedPtrField<Message>(message, fd_map_int32_int32);
      |             ^
/home/eb/fyp/helloworld/build/_deps/protobuf-src/src/google/protobuf/message.h:867:30: note: 'GetRepeatedPtrField' has been explicitly marked deprecated here
  867 |   const RepeatedPtrField<T>& GetRepeatedPtrField(
      |                              ^
In file included from /home/eb/fyp/helloworld/build/_deps/protobuf-src/src/google/protobuf/map_test.cc:46:
/home/eb/fyp/helloworld/build/_deps/protobuf-src/src/google/protobuf/map_test.inc:1280:13: warning: 'GetRepeatedPtrField<google::protobuf::Message>' is deprecated: Please use GetRepeatedFieldRef() instead [-Wdeprecated-declarations]
 1280 |       refl->GetRepeatedPtrField<Message>(message, fd_map_int32_int32);
      |             ^
/home/eb/fyp/helloworld/build/_deps/protobuf-src/src/google/protobuf/message.h:866:3: note: 'GetRepeatedPtrField<google::protobuf::Message>' has been explicitly marked deprecated here
  866 |   PROTOBUF_DEPRECATED_MSG("Please use GetRepeatedFieldRef() instead")
      |   ^
/home/eb/fyp/helloworld/build/_deps/protobuf-src/src/google/protobuf/port_def.inc:311:54: note: expanded from macro 'PROTOBUF_DEPRECATED_MSG'
  311 | # define PROTOBUF_DEPRECATED_MSG(msg) __attribute__((deprecated(msg)))
      |                                                      ^
In file included from /home/eb/fyp/helloworld/build/_deps/protobuf-src/src/google/protobuf/map_test.cc:46:
/home/eb/fyp/helloworld/build/_deps/protobuf-src/src/google/protobuf/map_test.inc:1282:13: warning: 'GetRepeatedPtrField' is deprecated: Please use GetRepeatedFieldRef() instead [-Wdeprecated-declarations]
 1282 |       refl->GetRepeatedPtrField<Message>(message, fd_map_int32_double);
      |             ^
/home/eb/fyp/helloworld/build/_deps/protobuf-src/src/google/protobuf/message.h:867:30: note: 'GetRepeatedPtrField' has been explicitly marked deprecated here
  867 |   const RepeatedPtrField<T>& GetRepeatedPtrField(
      |                              ^
In file included from /home/eb/fyp/helloworld/build/_deps/protobuf-src/src/google/protobuf/map_test.cc:46:
/home/eb/fyp/helloworld/build/_deps/protobuf-src/src/google/protobuf/map_test.inc:1282:13: warning: 'GetRepeatedPtrField<google::protobuf::Message>' is deprecated: Please use GetRepeatedFieldRef() instead [-Wdeprecated-declarations]
 1282 |       refl->GetRepeatedPtrField<Message>(message, fd_map_int32_double);
      |             ^
/home/eb/fyp/helloworld/build/_deps/protobuf-src/src/google/protobuf/message.h:866:3: note: 'GetRepeatedPtrField<google::protobuf::Message>' has been explicitly marked deprecated here
  866 |   PROTOBUF_DEPRECATED_MSG("Please use GetRepeatedFieldRef() instead")
      |   ^
/home/eb/fyp/helloworld/build/_deps/protobuf-src/src/google/protobuf/port_def.inc:311:54: note: expanded from macro 'PROTOBUF_DEPRECATED_MSG'
  311 | # define PROTOBUF_DEPRECATED_MSG(msg) __attribute__((deprecated(msg)))
      |                                                      ^
In file included from /home/eb/fyp/helloworld/build/_deps/protobuf-src/src/google/protobuf/map_test.cc:46:
/home/eb/fyp/helloworld/build/_deps/protobuf-src/src/google/protobuf/map_test.inc:1284:13: warning: 'GetRepeatedPtrField' is deprecated: Please use GetRepeatedFieldRef() instead [-Wdeprecated-declarations]
 1284 |       refl->GetRepeatedPtrField<Message>(message, fd_map_string_string);
      |             ^
/home/eb/fyp/helloworld/build/_deps/protobuf-src/src/google/protobuf/message.h:867:30: note: 'GetRepeatedPtrField' has been explicitly marked deprecated here
  867 |   const RepeatedPtrField<T>& GetRepeatedPtrField(
      |                              ^
In file included from /home/eb/fyp/helloworld/build/_deps/protobuf-src/src/google/protobuf/map_test.cc:46:
/home/eb/fyp/helloworld/build/_deps/protobuf-src/src/google/protobuf/map_test.inc:1284:13: warning: 'GetRepeatedPtrField<google::protobuf::Message>' is deprecated: Please use GetRepeatedFieldRef() instead [-Wdeprecated-declarations]
 1284 |       refl->GetRepeatedPtrField<Message>(message, fd_map_string_string);
      |             ^
/home/eb/fyp/helloworld/build/_deps/protobuf-src/src/google/protobuf/message.h:866:3: note: 'GetRepeatedPtrField<google::protobuf::Message>' has been explicitly marked deprecated here
  866 |   PROTOBUF_DEPRECATED_MSG("Please use GetRepeatedFieldRef() instead")
      |   ^
/home/eb/fyp/helloworld/build/_deps/protobuf-src/src/google/protobuf/port_def.inc:311:54: note: expanded from macro 'PROTOBUF_DEPRECATED_MSG'
  311 | # define PROTOBUF_DEPRECATED_MSG(msg) __attribute__((deprecated(msg)))
      |                                                      ^
In file included from /home/eb/fyp/helloworld/build/_deps/protobuf-src/src/google/protobuf/map_test.cc:46:
/home/eb/fyp/helloworld/build/_deps/protobuf-src/src/google/protobuf/map_test.inc:1286:13: warning: 'GetRepeatedPtrField' is deprecated: Please use GetRepeatedFieldRef() instead [-Wdeprecated-declarations]
 1286 |       refl->GetRepeatedPtrField<Message>(message, fd_map_int32_foreign_message);
      |             ^
/home/eb/fyp/helloworld/build/_deps/protobuf-src/src/google/protobuf/message.h:867:30: note: 'GetRepeatedPtrField' has been explicitly marked deprecated here
  867 |   const RepeatedPtrField<T>& GetRepeatedPtrField(
      |                              ^
In file included from /home/eb/fyp/helloworld/build/_deps/protobuf-src/src/google/protobuf/map_test.cc:46:
/home/eb/fyp/helloworld/build/_deps/protobuf-src/src/google/protobuf/map_test.inc:1286:13: warning: 'GetRepeatedPtrField<google::protobuf::Message>' is deprecated: Please use GetRepeatedFieldRef() instead [-Wdeprecated-declarations]
 1286 |       refl->GetRepeatedPtrField<Message>(message, fd_map_int32_foreign_message);
      |             ^
/home/eb/fyp/helloworld/build/_deps/protobuf-src/src/google/protobuf/message.h:866:3: note: 'GetRepeatedPtrField<google::protobuf::Message>' has been explicitly marked deprecated here
  866 |   PROTOBUF_DEPRECATED_MSG("Please use GetRepeatedFieldRef() instead")
      |   ^
/home/eb/fyp/helloworld/build/_deps/protobuf-src/src/google/protobuf/port_def.inc:311:54: note: expanded from macro 'PROTOBUF_DEPRECATED_MSG'
  311 | # define PROTOBUF_DEPRECATED_MSG(msg) __attribute__((deprecated(msg)))
      |                                                      ^
In file included from /home/eb/fyp/helloworld/build/_deps/protobuf-src/src/google/protobuf/map_test.cc:46:
/home/eb/fyp/helloworld/build/_deps/protobuf-src/src/google/protobuf/map_test.inc:1290:13: warning: 'MutableRepeatedPtrField' is deprecated: Please use GetMutableRepeatedFieldRef() instead [-Wdeprecated-declarations]
 1290 |       refl->MutableRepeatedPtrField<Message>(&message, fd_map_int32_int32);
      |             ^
/home/eb/fyp/helloworld/build/_deps/protobuf-src/src/google/protobuf/message.h:878:24: note: 'MutableRepeatedPtrField' has been explicitly marked deprecated here
  878 |   RepeatedPtrField<T>* MutableRepeatedPtrField(Message* msg,
      |                        ^
In file included from /home/eb/fyp/helloworld/build/_deps/protobuf-src/src/google/protobuf/map_test.cc:46:
/home/eb/fyp/helloworld/build/_deps/protobuf-src/src/google/protobuf/map_test.inc:1290:13: warning: 'MutableRepeatedPtrField<google::protobuf::Message>' is deprecated: Please use GetMutableRepeatedFieldRef() instead [-Wdeprecated-declarations]
 1290 |       refl->MutableRepeatedPtrField<Message>(&message, fd_map_int32_int32);
      |             ^
/home/eb/fyp/helloworld/build/_deps/protobuf-src/src/google/protobuf/message.h:877:3: note: 'MutableRepeatedPtrField<google::protobuf::Message>' has been explicitly marked deprecated here
  877 |   PROTOBUF_DEPRECATED_MSG("Please use GetMutableRepeatedFieldRef() instead")
      |   ^
/home/eb/fyp/helloworld/build/_deps/protobuf-src/src/google/protobuf/port_def.inc:311:54: note: expanded from macro 'PROTOBUF_DEPRECATED_MSG'
  311 | # define PROTOBUF_DEPRECATED_MSG(msg) __attribute__((deprecated(msg)))
      |                                                      ^
In file included from /home/eb/fyp/helloworld/build/_deps/protobuf-src/src/google/protobuf/map_test.cc:46:
/home/eb/fyp/helloworld/build/_deps/protobuf-src/src/google/protobuf/map_test.inc:1292:13: warning: 'MutableRepeatedPtrField' is deprecated: Please use GetMutableRepeatedFieldRef() instead [-Wdeprecated-declarations]
 1292 |       refl->MutableRepeatedPtrField<Message>(&message, fd_map_int32_double);
      |             ^
/home/eb/fyp/helloworld/build/_deps/protobuf-src/src/google/protobuf/message.h:878:24: note: 'MutableRepeatedPtrField' has been explicitly marked deprecated here
  878 |   RepeatedPtrField<T>* MutableRepeatedPtrField(Message* msg,
      |                        ^
In file included from /home/eb/fyp/helloworld/build/_deps/protobuf-src/src/google/protobuf/map_test.cc:46:
/home/eb/fyp/helloworld/build/_deps/protobuf-src/src/google/protobuf/map_test.inc:1292:13: warning: 'MutableRepeatedPtrField<google::protobuf::Message>' is deprecated: Please use GetMutableRepeatedFieldRef() instead [-Wdeprecated-declarations]
 1292 |       refl->MutableRepeatedPtrField<Message>(&message, fd_map_int32_double);
      |             ^
/home/eb/fyp/helloworld/build/_deps/protobuf-src/src/google/protobuf/message.h:877:3: note: 'MutableRepeatedPtrField<google::protobuf::Message>' has been explicitly marked deprecated here
  877 |   PROTOBUF_DEPRECATED_MSG("Please use GetMutableRepeatedFieldRef() instead")
      |   ^
/home/eb/fyp/helloworld/build/_deps/protobuf-src/src/google/protobuf/port_def.inc:311:54: note: expanded from macro 'PROTOBUF_DEPRECATED_MSG'
  311 | # define PROTOBUF_DEPRECATED_MSG(msg) __attribute__((deprecated(msg)))
      |                                                      ^
In file included from /home/eb/fyp/helloworld/build/_deps/protobuf-src/src/google/protobuf/map_test.cc:46:
/home/eb/fyp/helloworld/build/_deps/protobuf-src/src/google/protobuf/map_test.inc:1294:13: warning: 'MutableRepeatedPtrField' is deprecated: Please use GetMutableRepeatedFieldRef() instead [-Wdeprecated-declarations]
 1294 |       refl->MutableRepeatedPtrField<Message>(&message, fd_map_string_string);
      |             ^
/home/eb/fyp/helloworld/build/_deps/protobuf-src/src/google/protobuf/message.h:878:24: note: 'MutableRepeatedPtrField' has been explicitly marked deprecated here
  878 |   RepeatedPtrField<T>* MutableRepeatedPtrField(Message* msg,
      |                        ^
In file included from /home/eb/fyp/helloworld/build/_deps/protobuf-src/src/google/protobuf/map_test.cc:46:
/home/eb/fyp/helloworld/build/_deps/protobuf-src/src/google/protobuf/map_test.inc:1294:13: warning: 'MutableRepeatedPtrField<google::protobuf::Message>' is deprecated: Please use GetMutableRepeatedFieldRef() instead [-Wdeprecated-declarations]
 1294 |       refl->MutableRepeatedPtrField<Message>(&message, fd_map_string_string);
      |             ^
/home/eb/fyp/helloworld/build/_deps/protobuf-src/src/google/protobuf/message.h:877:3: note: 'MutableRepeatedPtrField<google::protobuf::Message>' has been explicitly marked deprecated here
  877 |   PROTOBUF_DEPRECATED_MSG("Please use GetMutableRepeatedFieldRef() instead")
      |   ^
/home/eb/fyp/helloworld/build/_deps/protobuf-src/src/google/protobuf/port_def.inc:311:54: note: expanded from macro 'PROTOBUF_DEPRECATED_MSG'
  311 | # define PROTOBUF_DEPRECATED_MSG(msg) __attribute__((deprecated(msg)))
      |                                                      ^
In file included from /home/eb/fyp/helloworld/build/_deps/protobuf-src/src/google/protobuf/map_test.cc:46:
/home/eb/fyp/helloworld/build/_deps/protobuf-src/src/google/protobuf/map_test.inc:1296:13: warning: 'MutableRepeatedPtrField' is deprecated: Please use GetMutableRepeatedFieldRef() instead [-Wdeprecated-declarations]
 1296 |       refl->MutableRepeatedPtrField<Message>(&message,
      |             ^
/home/eb/fyp/helloworld/build/_deps/protobuf-src/src/google/protobuf/message.h:878:24: note: 'MutableRepeatedPtrField' has been explicitly marked deprecated here
  878 |   RepeatedPtrField<T>* MutableRepeatedPtrField(Message* msg,
      |                        ^
In file included from /home/eb/fyp/helloworld/build/_deps/protobuf-src/src/google/protobuf/map_test.cc:46:
/home/eb/fyp/helloworld/build/_deps/protobuf-src/src/google/protobuf/map_test.inc:1296:13: warning: 'MutableRepeatedPtrField<google::protobuf::Message>' is deprecated: Please use GetMutableRepeatedFieldRef() instead [-Wdeprecated-declarations]
 1296 |       refl->MutableRepeatedPtrField<Message>(&message,
      |             ^
/home/eb/fyp/helloworld/build/_deps/protobuf-src/src/google/protobuf/message.h:877:3: note: 'MutableRepeatedPtrField<google::protobuf::Message>' has been explicitly marked deprecated here
  877 |   PROTOBUF_DEPRECATED_MSG("Please use GetMutableRepeatedFieldRef() instead")
      |   ^
/home/eb/fyp/helloworld/build/_deps/protobuf-src/src/google/protobuf/port_def.inc:311:54: note: expanded from macro 'PROTOBUF_DEPRECATED_MSG'
  311 | # define PROTOBUF_DEPRECATED_MSG(msg) __attribute__((deprecated(msg)))
      |                                                      ^
[ 89%] Building CXX object _deps/protobuf-build/CMakeFiles/tests.dir/__/src/google/protobuf/stubs/stringprintf_unittest.cc.o
In file included from /home/eb/fyp/helloworld/build/_deps/protobuf-src/src/google/protobuf/map_test.cc:46:
/home/eb/fyp/helloworld/build/_deps/protobuf-src/src/google/protobuf/map_test.inc:2108:19: warning: 'SpaceUsed' is deprecated: Please use SpaceUsedLong() instead [-Wdeprecated-declarations]
 2108 |   EXPECT_NE(entry.SpaceUsed(), 0);
      |                   ^
/home/eb/fyp/helloworld/build/_deps/protobuf-src/src/google/protobuf/message.h:301:3: note: 'SpaceUsed' has been explicitly marked deprecated here
  301 |   PROTOBUF_DEPRECATED_MSG("Please use SpaceUsedLong() instead")
      |   ^
/home/eb/fyp/helloworld/build/_deps/protobuf-src/src/google/protobuf/port_def.inc:311:54: note: expanded from macro 'PROTOBUF_DEPRECATED_MSG'
  311 | # define PROTOBUF_DEPRECATED_MSG(msg) __attribute__((deprecated(msg)))
      |                                                      ^
In file included from /home/eb/fyp/helloworld/build/_deps/protobuf-src/src/google/protobuf/map_test.cc:46:
/home/eb/fyp/helloworld/build/_deps/protobuf-src/src/google/protobuf/map_test.inc:2690:38: warning: 'SpaceUsed' is deprecated: Please use SpaceUsedLong() instead [-Wdeprecated-declarations]
 2690 |   const size_t initial = map_message.SpaceUsed();
      |                                      ^
/home/eb/fyp/helloworld/build/_deps/protobuf-src/src/google/protobuf/message.h:301:3: note: 'SpaceUsed' has been explicitly marked deprecated here
  301 |   PROTOBUF_DEPRECATED_MSG("Please use SpaceUsedLong() instead")
      |   ^
/home/eb/fyp/helloworld/build/_deps/protobuf-src/src/google/protobuf/port_def.inc:311:54: note: expanded from macro 'PROTOBUF_DEPRECATED_MSG'
  311 | # define PROTOBUF_DEPRECATED_MSG(msg) __attribute__((deprecated(msg)))
      |                                                      ^
In file included from /home/eb/fyp/helloworld/build/_deps/protobuf-src/src/google/protobuf/map_test.cc:46:
/home/eb/fyp/helloworld/build/_deps/protobuf-src/src/google/protobuf/map_test.inc:2691:62: warning: 'SpaceUsed' is deprecated: Please use SpaceUsedLong() instead [-Wdeprecated-declarations]
 2691 |   const size_t space_used_message = UNITTEST::TestRequired().SpaceUsed();
      |                                                              ^
/home/eb/fyp/helloworld/build/_deps/protobuf-src/src/google/protobuf/message.h:301:3: note: 'SpaceUsed' has been explicitly marked deprecated here
  301 |   PROTOBUF_DEPRECATED_MSG("Please use SpaceUsedLong() instead")
      |   ^
/home/eb/fyp/helloworld/build/_deps/protobuf-src/src/google/protobuf/port_def.inc:311:54: note: expanded from macro 'PROTOBUF_DEPRECATED_MSG'
  311 | # define PROTOBUF_DEPRECATED_MSG(msg) __attribute__((deprecated(msg)))
      |                                                      ^
In file included from /home/eb/fyp/helloworld/build/_deps/protobuf-src/src/google/protobuf/map_test.cc:46:
/home/eb/fyp/helloworld/build/_deps/protobuf-src/src/google/protobuf/map_test.inc:2706:38: warning: 'SpaceUsed' is deprecated: Please use SpaceUsedLong() instead [-Wdeprecated-declarations]
 2706 |   EXPECT_LE(lower_bound, map_message.SpaceUsed());
      |                                      ^
/home/eb/fyp/helloworld/build/_deps/protobuf-src/src/google/protobuf/message.h:301:3: note: 'SpaceUsed' has been explicitly marked deprecated here
  301 |   PROTOBUF_DEPRECATED_MSG("Please use SpaceUsedLong() instead")
      |   ^
/home/eb/fyp/helloworld/build/_deps/protobuf-src/src/google/protobuf/port_def.inc:311:54: note: expanded from macro 'PROTOBUF_DEPRECATED_MSG'
  311 | # define PROTOBUF_DEPRECATED_MSG(msg) __attribute__((deprecated(msg)))
      |                                                      ^
[ 89%] Building CXX object _deps/protobuf-build/CMakeFiles/tests.dir/__/src/google/protobuf/stubs/strutil_unittest.cc.o
[ 89%] Building CXX object _deps/protobuf-build/CMakeFiles/tests.dir/__/src/google/protobuf/stubs/structurally_valid_unittest.cc.o
In file included from /home/eb/fyp/helloworld/build/_deps/protobuf-src/src/google/protobuf/map_test.cc:46:
/home/eb/fyp/helloworld/build/_deps/protobuf-src/src/google/protobuf/map_test.inc:3687:19: warning: 'MutableRepeatedPtrField' is deprecated: Please use GetMutableRepeatedFieldRef() instead [-Wdeprecated-declarations]
 3687 |       reflection->MutableRepeatedPtrField<Message>(&source, field_desc);
      |                   ^
/home/eb/fyp/helloworld/build/_deps/protobuf-src/src/google/protobuf/message.h:878:24: note: 'MutableRepeatedPtrField' has been explicitly marked deprecated here
  878 |   RepeatedPtrField<T>* MutableRepeatedPtrField(Message* msg,
      |                        ^
In file included from /home/eb/fyp/helloworld/build/_deps/protobuf-src/src/google/protobuf/map_test.cc:46:
/home/eb/fyp/helloworld/build/_deps/protobuf-src/src/google/protobuf/map_test.inc:3687:19: warning: 'MutableRepeatedPtrField<google::protobuf::Message>' is deprecated: Please use GetMutableRepeatedFieldRef() instead [-Wdeprecated-declarations]
 3687 |       reflection->MutableRepeatedPtrField<Message>(&source, field_desc);
      |                   ^
/home/eb/fyp/helloworld/build/_deps/protobuf-src/src/google/protobuf/message.h:877:3: note: 'MutableRepeatedPtrField<google::protobuf::Message>' has been explicitly marked deprecated here
  877 |   PROTOBUF_DEPRECATED_MSG("Please use GetMutableRepeatedFieldRef() instead")
      |   ^
/home/eb/fyp/helloworld/build/_deps/protobuf-src/src/google/protobuf/port_def.inc:311:54: note: expanded from macro 'PROTOBUF_DEPRECATED_MSG'
  311 | # define PROTOBUF_DEPRECATED_MSG(msg) __attribute__((deprecated(msg)))
      |                                                      ^
[ 90%] Building CXX object _deps/protobuf-build/CMakeFiles/tests.dir/__/src/google/protobuf/stubs/template_util_unittest.cc.o
[ 90%] Building CXX object _deps/protobuf-build/CMakeFiles/tests.dir/__/src/google/protobuf/stubs/time_test.cc.o
/home/eb/fyp/helloworld/build/_deps/protobuf-src/src/google/protobuf/repeated_field_reflection_unittest.cc:81:13: warning: 'GetRepeatedField' is deprecated: Please use GetRepeatedFieldRef() instead [-Wdeprecated-declarations]
   81 |       refl->GetRepeatedField<int32>(message, fd_repeated_int32);
      |             ^
/home/eb/fyp/helloworld/build/_deps/protobuf-src/src/google/protobuf/message.h:846:27: note: 'GetRepeatedField' has been explicitly marked deprecated here
  846 |   const RepeatedField<T>& GetRepeatedField(const Message& msg,
      |                           ^
/home/eb/fyp/helloworld/build/_deps/protobuf-src/src/google/protobuf/repeated_field_reflection_unittest.cc:81:13: warning: 'GetRepeatedField<int>' is deprecated: Please use GetRepeatedFieldRef() instead [-Wdeprecated-declarations]
   81 |       refl->GetRepeatedField<int32>(message, fd_repeated_int32);
      |             ^
/home/eb/fyp/helloworld/build/_deps/protobuf-src/src/google/protobuf/message.h:845:3: note: 'GetRepeatedField<int>' has been explicitly marked deprecated here
  845 |   PROTOBUF_DEPRECATED_MSG("Please use GetRepeatedFieldRef() instead")
      |   ^
/home/eb/fyp/helloworld/build/_deps/protobuf-src/src/google/protobuf/port_def.inc:311:54: note: expanded from macro 'PROTOBUF_DEPRECATED_MSG'
  311 | # define PROTOBUF_DEPRECATED_MSG(msg) __attribute__((deprecated(msg)))
      |                                                      ^
/home/eb/fyp/helloworld/build/_deps/protobuf-src/src/google/protobuf/repeated_field_reflection_unittest.cc:83:13: warning: 'GetRepeatedField' is deprecated: Please use GetRepeatedFieldRef() instead [-Wdeprecated-declarations]
   83 |       refl->GetRepeatedField<double>(message, fd_repeated_double);
      |             ^
/home/eb/fyp/helloworld/build/_deps/protobuf-src/src/google/protobuf/message.h:846:27: note: 'GetRepeatedField' has been explicitly marked deprecated here
  846 |   const RepeatedField<T>& GetRepeatedField(const Message& msg,
      |                           ^
/home/eb/fyp/helloworld/build/_deps/protobuf-src/src/google/protobuf/repeated_field_reflection_unittest.cc:83:13: warning: 'GetRepeatedField<double>' is deprecated: Please use GetRepeatedFieldRef() instead [-Wdeprecated-declarations]
   83 |       refl->GetRepeatedField<double>(message, fd_repeated_double);
      |             ^
/home/eb/fyp/helloworld/build/_deps/protobuf-src/src/google/protobuf/message.h:845:3: note: 'GetRepeatedField<double>' has been explicitly marked deprecated here
  845 |   PROTOBUF_DEPRECATED_MSG("Please use GetRepeatedFieldRef() instead")
      |   ^
/home/eb/fyp/helloworld/build/_deps/protobuf-src/src/google/protobuf/port_def.inc:311:54: note: expanded from macro 'PROTOBUF_DEPRECATED_MSG'
  311 | # define PROTOBUF_DEPRECATED_MSG(msg) __attribute__((deprecated(msg)))
      |                                                      ^
/home/eb/fyp/helloworld/build/_deps/protobuf-src/src/google/protobuf/repeated_field_reflection_unittest.cc:87:13: warning: 'MutableRepeatedField' is deprecated: Please use GetMutableRepeatedFieldRef() instead [-Wdeprecated-declarations]
   87 |       refl->MutableRepeatedField<int32>(&message, fd_repeated_int32);
      |             ^
/home/eb/fyp/helloworld/build/_deps/protobuf-src/src/google/protobuf/message.h:856:21: note: 'MutableRepeatedField' has been explicitly marked deprecated here
  856 |   RepeatedField<T>* MutableRepeatedField(Message* msg,
      |                     ^
/home/eb/fyp/helloworld/build/_deps/protobuf-src/src/google/protobuf/repeated_field_reflection_unittest.cc:87:13: warning: 'MutableRepeatedField<int>' is deprecated: Please use GetMutableRepeatedFieldRef() instead [-Wdeprecated-declarations]
   87 |       refl->MutableRepeatedField<int32>(&message, fd_repeated_int32);
      |             ^
/home/eb/fyp/helloworld/build/_deps/protobuf-src/src/google/protobuf/message.h:855:3: note: 'MutableRepeatedField<int>' has been explicitly marked deprecated here
  855 |   PROTOBUF_DEPRECATED_MSG("Please use GetMutableRepeatedFieldRef() instead")
      |   ^
/home/eb/fyp/helloworld/build/_deps/protobuf-src/src/google/protobuf/port_def.inc:311:54: note: expanded from macro 'PROTOBUF_DEPRECATED_MSG'
  311 | # define PROTOBUF_DEPRECATED_MSG(msg) __attribute__((deprecated(msg)))
      |                                                      ^
/home/eb/fyp/helloworld/build/_deps/protobuf-src/src/google/protobuf/repeated_field_reflection_unittest.cc:89:13: warning: 'MutableRepeatedField' is deprecated: Please use GetMutableRepeatedFieldRef() instead [-Wdeprecated-declarations]
   89 |       refl->MutableRepeatedField<double>(&message, fd_repeated_double);
      |             ^
/home/eb/fyp/helloworld/build/_deps/protobuf-src/src/google/protobuf/message.h:856:21: note: 'MutableRepeatedField' has been explicitly marked deprecated here
  856 |   RepeatedField<T>* MutableRepeatedField(Message* msg,
      |                     ^
/home/eb/fyp/helloworld/build/_deps/protobuf-src/src/google/protobuf/repeated_field_reflection_unittest.cc:89:13: warning: 'MutableRepeatedField<double>' is deprecated: Please use GetMutableRepeatedFieldRef() instead [-Wdeprecated-declarations]
   89 |       refl->MutableRepeatedField<double>(&message, fd_repeated_double);
      |             ^
/home/eb/fyp/helloworld/build/_deps/protobuf-src/src/google/protobuf/message.h:855:3: note: 'MutableRepeatedField<double>' has been explicitly marked deprecated here
  855 |   PROTOBUF_DEPRECATED_MSG("Please use GetMutableRepeatedFieldRef() instead")
      |   ^
/home/eb/fyp/helloworld/build/_deps/protobuf-src/src/google/protobuf/port_def.inc:311:54: note: expanded from macro 'PROTOBUF_DEPRECATED_MSG'
  311 | # define PROTOBUF_DEPRECATED_MSG(msg) __attribute__((deprecated(msg)))
      |                                                      ^
/home/eb/fyp/helloworld/build/_deps/protobuf-src/src/google/protobuf/repeated_field_reflection_unittest.cc:93:13: warning: 'GetRepeatedPtrField' is deprecated: Please use GetRepeatedFieldRef() instead [-Wdeprecated-declarations]
   93 |       refl->GetRepeatedPtrField<std::string>(message, fd_repeated_string);
      |             ^
/home/eb/fyp/helloworld/build/_deps/protobuf-src/src/google/protobuf/message.h:867:30: note: 'GetRepeatedPtrField' has been explicitly marked deprecated here
  867 |   const RepeatedPtrField<T>& GetRepeatedPtrField(
      |                              ^
/home/eb/fyp/helloworld/build/_deps/protobuf-src/src/google/protobuf/repeated_field_reflection_unittest.cc:93:13: warning: 'GetRepeatedPtrField<std::basic_string<char>>' is deprecated: Please use GetRepeatedFieldRef() instead [-Wdeprecated-declarations]
   93 |       refl->GetRepeatedPtrField<std::string>(message, fd_repeated_string);
      |             ^
/home/eb/fyp/helloworld/build/_deps/protobuf-src/src/google/protobuf/message.h:866:3: note: 'GetRepeatedPtrField<std::basic_string<char>>' has been explicitly marked deprecated here
  866 |   PROTOBUF_DEPRECATED_MSG("Please use GetRepeatedFieldRef() instead")
      |   ^
/home/eb/fyp/helloworld/build/_deps/protobuf-src/src/google/protobuf/port_def.inc:311:54: note: expanded from macro 'PROTOBUF_DEPRECATED_MSG'
  311 | # define PROTOBUF_DEPRECATED_MSG(msg) __attribute__((deprecated(msg)))
      |                                                      ^
/home/eb/fyp/helloworld/build/_deps/protobuf-src/src/google/protobuf/repeated_field_reflection_unittest.cc:95:13: warning: 'GetRepeatedPtrField' is deprecated: Please use GetRepeatedFieldRef() instead [-Wdeprecated-declarations]
   95 |       refl->GetRepeatedPtrField<ForeignMessage>(message,
      |             ^
/home/eb/fyp/helloworld/build/_deps/protobuf-src/src/google/protobuf/message.h:867:30: note: 'GetRepeatedPtrField' has been explicitly marked deprecated here
  867 |   const RepeatedPtrField<T>& GetRepeatedPtrField(
      |                              ^
/home/eb/fyp/helloworld/build/_deps/protobuf-src/src/google/protobuf/repeated_field_reflection_unittest.cc:95:13: warning: 'GetRepeatedPtrField<protobuf_unittest::ForeignMessage>' is deprecated: Please use GetRepeatedFieldRef() instead [-Wdeprecated-declarations]
   95 |       refl->GetRepeatedPtrField<ForeignMessage>(message,
      |             ^
/home/eb/fyp/helloworld/build/_deps/protobuf-src/src/google/protobuf/message.h:866:3: note: 'GetRepeatedPtrField<protobuf_unittest::ForeignMessage>' has been explicitly marked deprecated here
  866 |   PROTOBUF_DEPRECATED_MSG("Please use GetRepeatedFieldRef() instead")
      |   ^
/home/eb/fyp/helloworld/build/_deps/protobuf-src/src/google/protobuf/port_def.inc:311:54: note: expanded from macro 'PROTOBUF_DEPRECATED_MSG'
  311 | # define PROTOBUF_DEPRECATED_MSG(msg) __attribute__((deprecated(msg)))
      |                                                      ^
/home/eb/fyp/helloworld/build/_deps/protobuf-src/src/google/protobuf/repeated_field_reflection_unittest.cc:98:13: warning: 'GetRepeatedPtrField' is deprecated: Please use GetRepeatedFieldRef() instead [-Wdeprecated-declarations]
   98 |       refl->GetRepeatedPtrField<Message>(message, fd_repeated_foreign_message);
      |             ^
/home/eb/fyp/helloworld/build/_deps/protobuf-src/src/google/protobuf/message.h:867:30: note: 'GetRepeatedPtrField' has been explicitly marked deprecated here
  867 |   const RepeatedPtrField<T>& GetRepeatedPtrField(
      |                              ^
/home/eb/fyp/helloworld/build/_deps/protobuf-src/src/google/protobuf/repeated_field_reflection_unittest.cc:98:13: warning: 'GetRepeatedPtrField<google::protobuf::Message>' is deprecated: Please use GetRepeatedFieldRef() instead [-Wdeprecated-declarations]
   98 |       refl->GetRepeatedPtrField<Message>(message, fd_repeated_foreign_message);
      |             ^
/home/eb/fyp/helloworld/build/_deps/protobuf-src/src/google/protobuf/message.h:866:3: note: 'GetRepeatedPtrField<google::protobuf::Message>' has been explicitly marked deprecated here
  866 |   PROTOBUF_DEPRECATED_MSG("Please use GetRepeatedFieldRef() instead")
      |   ^
/home/eb/fyp/helloworld/build/_deps/protobuf-src/src/google/protobuf/port_def.inc:311:54: note: expanded from macro 'PROTOBUF_DEPRECATED_MSG'
  311 | # define PROTOBUF_DEPRECATED_MSG(msg) __attribute__((deprecated(msg)))
      |                                                      ^
/home/eb/fyp/helloworld/build/_deps/protobuf-src/src/google/protobuf/repeated_field_reflection_unittest.cc:102:13: warning: 'MutableRepeatedPtrField' is deprecated: Please use GetMutableRepeatedFieldRef() instead [-Wdeprecated-declarations]
  102 |       refl->MutableRepeatedPtrField<std::string>(&message, fd_repeated_string);
      |             ^
/home/eb/fyp/helloworld/build/_deps/protobuf-src/src/google/protobuf/message.h:878:24: note: 'MutableRepeatedPtrField' has been explicitly marked deprecated here
  878 |   RepeatedPtrField<T>* MutableRepeatedPtrField(Message* msg,
      |                        ^
/home/eb/fyp/helloworld/build/_deps/protobuf-src/src/google/protobuf/repeated_field_reflection_unittest.cc:102:13: warning: 'MutableRepeatedPtrField<std::basic_string<char>>' is deprecated: Please use GetMutableRepeatedFieldRef() instead [-Wdeprecated-declarations]
  102 |       refl->MutableRepeatedPtrField<std::string>(&message, fd_repeated_string);
      |             ^
/home/eb/fyp/helloworld/build/_deps/protobuf-src/src/google/protobuf/message.h:877:3: note: 'MutableRepeatedPtrField<std::basic_string<char>>' has been explicitly marked deprecated here
  877 |   PROTOBUF_DEPRECATED_MSG("Please use GetMutableRepeatedFieldRef() instead")
      |   ^
/home/eb/fyp/helloworld/build/_deps/protobuf-src/src/google/protobuf/port_def.inc:311:54: note: expanded from macro 'PROTOBUF_DEPRECATED_MSG'
  311 | # define PROTOBUF_DEPRECATED_MSG(msg) __attribute__((deprecated(msg)))
      |                                                      ^
/home/eb/fyp/helloworld/build/_deps/protobuf-src/src/google/protobuf/repeated_field_reflection_unittest.cc:104:13: warning: 'MutableRepeatedPtrField' is deprecated: Please use GetMutableRepeatedFieldRef() instead [-Wdeprecated-declarations]
  104 |       refl->MutableRepeatedPtrField<ForeignMessage>(
      |             ^
/home/eb/fyp/helloworld/build/_deps/protobuf-src/src/google/protobuf/message.h:878:24: note: 'MutableRepeatedPtrField' has been explicitly marked deprecated here
  878 |   RepeatedPtrField<T>* MutableRepeatedPtrField(Message* msg,
      |                        ^
/home/eb/fyp/helloworld/build/_deps/protobuf-src/src/google/protobuf/repeated_field_reflection_unittest.cc:104:13: warning: 'MutableRepeatedPtrField<protobuf_unittest::ForeignMessage>' is deprecated: Please use GetMutableRepeatedFieldRef() instead [-Wdeprecated-declarations]
  104 |       refl->MutableRepeatedPtrField<ForeignMessage>(
      |             ^
/home/eb/fyp/helloworld/build/_deps/protobuf-src/src/google/protobuf/message.h:877:3: note: 'MutableRepeatedPtrField<protobuf_unittest::ForeignMessage>' has been explicitly marked deprecated here
  877 |   PROTOBUF_DEPRECATED_MSG("Please use GetMutableRepeatedFieldRef() instead")
      |   ^
/home/eb/fyp/helloworld/build/_deps/protobuf-src/src/google/protobuf/port_def.inc:311:54: note: expanded from macro 'PROTOBUF_DEPRECATED_MSG'
  311 | # define PROTOBUF_DEPRECATED_MSG(msg) __attribute__((deprecated(msg)))
      |                                                      ^
/home/eb/fyp/helloworld/build/_deps/protobuf-src/src/google/protobuf/repeated_field_reflection_unittest.cc:107:13: warning: 'MutableRepeatedPtrField' is deprecated: Please use GetMutableRepeatedFieldRef() instead [-Wdeprecated-declarations]
  107 |       refl->MutableRepeatedPtrField<Message>(&message,
      |             ^
/home/eb/fyp/helloworld/build/_deps/protobuf-src/src/google/protobuf/message.h:878:24: note: 'MutableRepeatedPtrField' has been explicitly marked deprecated here
  878 |   RepeatedPtrField<T>* MutableRepeatedPtrField(Message* msg,
      |                        ^
/home/eb/fyp/helloworld/build/_deps/protobuf-src/src/google/protobuf/repeated_field_reflection_unittest.cc:107:13: warning: 'MutableRepeatedPtrField<google::protobuf::Message>' is deprecated: Please use GetMutableRepeatedFieldRef() instead [-Wdeprecated-declarations]
  107 |       refl->MutableRepeatedPtrField<Message>(&message,
      |             ^
/home/eb/fyp/helloworld/build/_deps/protobuf-src/src/google/protobuf/message.h:877:3: note: 'MutableRepeatedPtrField<google::protobuf::Message>' has been explicitly marked deprecated here
  877 |   PROTOBUF_DEPRECATED_MSG("Please use GetMutableRepeatedFieldRef() instead")
      |   ^
/home/eb/fyp/helloworld/build/_deps/protobuf-src/src/google/protobuf/port_def.inc:311:54: note: expanded from macro 'PROTOBUF_DEPRECATED_MSG'
  311 | # define PROTOBUF_DEPRECATED_MSG(msg) __attribute__((deprecated(msg)))
      |                                                      ^
/home/eb/fyp/helloworld/build/_deps/protobuf-src/src/google/protobuf/repeated_field_reflection_unittest.cc:171:13: warning: 'GetRepeatedField' is deprecated: Please use GetRepeatedFieldRef() instead [-Wdeprecated-declarations]
  171 |       refl->GetRepeatedField<int64>(extended_message,
      |             ^
/home/eb/fyp/helloworld/build/_deps/protobuf-src/src/google/protobuf/message.h:846:27: note: 'GetRepeatedField' has been explicitly marked deprecated here
  846 |   const RepeatedField<T>& GetRepeatedField(const Message& msg,
      |                           ^
/home/eb/fyp/helloworld/build/_deps/protobuf-src/src/google/protobuf/repeated_field_reflection_unittest.cc:171:13: warning: 'GetRepeatedField<long>' is deprecated: Please use GetRepeatedFieldRef() instead [-Wdeprecated-declarations]
  171 |       refl->GetRepeatedField<int64>(extended_message,
      |             ^
/home/eb/fyp/helloworld/build/_deps/protobuf-src/src/google/protobuf/message.h:845:3: note: 'GetRepeatedField<long>' has been explicitly marked deprecated here
  845 |   PROTOBUF_DEPRECATED_MSG("Please use GetRepeatedFieldRef() instead")
      |   ^
/home/eb/fyp/helloworld/build/_deps/protobuf-src/src/google/protobuf/port_def.inc:311:54: note: expanded from macro 'PROTOBUF_DEPRECATED_MSG'
  311 | # define PROTOBUF_DEPRECATED_MSG(msg) __attribute__((deprecated(msg)))
      |                                                      ^
/home/eb/fyp/helloworld/build/_deps/protobuf-src/src/google/protobuf/repeated_field_reflection_unittest.cc:174:53: warning: 'MutableRepeatedField' is deprecated: Please use GetMutableRepeatedFieldRef() instead [-Wdeprecated-declarations]
  174 |   RepeatedField<int64>* mrf_int64_extension = refl->MutableRepeatedField<int64>(
      |                                                     ^
/home/eb/fyp/helloworld/build/_deps/protobuf-src/src/google/protobuf/message.h:856:21: note: 'MutableRepeatedField' has been explicitly marked deprecated here
  856 |   RepeatedField<T>* MutableRepeatedField(Message* msg,
      |                     ^
/home/eb/fyp/helloworld/build/_deps/protobuf-src/src/google/protobuf/repeated_field_reflection_unittest.cc:174:53: warning: 'MutableRepeatedField<long>' is deprecated: Please use GetMutableRepeatedFieldRef() instead [-Wdeprecated-declarations]
  174 |   RepeatedField<int64>* mrf_int64_extension = refl->MutableRepeatedField<int64>(
      |                                                     ^
/home/eb/fyp/helloworld/build/_deps/protobuf-src/src/google/protobuf/message.h:855:3: note: 'MutableRepeatedField<long>' has been explicitly marked deprecated here
  855 |   PROTOBUF_DEPRECATED_MSG("Please use GetMutableRepeatedFieldRef() instead")
      |   ^
/home/eb/fyp/helloworld/build/_deps/protobuf-src/src/google/protobuf/port_def.inc:311:54: note: expanded from macro 'PROTOBUF_DEPRECATED_MSG'
  311 | # define PROTOBUF_DEPRECATED_MSG(msg) __attribute__((deprecated(msg)))
      |                                                      ^
[ 90%] Building CXX object _deps/protobuf-build/CMakeFiles/tests.dir/__/src/google/protobuf/text_format_unittest.cc.o
[ 90%] Building CXX object _deps/protobuf-build/CMakeFiles/tests.dir/__/src/google/protobuf/unknown_field_set_unittest.cc.o
[ 90%] Building CXX object _deps/protobuf-build/CMakeFiles/tests.dir/__/src/google/protobuf/util/delimited_message_util_test.cc.o
[ 90%] Building CXX object _deps/protobuf-build/CMakeFiles/tests.dir/__/src/google/protobuf/util/field_comparator_test.cc.o
[ 90%] Building CXX object _deps/protobuf-build/CMakeFiles/tests.dir/__/src/google/protobuf/util/field_mask_util_test.cc.o
24 warnings generated.
[ 90%] Building CXX object _deps/protobuf-build/CMakeFiles/tests.dir/__/src/google/protobuf/util/internal/default_value_objectwriter_test.cc.o
[ 91%] Building CXX object _deps/protobuf-build/CMakeFiles/tests.dir/__/src/google/protobuf/util/internal/json_objectwriter_test.cc.o
[ 91%] Building CXX object _deps/protobuf-build/CMakeFiles/tests.dir/__/src/google/protobuf/util/internal/json_stream_parser_test.cc.o
[ 91%] Building CXX object _deps/protobuf-build/CMakeFiles/tests.dir/__/src/google/protobuf/util/internal/protostream_objectsource_test.cc.o
[ 91%] Building CXX object _deps/protobuf-build/CMakeFiles/tests.dir/__/src/google/protobuf/util/internal/protostream_objectwriter_test.cc.o
[ 91%] Building CXX object _deps/protobuf-build/CMakeFiles/tests.dir/__/src/google/protobuf/util/internal/type_info_test_helper.cc.o
[ 91%] Building CXX object _deps/protobuf-build/CMakeFiles/tests.dir/__/src/google/protobuf/util/json_util_test.cc.o
[ 91%] Building CXX object _deps/protobuf-build/CMakeFiles/tests.dir/__/src/google/protobuf/util/message_differencer_unittest.cc.o
[ 92%] Building CXX object _deps/protobuf-build/CMakeFiles/tests.dir/__/src/google/protobuf/util/time_util_test.cc.o
[ 92%] Building CXX object _deps/protobuf-build/CMakeFiles/tests.dir/__/src/google/protobuf/util/type_resolver_util_test.cc.o
[ 92%] Building CXX object _deps/protobuf-build/CMakeFiles/tests.dir/__/src/google/protobuf/well_known_types_unittest.cc.o
[ 92%] Building CXX object _deps/protobuf-build/CMakeFiles/tests.dir/__/src/google/protobuf/wire_format_unittest.cc.o
[ 92%] Building CXX object _deps/protobuf-build/CMakeFiles/tests.dir/__/src/google/protobuf/arena_test_util.cc.o
[ 92%] Building CXX object _deps/protobuf-build/CMakeFiles/tests.dir/__/src/google/protobuf/map_lite_test_util.cc.o
/home/eb/fyp/helloworld/build/_deps/protobuf-src/src/google/protobuf/text_format_unittest.cc:473:11: warning: 'SetDefaultFieldValuePrinter' is deprecated: Please use FastFieldValuePrinter [-Wdeprecated-declarations]
  473 |   printer.SetDefaultFieldValuePrinter(new CustomUInt32FieldValuePrinter());
      |           ^
/home/eb/fyp/helloworld/build/_deps/protobuf-src/src/google/protobuf/text_format.h:302:5: note: 'SetDefaultFieldValuePrinter' has been explicitly marked deprecated here
  302 |     PROTOBUF_DEPRECATED_MSG("Please use FastFieldValuePrinter")
      |     ^
/home/eb/fyp/helloworld/build/_deps/protobuf-src/src/google/protobuf/port_def.inc:311:54: note: expanded from macro 'PROTOBUF_DEPRECATED_MSG'
  311 | # define PROTOBUF_DEPRECATED_MSG(msg) __attribute__((deprecated(msg)))
      |                                                      ^
/home/eb/fyp/helloworld/build/_deps/protobuf-src/src/google/protobuf/text_format_unittest.cc:495:23: warning: 'RegisterFieldValuePrinter' is deprecated: Please use FastFieldValuePrinter [-Wdeprecated-declarations]
  495 |   EXPECT_TRUE(printer.RegisterFieldValuePrinter(
      |                       ^
/home/eb/fyp/helloworld/build/_deps/protobuf-src/src/google/protobuf/text_format.h:356:5: note: 'RegisterFieldValuePrinter' has been explicitly marked deprecated here
  356 |     PROTOBUF_DEPRECATED_MSG("Please use FastFieldValuePrinter")
      |     ^
/home/eb/fyp/helloworld/build/_deps/protobuf-src/src/google/protobuf/port_def.inc:311:54: note: expanded from macro 'PROTOBUF_DEPRECATED_MSG'
  311 | # define PROTOBUF_DEPRECATED_MSG(msg) __attribute__((deprecated(msg)))
      |                                                      ^
/home/eb/fyp/helloworld/build/_deps/protobuf-src/src/google/protobuf/text_format_unittest.cc:508:23: warning: 'RegisterFieldValuePrinter' is deprecated: Please use FastFieldValuePrinter [-Wdeprecated-declarations]
  508 |   ASSERT_TRUE(printer.RegisterFieldValuePrinter(
      |                       ^
/home/eb/fyp/helloworld/build/_deps/protobuf-src/src/google/protobuf/text_format.h:356:5: note: 'RegisterFieldValuePrinter' has been explicitly marked deprecated here
  356 |     PROTOBUF_DEPRECATED_MSG("Please use FastFieldValuePrinter")
      |     ^
/home/eb/fyp/helloworld/build/_deps/protobuf-src/src/google/protobuf/port_def.inc:311:54: note: expanded from macro 'PROTOBUF_DEPRECATED_MSG'
  311 | # define PROTOBUF_DEPRECATED_MSG(msg) __attribute__((deprecated(msg)))
      |                                                      ^
/home/eb/fyp/helloworld/build/_deps/protobuf-src/src/google/protobuf/text_format_unittest.cc:512:24: warning: 'RegisterFieldValuePrinter' is deprecated: Please use FastFieldValuePrinter [-Wdeprecated-declarations]
  512 |   ASSERT_FALSE(printer.RegisterFieldValuePrinter(field, rejected));
      |                        ^
/home/eb/fyp/helloworld/build/_deps/protobuf-src/src/google/protobuf/text_format.h:356:5: note: 'RegisterFieldValuePrinter' has been explicitly marked deprecated here
  356 |     PROTOBUF_DEPRECATED_MSG("Please use FastFieldValuePrinter")
      |     ^
/home/eb/fyp/helloworld/build/_deps/protobuf-src/src/google/protobuf/port_def.inc:311:54: note: expanded from macro 'PROTOBUF_DEPRECATED_MSG'
  311 | # define PROTOBUF_DEPRECATED_MSG(msg) __attribute__((deprecated(msg)))
      |                                                      ^
/home/eb/fyp/helloworld/build/_deps/protobuf-src/src/google/protobuf/text_format_unittest.cc:520:24: warning: 'RegisterFieldValuePrinter' is deprecated: Please use FastFieldValuePrinter [-Wdeprecated-declarations]
  520 |   EXPECT_FALSE(printer.RegisterFieldValuePrinter(
      |                        ^
/home/eb/fyp/helloworld/build/_deps/protobuf-src/src/google/protobuf/text_format.h:356:5: note: 'RegisterFieldValuePrinter' has been explicitly marked deprecated here
  356 |     PROTOBUF_DEPRECATED_MSG("Please use FastFieldValuePrinter")
      |     ^
/home/eb/fyp/helloworld/build/_deps/protobuf-src/src/google/protobuf/port_def.inc:311:54: note: expanded from macro 'PROTOBUF_DEPRECATED_MSG'
  311 | # define PROTOBUF_DEPRECATED_MSG(msg) __attribute__((deprecated(msg)))
      |                                                      ^
/home/eb/fyp/helloworld/build/_deps/protobuf-src/src/google/protobuf/text_format_unittest.cc:529:24: warning: 'RegisterFieldValuePrinter' is deprecated: Please use FastFieldValuePrinter [-Wdeprecated-declarations]
  529 |   EXPECT_FALSE(printer.RegisterFieldValuePrinter(nullptr, &my_field_printer));
      |                        ^
/home/eb/fyp/helloworld/build/_deps/protobuf-src/src/google/protobuf/text_format.h:356:5: note: 'RegisterFieldValuePrinter' has been explicitly marked deprecated here
  356 |     PROTOBUF_DEPRECATED_MSG("Please use FastFieldValuePrinter")
      |     ^
/home/eb/fyp/helloworld/build/_deps/protobuf-src/src/google/protobuf/port_def.inc:311:54: note: expanded from macro 'PROTOBUF_DEPRECATED_MSG'
  311 | # define PROTOBUF_DEPRECATED_MSG(msg) __attribute__((deprecated(msg)))
      |                                                      ^
/home/eb/fyp/helloworld/build/_deps/protobuf-src/src/google/protobuf/text_format_unittest.cc:560:11: warning: 'SetDefaultFieldValuePrinter' is deprecated: Please use FastFieldValuePrinter [-Wdeprecated-declarations]
  560 |   printer.SetDefaultFieldValuePrinter(new CustomMessageFieldValuePrinter());
      |           ^
/home/eb/fyp/helloworld/build/_deps/protobuf-src/src/google/protobuf/text_format.h:302:5: note: 'SetDefaultFieldValuePrinter' has been explicitly marked deprecated here
  302 |     PROTOBUF_DEPRECATED_MSG("Please use FastFieldValuePrinter")
      |     ^
/home/eb/fyp/helloworld/build/_deps/protobuf-src/src/google/protobuf/port_def.inc:311:54: note: expanded from macro 'PROTOBUF_DEPRECATED_MSG'
  311 | # define PROTOBUF_DEPRECATED_MSG(msg) __attribute__((deprecated(msg)))
      |                                                      ^
/home/eb/fyp/helloworld/build/_deps/protobuf-src/src/google/protobuf/text_format_unittest.cc:645:11: warning: 'SetDefaultFieldValuePrinter' is deprecated: Please use FastFieldValuePrinter [-Wdeprecated-declarations]
  645 |   printer.SetDefaultFieldValuePrinter(new CustomMultilineCommentPrinter());
      |           ^
/home/eb/fyp/helloworld/build/_deps/protobuf-src/src/google/protobuf/text_format.h:302:5: note: 'SetDefaultFieldValuePrinter' has been explicitly marked deprecated here
  302 |     PROTOBUF_DEPRECATED_MSG("Please use FastFieldValuePrinter")
      |     ^
/home/eb/fyp/helloworld/build/_deps/protobuf-src/src/google/protobuf/port_def.inc:311:54: note: expanded from macro 'PROTOBUF_DEPRECATED_MSG'
  311 | # define PROTOBUF_DEPRECATED_MSG(msg) __attribute__((deprecated(msg)))
      |                                                      ^
[ 92%] Building CXX object _deps/protobuf-build/CMakeFiles/tests.dir/__/src/google/protobuf/test_util_lite.cc.o
[ 92%] Building CXX object _deps/protobuf-build/CMakeFiles/tests.dir/__/src/google/protobuf/reflection_tester.cc.o
[ 93%] Building CXX object _deps/protobuf-build/CMakeFiles/tests.dir/__/src/google/protobuf/test_util.cc.o
[ 93%] Building CXX object _deps/protobuf-build/CMakeFiles/tests.dir/__/src/google/protobuf/testing/file.cc.o
/home/eb/fyp/helloworld/build/_deps/protobuf-src/src/google/protobuf/well_known_types_unittest.cc:45:36: warning: 'ByteSize' is deprecated: Please use ByteSizeLong() instead [-Wdeprecated-declarations]
   45 |   EXPECT_EQ(0, message.any_field().ByteSize());
      |                                    ^
/home/eb/fyp/helloworld/build/_deps/protobuf-src/src/google/protobuf/message_lite.h:385:3: note: 'ByteSize' has been explicitly marked deprecated here
  385 |   PROTOBUF_DEPRECATED_MSG("Please use ByteSizeLong() instead")
      |   ^
/home/eb/fyp/helloworld/build/_deps/protobuf-src/src/google/protobuf/port_def.inc:311:54: note: expanded from macro 'PROTOBUF_DEPRECATED_MSG'
  311 | # define PROTOBUF_DEPRECATED_MSG(msg) __attribute__((deprecated(msg)))
      |                                                      ^
/home/eb/fyp/helloworld/build/_deps/protobuf-src/src/google/protobuf/well_known_types_unittest.cc:46:36: warning: 'ByteSize' is deprecated: Please use ByteSizeLong() instead [-Wdeprecated-declarations]
   46 |   EXPECT_EQ(0, message.api_field().ByteSize());
      |                                    ^
/home/eb/fyp/helloworld/build/_deps/protobuf-src/src/google/protobuf/message_lite.h:385:3: note: 'ByteSize' has been explicitly marked deprecated here
  385 |   PROTOBUF_DEPRECATED_MSG("Please use ByteSizeLong() instead")
      |   ^
/home/eb/fyp/helloworld/build/_deps/protobuf-src/src/google/protobuf/port_def.inc:311:54: note: expanded from macro 'PROTOBUF_DEPRECATED_MSG'
  311 | # define PROTOBUF_DEPRECATED_MSG(msg) __attribute__((deprecated(msg)))
      |                                                      ^
/home/eb/fyp/helloworld/build/_deps/protobuf-src/src/google/protobuf/well_known_types_unittest.cc:47:41: warning: 'ByteSize' is deprecated: Please use ByteSizeLong() instead [-Wdeprecated-declarations]
   47 |   EXPECT_EQ(0, message.duration_field().ByteSize());
      |                                         ^
/home/eb/fyp/helloworld/build/_deps/protobuf-src/src/google/protobuf/message_lite.h:385:3: note: 'ByteSize' has been explicitly marked deprecated here
  385 |   PROTOBUF_DEPRECATED_MSG("Please use ByteSizeLong() instead")
      |   ^
/home/eb/fyp/helloworld/build/_deps/protobuf-src/src/google/protobuf/port_def.inc:311:54: note: expanded from macro 'PROTOBUF_DEPRECATED_MSG'
  311 | # define PROTOBUF_DEPRECATED_MSG(msg) __attribute__((deprecated(msg)))
      |                                                      ^
/home/eb/fyp/helloworld/build/_deps/protobuf-src/src/google/protobuf/well_known_types_unittest.cc:48:38: warning: 'ByteSize' is deprecated: Please use ByteSizeLong() instead [-Wdeprecated-declarations]
   48 |   EXPECT_EQ(0, message.empty_field().ByteSize());
      |                                      ^
/home/eb/fyp/helloworld/build/_deps/protobuf-src/src/google/protobuf/message_lite.h:385:3: note: 'ByteSize' has been explicitly marked deprecated here
  385 |   PROTOBUF_DEPRECATED_MSG("Please use ByteSizeLong() instead")
      |   ^
/home/eb/fyp/helloworld/build/_deps/protobuf-src/src/google/protobuf/port_def.inc:311:54: note: expanded from macro 'PROTOBUF_DEPRECATED_MSG'
  311 | # define PROTOBUF_DEPRECATED_MSG(msg) __attribute__((deprecated(msg)))
      |                                                      ^
/home/eb/fyp/helloworld/build/_deps/protobuf-src/src/google/protobuf/well_known_types_unittest.cc:49:43: warning: 'ByteSize' is deprecated: Please use ByteSizeLong() instead [-Wdeprecated-declarations]
   49 |   EXPECT_EQ(0, message.field_mask_field().ByteSize());
      |                                           ^
/home/eb/fyp/helloworld/build/_deps/protobuf-src/src/google/protobuf/message_lite.h:385:3: note: 'ByteSize' has been explicitly marked deprecated here
  385 |   PROTOBUF_DEPRECATED_MSG("Please use ByteSizeLong() instead")
      |   ^
/home/eb/fyp/helloworld/build/_deps/protobuf-src/src/google/protobuf/port_def.inc:311:54: note: expanded from macro 'PROTOBUF_DEPRECATED_MSG'
  311 | # define PROTOBUF_DEPRECATED_MSG(msg) __attribute__((deprecated(msg)))
      |                                                      ^
/home/eb/fyp/helloworld/build/_deps/protobuf-src/src/google/protobuf/well_known_types_unittest.cc:50:47: warning: 'ByteSize' is deprecated: Please use ByteSizeLong() instead [-Wdeprecated-declarations]
   50 |   EXPECT_EQ(0, message.source_context_field().ByteSize());
      |                                               ^
/home/eb/fyp/helloworld/build/_deps/protobuf-src/src/google/protobuf/message_lite.h:385:3: note: 'ByteSize' has been explicitly marked deprecated here
  385 |   PROTOBUF_DEPRECATED_MSG("Please use ByteSizeLong() instead")
      |   ^
/home/eb/fyp/helloworld/build/_deps/protobuf-src/src/google/protobuf/port_def.inc:311:54: note: expanded from macro 'PROTOBUF_DEPRECATED_MSG'
  311 | # define PROTOBUF_DEPRECATED_MSG(msg) __attribute__((deprecated(msg)))
      |                                                      ^
/home/eb/fyp/helloworld/build/_deps/protobuf-src/src/google/protobuf/well_known_types_unittest.cc:51:39: warning: 'ByteSize' is deprecated: Please use ByteSizeLong() instead [-Wdeprecated-declarations]
   51 |   EXPECT_EQ(0, message.struct_field().ByteSize());
      |                                       ^
/home/eb/fyp/helloworld/build/_deps/protobuf-src/src/google/protobuf/message_lite.h:385:3: note: 'ByteSize' has been explicitly marked deprecated here
  385 |   PROTOBUF_DEPRECATED_MSG("Please use ByteSizeLong() instead")
      |   ^
/home/eb/fyp/helloworld/build/_deps/protobuf-src/src/google/protobuf/port_def.inc:311:54: note: expanded from macro 'PROTOBUF_DEPRECATED_MSG'
  311 | # define PROTOBUF_DEPRECATED_MSG(msg) __attribute__((deprecated(msg)))
      |                                                      ^
/home/eb/fyp/helloworld/build/_deps/protobuf-src/src/google/protobuf/well_known_types_unittest.cc:52:42: warning: 'ByteSize' is deprecated: Please use ByteSizeLong() instead [-Wdeprecated-declarations]
   52 |   EXPECT_EQ(0, message.timestamp_field().ByteSize());
      |                                          ^
/home/eb/fyp/helloworld/build/_deps/protobuf-src/src/google/protobuf/message_lite.h:385:3: note: 'ByteSize' has been explicitly marked deprecated here
  385 |   PROTOBUF_DEPRECATED_MSG("Please use ByteSizeLong() instead")
      |   ^
/home/eb/fyp/helloworld/build/_deps/protobuf-src/src/google/protobuf/port_def.inc:311:54: note: expanded from macro 'PROTOBUF_DEPRECATED_MSG'
  311 | # define PROTOBUF_DEPRECATED_MSG(msg) __attribute__((deprecated(msg)))
      |                                                      ^
/home/eb/fyp/helloworld/build/_deps/protobuf-src/src/google/protobuf/well_known_types_unittest.cc:53:37: warning: 'ByteSize' is deprecated: Please use ByteSizeLong() instead [-Wdeprecated-declarations]
   53 |   EXPECT_EQ(0, message.type_field().ByteSize());
      |                                     ^
/home/eb/fyp/helloworld/build/_deps/protobuf-src/src/google/protobuf/message_lite.h:385:3: note: 'ByteSize' has been explicitly marked deprecated here
  385 |   PROTOBUF_DEPRECATED_MSG("Please use ByteSizeLong() instead")
      |   ^
/home/eb/fyp/helloworld/build/_deps/protobuf-src/src/google/protobuf/port_def.inc:311:54: note: expanded from macro 'PROTOBUF_DEPRECATED_MSG'
  311 | # define PROTOBUF_DEPRECATED_MSG(msg) __attribute__((deprecated(msg)))
      |                                                      ^
/home/eb/fyp/helloworld/build/_deps/protobuf-src/src/google/protobuf/well_known_types_unittest.cc:54:38: warning: 'ByteSize' is deprecated: Please use ByteSizeLong() instead [-Wdeprecated-declarations]
   54 |   EXPECT_EQ(0, message.int32_field().ByteSize());
      |                                      ^
/home/eb/fyp/helloworld/build/_deps/protobuf-src/src/google/protobuf/message_lite.h:385:3: note: 'ByteSize' has been explicitly marked deprecated here
  385 |   PROTOBUF_DEPRECATED_MSG("Please use ByteSizeLong() instead")
      |   ^
/home/eb/fyp/helloworld/build/_deps/protobuf-src/src/google/protobuf/port_def.inc:311:54: note: expanded from macro 'PROTOBUF_DEPRECATED_MSG'
  311 | # define PROTOBUF_DEPRECATED_MSG(msg) __attribute__((deprecated(msg)))
      |                                                      ^
10 warnings generated.
[ 93%] Building CXX object _deps/protobuf-build/CMakeFiles/tests.dir/__/src/google/protobuf/testing/googletest.cc.o
[ 93%] Building CXX object _deps/protobuf-build/CMakeFiles/tests.dir/__/src/google/protobuf/any_test.pb.cc.o
[ 93%] Building CXX object _deps/protobuf-build/CMakeFiles/tests.dir/__/src/google/protobuf/compiler/cpp/cpp_test_bad_identifiers.pb.cc.o
[ 93%] Building CXX object _deps/protobuf-build/CMakeFiles/tests.dir/__/src/google/protobuf/compiler/cpp/cpp_test_large_enum_value.pb.cc.o
[ 93%] Building CXX object _deps/protobuf-build/CMakeFiles/tests.dir/__/src/google/protobuf/map_proto2_unittest.pb.cc.o
22 warnings generated.
[ 93%] Building CXX object _deps/protobuf-build/CMakeFiles/tests.dir/__/src/google/protobuf/map_unittest.pb.cc.o
/home/eb/fyp/helloworld/build/_deps/protobuf-src/src/google/protobuf/util/message_differencer_unittest.cc:1150:8: warning: 'add_rm' is deprecated [-Wdeprecated-declarations]
 1150 |   msg1.add_rm()->set_a(1);
      |        ^
/home/eb/fyp/helloworld/build/_deps/protobuf-src/src/google/protobuf/util/message_differencer_unittest.pb.h:861:3: note: 'add_rm' has been explicitly marked deprecated here
  861 |   PROTOBUF_DEPRECATED ::protobuf_unittest::TestField* add_rm();
      |   ^
/home/eb/fyp/helloworld/build/_deps/protobuf-src/src/google/protobuf/port_def.inc:310:45: note: expanded from macro 'PROTOBUF_DEPRECATED'
  310 | # define PROTOBUF_DEPRECATED __attribute__((deprecated))
      |                                             ^
/home/eb/fyp/helloworld/build/_deps/protobuf-src/src/google/protobuf/util/message_differencer_unittest.cc:1151:8: warning: 'add_rm' is deprecated [-Wdeprecated-declarations]
 1151 |   msg1.add_rm()->set_a(2);
      |        ^
/home/eb/fyp/helloworld/build/_deps/protobuf-src/src/google/protobuf/util/message_differencer_unittest.pb.h:861:3: note: 'add_rm' has been explicitly marked deprecated here
  861 |   PROTOBUF_DEPRECATED ::protobuf_unittest::TestField* add_rm();
      |   ^
/home/eb/fyp/helloworld/build/_deps/protobuf-src/src/google/protobuf/port_def.inc:310:45: note: expanded from macro 'PROTOBUF_DEPRECATED'
  310 | # define PROTOBUF_DEPRECATED __attribute__((deprecated))
      |                                             ^
/home/eb/fyp/helloworld/build/_deps/protobuf-src/src/google/protobuf/util/message_differencer_unittest.cc:1152:8: warning: 'add_rm' is deprecated [-Wdeprecated-declarations]
 1152 |   msg1.add_rm()->set_a(3);
      |        ^
/home/eb/fyp/helloworld/build/_deps/protobuf-src/src/google/protobuf/util/message_differencer_unittest.pb.h:861:3: note: 'add_rm' has been explicitly marked deprecated here
  861 |   PROTOBUF_DEPRECATED ::protobuf_unittest::TestField* add_rm();
      |   ^
/home/eb/fyp/helloworld/build/_deps/protobuf-src/src/google/protobuf/port_def.inc:310:45: note: expanded from macro 'PROTOBUF_DEPRECATED'
  310 | # define PROTOBUF_DEPRECATED __attribute__((deprecated))
      |                                             ^
/home/eb/fyp/helloworld/build/_deps/protobuf-src/src/google/protobuf/util/message_differencer_unittest.cc:1153:8: warning: 'add_rm' is deprecated [-Wdeprecated-declarations]
 1153 |   msg1.add_rm()->set_a(4);
      |        ^
/home/eb/fyp/helloworld/build/_deps/protobuf-src/src/google/protobuf/util/message_differencer_unittest.pb.h:861:3: note: 'add_rm' has been explicitly marked deprecated here
  861 |   PROTOBUF_DEPRECATED ::protobuf_unittest::TestField* add_rm();
      |   ^
/home/eb/fyp/helloworld/build/_deps/protobuf-src/src/google/protobuf/port_def.inc:310:45: note: expanded from macro 'PROTOBUF_DEPRECATED'
  310 | # define PROTOBUF_DEPRECATED __attribute__((deprecated))
      |                                             ^
/home/eb/fyp/helloworld/build/_deps/protobuf-src/src/google/protobuf/util/message_differencer_unittest.cc:1154:8: warning: 'add_rm' is deprecated [-Wdeprecated-declarations]
 1154 |   msg1.add_rm()->set_a(5);
      |        ^
/home/eb/fyp/helloworld/build/_deps/protobuf-src/src/google/protobuf/util/message_differencer_unittest.pb.h:861:3: note: 'add_rm' has been explicitly marked deprecated here
  861 |   PROTOBUF_DEPRECATED ::protobuf_unittest::TestField* add_rm();
      |   ^
/home/eb/fyp/helloworld/build/_deps/protobuf-src/src/google/protobuf/port_def.inc:310:45: note: expanded from macro 'PROTOBUF_DEPRECATED'
  310 | # define PROTOBUF_DEPRECATED __attribute__((deprecated))
      |                                             ^
/home/eb/fyp/helloworld/build/_deps/protobuf-src/src/google/protobuf/util/message_differencer_unittest.cc:1155:8: warning: 'add_rm' is deprecated [-Wdeprecated-declarations]
 1155 |   msg2.add_rm()->set_a(2);
      |        ^
/home/eb/fyp/helloworld/build/_deps/protobuf-src/src/google/protobuf/util/message_differencer_unittest.pb.h:861:3: note: 'add_rm' has been explicitly marked deprecated here
  861 |   PROTOBUF_DEPRECATED ::protobuf_unittest::TestField* add_rm();
      |   ^
/home/eb/fyp/helloworld/build/_deps/protobuf-src/src/google/protobuf/port_def.inc:310:45: note: expanded from macro 'PROTOBUF_DEPRECATED'
  310 | # define PROTOBUF_DEPRECATED __attribute__((deprecated))
      |                                             ^
/home/eb/fyp/helloworld/build/_deps/protobuf-src/src/google/protobuf/util/message_differencer_unittest.cc:1156:8: warning: 'add_rm' is deprecated [-Wdeprecated-declarations]
 1156 |   msg2.add_rm()->set_a(6);
      |        ^
/home/eb/fyp/helloworld/build/_deps/protobuf-src/src/google/protobuf/util/message_differencer_unittest.pb.h:861:3: note: 'add_rm' has been explicitly marked deprecated here
  861 |   PROTOBUF_DEPRECATED ::protobuf_unittest::TestField* add_rm();
      |   ^
/home/eb/fyp/helloworld/build/_deps/protobuf-src/src/google/protobuf/port_def.inc:310:45: note: expanded from macro 'PROTOBUF_DEPRECATED'
  310 | # define PROTOBUF_DEPRECATED __attribute__((deprecated))
      |                                             ^
/home/eb/fyp/helloworld/build/_deps/protobuf-src/src/google/protobuf/util/message_differencer_unittest.cc:1157:8: warning: 'add_rm' is deprecated [-Wdeprecated-declarations]
 1157 |   msg2.add_rm()->set_a(4);
      |        ^
/home/eb/fyp/helloworld/build/_deps/protobuf-src/src/google/protobuf/util/message_differencer_unittest.pb.h:861:3: note: 'add_rm' has been explicitly marked deprecated here
  861 |   PROTOBUF_DEPRECATED ::protobuf_unittest::TestField* add_rm();
      |   ^
/home/eb/fyp/helloworld/build/_deps/protobuf-src/src/google/protobuf/port_def.inc:310:45: note: expanded from macro 'PROTOBUF_DEPRECATED'
  310 | # define PROTOBUF_DEPRECATED __attribute__((deprecated))
      |                                             ^
/home/eb/fyp/helloworld/build/_deps/protobuf-src/src/google/protobuf/util/message_differencer_unittest.cc:1199:9: warning: 'add_rm' is deprecated [-Wdeprecated-declarations]
 1199 |   *msg1.add_rm() = elem1_1;
      |         ^
/home/eb/fyp/helloworld/build/_deps/protobuf-src/src/google/protobuf/util/message_differencer_unittest.pb.h:861:3: note: 'add_rm' has been explicitly marked deprecated here
  861 |   PROTOBUF_DEPRECATED ::protobuf_unittest::TestField* add_rm();
      |   ^
/home/eb/fyp/helloworld/build/_deps/protobuf-src/src/google/protobuf/port_def.inc:310:45: note: expanded from macro 'PROTOBUF_DEPRECATED'
  310 | # define PROTOBUF_DEPRECATED __attribute__((deprecated))
      |                                             ^
/home/eb/fyp/helloworld/build/_deps/protobuf-src/src/google/protobuf/util/message_differencer_unittest.cc:1200:9: warning: 'add_rm' is deprecated [-Wdeprecated-declarations]
 1200 |   *msg1.add_rm() = elem2_1;
      |         ^
/home/eb/fyp/helloworld/build/_deps/protobuf-src/src/google/protobuf/util/message_differencer_unittest.pb.h:861:3: note: 'add_rm' has been explicitly marked deprecated here
  861 |   PROTOBUF_DEPRECATED ::protobuf_unittest::TestField* add_rm();
      |   ^
/home/eb/fyp/helloworld/build/_deps/protobuf-src/src/google/protobuf/port_def.inc:310:45: note: expanded from macro 'PROTOBUF_DEPRECATED'
  310 | # define PROTOBUF_DEPRECATED __attribute__((deprecated))
      |                                             ^
/home/eb/fyp/helloworld/build/_deps/protobuf-src/src/google/protobuf/util/message_differencer_unittest.cc:1201:9: warning: 'add_rm' is deprecated [-Wdeprecated-declarations]
 1201 |   *msg1.add_rm() = elem3_1;
      |         ^
/home/eb/fyp/helloworld/build/_deps/protobuf-src/src/google/protobuf/util/message_differencer_unittest.pb.h:861:3: note: 'add_rm' has been explicitly marked deprecated here
  861 |   PROTOBUF_DEPRECATED ::protobuf_unittest::TestField* add_rm();
      |   ^
/home/eb/fyp/helloworld/build/_deps/protobuf-src/src/google/protobuf/port_def.inc:310:45: note: expanded from macro 'PROTOBUF_DEPRECATED'
  310 | # define PROTOBUF_DEPRECATED __attribute__((deprecated))
      |                                             ^
/home/eb/fyp/helloworld/build/_deps/protobuf-src/src/google/protobuf/util/message_differencer_unittest.cc:1203:9: warning: 'add_rm' is deprecated [-Wdeprecated-declarations]
 1203 |   *msg2.add_rm() = elem3_2;
      |         ^
/home/eb/fyp/helloworld/build/_deps/protobuf-src/src/google/protobuf/util/message_differencer_unittest.pb.h:861:3: note: 'add_rm' has been explicitly marked deprecated here
  861 |   PROTOBUF_DEPRECATED ::protobuf_unittest::TestField* add_rm();
      |   ^
/home/eb/fyp/helloworld/build/_deps/protobuf-src/src/google/protobuf/port_def.inc:310:45: note: expanded from macro 'PROTOBUF_DEPRECATED'
  310 | # define PROTOBUF_DEPRECATED __attribute__((deprecated))
      |                                             ^
/home/eb/fyp/helloworld/build/_deps/protobuf-src/src/google/protobuf/util/message_differencer_unittest.cc:1204:9: warning: 'add_rm' is deprecated [-Wdeprecated-declarations]
 1204 |   *msg2.add_rm() = elem1_2;
      |         ^
/home/eb/fyp/helloworld/build/_deps/protobuf-src/src/google/protobuf/util/message_differencer_unittest.pb.h:861:3: note: 'add_rm' has been explicitly marked deprecated here
  861 |   PROTOBUF_DEPRECATED ::protobuf_unittest::TestField* add_rm();
      |   ^
/home/eb/fyp/helloworld/build/_deps/protobuf-src/src/google/protobuf/port_def.inc:310:45: note: expanded from macro 'PROTOBUF_DEPRECATED'
  310 | # define PROTOBUF_DEPRECATED __attribute__((deprecated))
      |                                             ^
/home/eb/fyp/helloworld/build/_deps/protobuf-src/src/google/protobuf/util/message_differencer_unittest.cc:1205:9: warning: 'add_rm' is deprecated [-Wdeprecated-declarations]
 1205 |   *msg2.add_rm() = elem2_2;
      |         ^
/home/eb/fyp/helloworld/build/_deps/protobuf-src/src/google/protobuf/util/message_differencer_unittest.pb.h:861:3: note: 'add_rm' has been explicitly marked deprecated here
  861 |   PROTOBUF_DEPRECATED ::protobuf_unittest::TestField* add_rm();
      |   ^
/home/eb/fyp/helloworld/build/_deps/protobuf-src/src/google/protobuf/port_def.inc:310:45: note: expanded from macro 'PROTOBUF_DEPRECATED'
  310 | # define PROTOBUF_DEPRECATED __attribute__((deprecated))
      |                                             ^
/home/eb/fyp/helloworld/build/_deps/protobuf-src/src/google/protobuf/util/message_differencer_unittest.cc:1230:9: warning: 'add_rm' is deprecated [-Wdeprecated-declarations]
 1230 |   *msg1.add_rm() = elem;
      |         ^
/home/eb/fyp/helloworld/build/_deps/protobuf-src/src/google/protobuf/util/message_differencer_unittest.pb.h:861:3: note: 'add_rm' has been explicitly marked deprecated here
  861 |   PROTOBUF_DEPRECATED ::protobuf_unittest::TestField* add_rm();
      |   ^
/home/eb/fyp/helloworld/build/_deps/protobuf-src/src/google/protobuf/port_def.inc:310:45: note: expanded from macro 'PROTOBUF_DEPRECATED'
  310 | # define PROTOBUF_DEPRECATED __attribute__((deprecated))
      |                                             ^
/home/eb/fyp/helloworld/build/_deps/protobuf-src/src/google/protobuf/util/message_differencer_unittest.cc:1231:9: warning: 'add_rm' is deprecated [-Wdeprecated-declarations]
 1231 |   *msg1.add_rm() = elem;
      |         ^
/home/eb/fyp/helloworld/build/_deps/protobuf-src/src/google/protobuf/util/message_differencer_unittest.pb.h:861:3: note: 'add_rm' has been explicitly marked deprecated here
  861 |   PROTOBUF_DEPRECATED ::protobuf_unittest::TestField* add_rm();
      |   ^
/home/eb/fyp/helloworld/build/_deps/protobuf-src/src/google/protobuf/port_def.inc:310:45: note: expanded from macro 'PROTOBUF_DEPRECATED'
  310 | # define PROTOBUF_DEPRECATED __attribute__((deprecated))
      |                                             ^
/home/eb/fyp/helloworld/build/_deps/protobuf-src/src/google/protobuf/util/message_differencer_unittest.cc:1232:9: warning: 'add_rm' is deprecated [-Wdeprecated-declarations]
 1232 |   *msg2.add_rm() = elem;
      |         ^
/home/eb/fyp/helloworld/build/_deps/protobuf-src/src/google/protobuf/util/message_differencer_unittest.pb.h:861:3: note: 'add_rm' has been explicitly marked deprecated here
  861 |   PROTOBUF_DEPRECATED ::protobuf_unittest::TestField* add_rm();
      |   ^
/home/eb/fyp/helloworld/build/_deps/protobuf-src/src/google/protobuf/port_def.inc:310:45: note: expanded from macro 'PROTOBUF_DEPRECATED'
  310 | # define PROTOBUF_DEPRECATED __attribute__((deprecated))
      |                                             ^
/home/eb/fyp/helloworld/build/_deps/protobuf-src/src/google/protobuf/util/message_differencer_unittest.cc:1233:9: warning: 'add_rm' is deprecated [-Wdeprecated-declarations]
 1233 |   *msg2.add_rm() = elem;
      |         ^
/home/eb/fyp/helloworld/build/_deps/protobuf-src/src/google/protobuf/util/message_differencer_unittest.pb.h:861:3: note: 'add_rm' has been explicitly marked deprecated here
  861 |   PROTOBUF_DEPRECATED ::protobuf_unittest::TestField* add_rm();
      |   ^
/home/eb/fyp/helloworld/build/_deps/protobuf-src/src/google/protobuf/port_def.inc:310:45: note: expanded from macro 'PROTOBUF_DEPRECATED'
  310 | # define PROTOBUF_DEPRECATED __attribute__((deprecated))
      |                                             ^
/home/eb/fyp/helloworld/build/_deps/protobuf-src/src/google/protobuf/util/message_differencer_unittest.cc:1262:9: warning: 'add_rm' is deprecated [-Wdeprecated-declarations]
 1262 |   *msg1.add_rm() = elem1_1;
      |         ^
/home/eb/fyp/helloworld/build/_deps/protobuf-src/src/google/protobuf/util/message_differencer_unittest.pb.h:861:3: note: 'add_rm' has been explicitly marked deprecated here
  861 |   PROTOBUF_DEPRECATED ::protobuf_unittest::TestField* add_rm();
      |   ^
/home/eb/fyp/helloworld/build/_deps/protobuf-src/src/google/protobuf/port_def.inc:310:45: note: expanded from macro 'PROTOBUF_DEPRECATED'
  310 | # define PROTOBUF_DEPRECATED __attribute__((deprecated))
      |                                             ^
/home/eb/fyp/helloworld/build/_deps/protobuf-src/src/google/protobuf/util/message_differencer_unittest.cc:1263:9: warning: 'add_rm' is deprecated [-Wdeprecated-declarations]
 1263 |   *msg1.add_rm() = elem2_1;
      |         ^
/home/eb/fyp/helloworld/build/_deps/protobuf-src/src/google/protobuf/util/message_differencer_unittest.pb.h:861:3: note: 'add_rm' has been explicitly marked deprecated here
  861 |   PROTOBUF_DEPRECATED ::protobuf_unittest::TestField* add_rm();
      |   ^
/home/eb/fyp/helloworld/build/_deps/protobuf-src/src/google/protobuf/port_def.inc:310:45: note: expanded from macro 'PROTOBUF_DEPRECATED'
  310 | # define PROTOBUF_DEPRECATED __attribute__((deprecated))
      |                                             ^
/home/eb/fyp/helloworld/build/_deps/protobuf-src/src/google/protobuf/util/message_differencer_unittest.cc:1264:9: warning: 'add_rm' is deprecated [-Wdeprecated-declarations]
 1264 |   *msg2.add_rm() = elem1_2;
      |         ^
/home/eb/fyp/helloworld/build/_deps/protobuf-src/src/google/protobuf/util/message_differencer_unittest.pb.h:861:3: note: 'add_rm' has been explicitly marked deprecated here
  861 |   PROTOBUF_DEPRECATED ::protobuf_unittest::TestField* add_rm();
      |   ^
/home/eb/fyp/helloworld/build/_deps/protobuf-src/src/google/protobuf/port_def.inc:310:45: note: expanded from macro 'PROTOBUF_DEPRECATED'
  310 | # define PROTOBUF_DEPRECATED __attribute__((deprecated))
      |                                             ^
/home/eb/fyp/helloworld/build/_deps/protobuf-src/src/google/protobuf/util/message_differencer_unittest.cc:1265:9: warning: 'add_rm' is deprecated [-Wdeprecated-declarations]
 1265 |   *msg2.add_rm() = elem2_2;
      |         ^
/home/eb/fyp/helloworld/build/_deps/protobuf-src/src/google/protobuf/util/message_differencer_unittest.pb.h:861:3: note: 'add_rm' has been explicitly marked deprecated here
  861 |   PROTOBUF_DEPRECATED ::protobuf_unittest::TestField* add_rm();
      |   ^
/home/eb/fyp/helloworld/build/_deps/protobuf-src/src/google/protobuf/port_def.inc:310:45: note: expanded from macro 'PROTOBUF_DEPRECATED'
  310 | # define PROTOBUF_DEPRECATED __attribute__((deprecated))
      |                                             ^
/home/eb/fyp/helloworld/build/_deps/protobuf-src/src/google/protobuf/util/message_differencer_unittest.cc:1305:9: warning: 'add_rm' is deprecated [-Wdeprecated-declarations]
 1305 |   *msg1.add_rm() = elem1_1;
      |         ^
/home/eb/fyp/helloworld/build/_deps/protobuf-src/src/google/protobuf/util/message_differencer_unittest.pb.h:861:3: note: 'add_rm' has been explicitly marked deprecated here
  861 |   PROTOBUF_DEPRECATED ::protobuf_unittest::TestField* add_rm();
      |   ^
/home/eb/fyp/helloworld/build/_deps/protobuf-src/src/google/protobuf/port_def.inc:310:45: note: expanded from macro 'PROTOBUF_DEPRECATED'
  310 | # define PROTOBUF_DEPRECATED __attribute__((deprecated))
      |                                             ^
/home/eb/fyp/helloworld/build/_deps/protobuf-src/src/google/protobuf/util/message_differencer_unittest.cc:1306:9: warning: 'add_rm' is deprecated [-Wdeprecated-declarations]
 1306 |   *msg1.add_rm() = elem2_1;
      |         ^
/home/eb/fyp/helloworld/build/_deps/protobuf-src/src/google/protobuf/util/message_differencer_unittest.pb.h:861:3: note: 'add_rm' has been explicitly marked deprecated here
  861 |   PROTOBUF_DEPRECATED ::protobuf_unittest::TestField* add_rm();
      |   ^
/home/eb/fyp/helloworld/build/_deps/protobuf-src/src/google/protobuf/port_def.inc:310:45: note: expanded from macro 'PROTOBUF_DEPRECATED'
  310 | # define PROTOBUF_DEPRECATED __attribute__((deprecated))
      |                                             ^
/home/eb/fyp/helloworld/build/_deps/protobuf-src/src/google/protobuf/util/message_differencer_unittest.cc:1307:9: warning: 'add_rm' is deprecated [-Wdeprecated-declarations]
 1307 |   *msg1.add_rm() = elem3_1;
      |         ^
/home/eb/fyp/helloworld/build/_deps/protobuf-src/src/google/protobuf/util/message_differencer_unittest.pb.h:861:3: note: 'add_rm' has been explicitly marked deprecated here
  861 |   PROTOBUF_DEPRECATED ::protobuf_unittest::TestField* add_rm();
      |   ^
/home/eb/fyp/helloworld/build/_deps/protobuf-src/src/google/protobuf/port_def.inc:310:45: note: expanded from macro 'PROTOBUF_DEPRECATED'
  310 | # define PROTOBUF_DEPRECATED __attribute__((deprecated))
      |                                             ^
/home/eb/fyp/helloworld/build/_deps/protobuf-src/src/google/protobuf/util/message_differencer_unittest.cc:1308:9: warning: 'add_rm' is deprecated [-Wdeprecated-declarations]
 1308 |   *msg2.add_rm() = elem2_2;
      |         ^
/home/eb/fyp/helloworld/build/_deps/protobuf-src/src/google/protobuf/util/message_differencer_unittest.pb.h:861:3: note: 'add_rm' has been explicitly marked deprecated here
  861 |   PROTOBUF_DEPRECATED ::protobuf_unittest::TestField* add_rm();
      |   ^
/home/eb/fyp/helloworld/build/_deps/protobuf-src/src/google/protobuf/port_def.inc:310:45: note: expanded from macro 'PROTOBUF_DEPRECATED'
  310 | # define PROTOBUF_DEPRECATED __attribute__((deprecated))
      |                                             ^
/home/eb/fyp/helloworld/build/_deps/protobuf-src/src/google/protobuf/util/message_differencer_unittest.cc:1309:9: warning: 'add_rm' is deprecated [-Wdeprecated-declarations]
 1309 |   *msg2.add_rm() = elem3_2;
      |         ^
/home/eb/fyp/helloworld/build/_deps/protobuf-src/src/google/protobuf/util/message_differencer_unittest.pb.h:861:3: note: 'add_rm' has been explicitly marked deprecated here
  861 |   PROTOBUF_DEPRECATED ::protobuf_unittest::TestField* add_rm();
      |   ^
/home/eb/fyp/helloworld/build/_deps/protobuf-src/src/google/protobuf/port_def.inc:310:45: note: expanded from macro 'PROTOBUF_DEPRECATED'
  310 | # define PROTOBUF_DEPRECATED __attribute__((deprecated))
      |                                             ^
/home/eb/fyp/helloworld/build/_deps/protobuf-src/src/google/protobuf/util/message_differencer_unittest.cc:1333:9: warning: 'add_rm' is deprecated [-Wdeprecated-declarations]
 1333 |   *msg1.add_rm() = elem1;
      |         ^
/home/eb/fyp/helloworld/build/_deps/protobuf-src/src/google/protobuf/util/message_differencer_unittest.pb.h:861:3: note: 'add_rm' has been explicitly marked deprecated here
  861 |   PROTOBUF_DEPRECATED ::protobuf_unittest::TestField* add_rm();
      |   ^
/home/eb/fyp/helloworld/build/_deps/protobuf-src/src/google/protobuf/port_def.inc:310:45: note: expanded from macro 'PROTOBUF_DEPRECATED'
  310 | # define PROTOBUF_DEPRECATED __attribute__((deprecated))
      |                                             ^
/home/eb/fyp/helloworld/build/_deps/protobuf-src/src/google/protobuf/util/message_differencer_unittest.cc:1334:9: warning: 'add_rm' is deprecated [-Wdeprecated-declarations]
 1334 |   *msg1.add_rm() = elem2;
      |         ^
/home/eb/fyp/helloworld/build/_deps/protobuf-src/src/google/protobuf/util/message_differencer_unittest.pb.h:861:3: note: 'add_rm' has been explicitly marked deprecated here
  861 |   PROTOBUF_DEPRECATED ::protobuf_unittest::TestField* add_rm();
      |   ^
/home/eb/fyp/helloworld/build/_deps/protobuf-src/src/google/protobuf/port_def.inc:310:45: note: expanded from macro 'PROTOBUF_DEPRECATED'
  310 | # define PROTOBUF_DEPRECATED __attribute__((deprecated))
      |                                             ^
/home/eb/fyp/helloworld/build/_deps/protobuf-src/src/google/protobuf/util/message_differencer_unittest.cc:1335:9: warning: 'add_rm' is deprecated [-Wdeprecated-declarations]
 1335 |   *msg1.add_rm() = elem3;
      |         ^
/home/eb/fyp/helloworld/build/_deps/protobuf-src/src/google/protobuf/util/message_differencer_unittest.pb.h:861:3: note: 'add_rm' has been explicitly marked deprecated here
  861 |   PROTOBUF_DEPRECATED ::protobuf_unittest::TestField* add_rm();
      |   ^
/home/eb/fyp/helloworld/build/_deps/protobuf-src/src/google/protobuf/port_def.inc:310:45: note: expanded from macro 'PROTOBUF_DEPRECATED'
  310 | # define PROTOBUF_DEPRECATED __attribute__((deprecated))
      |                                             ^
/home/eb/fyp/helloworld/build/_deps/protobuf-src/src/google/protobuf/util/message_differencer_unittest.cc:1336:9: warning: 'add_rm' is deprecated [-Wdeprecated-declarations]
 1336 |   *msg2.add_rm() = elem2;
      |         ^
/home/eb/fyp/helloworld/build/_deps/protobuf-src/src/google/protobuf/util/message_differencer_unittest.pb.h:861:3: note: 'add_rm' has been explicitly marked deprecated here
  861 |   PROTOBUF_DEPRECATED ::protobuf_unittest::TestField* add_rm();
      |   ^
/home/eb/fyp/helloworld/build/_deps/protobuf-src/src/google/protobuf/port_def.inc:310:45: note: expanded from macro 'PROTOBUF_DEPRECATED'
  310 | # define PROTOBUF_DEPRECATED __attribute__((deprecated))
      |                                             ^
/home/eb/fyp/helloworld/build/_deps/protobuf-src/src/google/protobuf/util/message_differencer_unittest.cc:1337:9: warning: 'add_rm' is deprecated [-Wdeprecated-declarations]
 1337 |   *msg2.add_rm() = elem3;
      |         ^
/home/eb/fyp/helloworld/build/_deps/protobuf-src/src/google/protobuf/util/message_differencer_unittest.pb.h:861:3: note: 'add_rm' has been explicitly marked deprecated here
  861 |   PROTOBUF_DEPRECATED ::protobuf_unittest::TestField* add_rm();
      |   ^
/home/eb/fyp/helloworld/build/_deps/protobuf-src/src/google/protobuf/port_def.inc:310:45: note: expanded from macro 'PROTOBUF_DEPRECATED'
  310 | # define PROTOBUF_DEPRECATED __attribute__((deprecated))
      |                                             ^
/home/eb/fyp/helloworld/build/_deps/protobuf-src/src/google/protobuf/util/message_differencer_unittest.cc:1338:9: warning: 'add_rm' is deprecated [-Wdeprecated-declarations]
 1338 |   *msg2.add_rm() = elem4;
      |         ^
/home/eb/fyp/helloworld/build/_deps/protobuf-src/src/google/protobuf/util/message_differencer_unittest.pb.h:861:3: note: 'add_rm' has been explicitly marked deprecated here
  861 |   PROTOBUF_DEPRECATED ::protobuf_unittest::TestField* add_rm();
      |   ^
/home/eb/fyp/helloworld/build/_deps/protobuf-src/src/google/protobuf/port_def.inc:310:45: note: expanded from macro 'PROTOBUF_DEPRECATED'
  310 | # define PROTOBUF_DEPRECATED __attribute__((deprecated))
      |                                             ^
/home/eb/fyp/helloworld/build/_deps/protobuf-src/src/google/protobuf/util/message_differencer_unittest.cc:1560:5: warning: 'add_rm' is deprecated [-Wdeprecated-declarations]
 1560 |   a.add_rm()->set_c(1);
      |     ^
/home/eb/fyp/helloworld/build/_deps/protobuf-src/src/google/protobuf/util/message_differencer_unittest.pb.h:861:3: note: 'add_rm' has been explicitly marked deprecated here
  861 |   PROTOBUF_DEPRECATED ::protobuf_unittest::TestField* add_rm();
      |   ^
/home/eb/fyp/helloworld/build/_deps/protobuf-src/src/google/protobuf/port_def.inc:310:45: note: expanded from macro 'PROTOBUF_DEPRECATED'
  310 | # define PROTOBUF_DEPRECATED __attribute__((deprecated))
      |                                             ^
/home/eb/fyp/helloworld/build/_deps/protobuf-src/src/google/protobuf/util/message_differencer_unittest.cc:1561:5: warning: 'add_rm' is deprecated [-Wdeprecated-declarations]
 1561 |   a.add_rm()->set_c(0);
      |     ^
/home/eb/fyp/helloworld/build/_deps/protobuf-src/src/google/protobuf/util/message_differencer_unittest.pb.h:861:3: note: 'add_rm' has been explicitly marked deprecated here
  861 |   PROTOBUF_DEPRECATED ::protobuf_unittest::TestField* add_rm();
      |   ^
/home/eb/fyp/helloworld/build/_deps/protobuf-src/src/google/protobuf/port_def.inc:310:45: note: expanded from macro 'PROTOBUF_DEPRECATED'
  310 | # define PROTOBUF_DEPRECATED __attribute__((deprecated))
      |                                             ^
/home/eb/fyp/helloworld/build/_deps/protobuf-src/src/google/protobuf/util/message_differencer_unittest.cc:1566:5: warning: 'add_rm' is deprecated [-Wdeprecated-declarations]
 1566 |   b.add_rm()->set_c(1);
      |     ^
/home/eb/fyp/helloworld/build/_deps/protobuf-src/src/google/protobuf/util/message_differencer_unittest.pb.h:861:3: note: 'add_rm' has been explicitly marked deprecated here
  861 |   PROTOBUF_DEPRECATED ::protobuf_unittest::TestField* add_rm();
      |   ^
/home/eb/fyp/helloworld/build/_deps/protobuf-src/src/google/protobuf/port_def.inc:310:45: note: expanded from macro 'PROTOBUF_DEPRECATED'
  310 | # define PROTOBUF_DEPRECATED __attribute__((deprecated))
      |                                             ^
/home/eb/fyp/helloworld/build/_deps/protobuf-src/src/google/protobuf/util/message_differencer_unittest.cc:1567:5: warning: 'add_rm' is deprecated [-Wdeprecated-declarations]
 1567 |   b.add_rm();
      |     ^
/home/eb/fyp/helloworld/build/_deps/protobuf-src/src/google/protobuf/util/message_differencer_unittest.pb.h:861:3: note: 'add_rm' has been explicitly marked deprecated here
  861 |   PROTOBUF_DEPRECATED ::protobuf_unittest::TestField* add_rm();
      |   ^
/home/eb/fyp/helloworld/build/_deps/protobuf-src/src/google/protobuf/port_def.inc:310:45: note: expanded from macro 'PROTOBUF_DEPRECATED'
  310 | # define PROTOBUF_DEPRECATED __attribute__((deprecated))
      |                                             ^
/home/eb/fyp/helloworld/build/_deps/protobuf-src/src/google/protobuf/util/message_differencer_unittest.cc:1572:5: warning: 'add_rm' is deprecated [-Wdeprecated-declarations]
 1572 |   c.add_rm();
      |     ^
/home/eb/fyp/helloworld/build/_deps/protobuf-src/src/google/protobuf/util/message_differencer_unittest.pb.h:861:3: note: 'add_rm' has been explicitly marked deprecated here
  861 |   PROTOBUF_DEPRECATED ::protobuf_unittest::TestField* add_rm();
      |   ^
/home/eb/fyp/helloworld/build/_deps/protobuf-src/src/google/protobuf/port_def.inc:310:45: note: expanded from macro 'PROTOBUF_DEPRECATED'
  310 | # define PROTOBUF_DEPRECATED __attribute__((deprecated))
      |                                             ^
/home/eb/fyp/helloworld/build/_deps/protobuf-src/src/google/protobuf/util/message_differencer_unittest.cc:1573:5: warning: 'add_rm' is deprecated [-Wdeprecated-declarations]
 1573 |   c.add_rm()->set_c(1);
      |     ^
/home/eb/fyp/helloworld/build/_deps/protobuf-src/src/google/protobuf/util/message_differencer_unittest.pb.h:861:3: note: 'add_rm' has been explicitly marked deprecated here
  861 |   PROTOBUF_DEPRECATED ::protobuf_unittest::TestField* add_rm();
      |   ^
/home/eb/fyp/helloworld/build/_deps/protobuf-src/src/google/protobuf/port_def.inc:310:45: note: expanded from macro 'PROTOBUF_DEPRECATED'
  310 | # define PROTOBUF_DEPRECATED __attribute__((deprecated))
      |                                             ^
/home/eb/fyp/helloworld/build/_deps/protobuf-src/src/google/protobuf/util/message_differencer_unittest.cc:1588:8: warning: 'add_rm' is deprecated [-Wdeprecated-declarations]
 1588 |   msg1.add_rm()->set_a(1);
      |        ^
/home/eb/fyp/helloworld/build/_deps/protobuf-src/src/google/protobuf/util/message_differencer_unittest.pb.h:861:3: note: 'add_rm' has been explicitly marked deprecated here
  861 |   PROTOBUF_DEPRECATED ::protobuf_unittest::TestField* add_rm();
      |   ^
/home/eb/fyp/helloworld/build/_deps/protobuf-src/src/google/protobuf/port_def.inc:310:45: note: expanded from macro 'PROTOBUF_DEPRECATED'
  310 | # define PROTOBUF_DEPRECATED __attribute__((deprecated))
      |                                             ^
/home/eb/fyp/helloworld/build/_deps/protobuf-src/src/google/protobuf/util/message_differencer_unittest.cc:1589:8: warning: 'add_rm' is deprecated [-Wdeprecated-declarations]
 1589 |   msg1.add_rm()->set_b(2);
      |        ^
/home/eb/fyp/helloworld/build/_deps/protobuf-src/src/google/protobuf/util/message_differencer_unittest.pb.h:861:3: note: 'add_rm' has been explicitly marked deprecated here
  861 |   PROTOBUF_DEPRECATED ::protobuf_unittest::TestField* add_rm();
      |   ^
/home/eb/fyp/helloworld/build/_deps/protobuf-src/src/google/protobuf/port_def.inc:310:45: note: expanded from macro 'PROTOBUF_DEPRECATED'
  310 | # define PROTOBUF_DEPRECATED __attribute__((deprecated))
      |                                             ^
/home/eb/fyp/helloworld/build/_deps/protobuf-src/src/google/protobuf/util/message_differencer_unittest.cc:1590:8: warning: 'add_rm' is deprecated [-Wdeprecated-declarations]
 1590 |   msg1.add_rm()->set_c(3);
      |        ^
/home/eb/fyp/helloworld/build/_deps/protobuf-src/src/google/protobuf/util/message_differencer_unittest.pb.h:861:3: note: 'add_rm' has been explicitly marked deprecated here
  861 |   PROTOBUF_DEPRECATED ::protobuf_unittest::TestField* add_rm();
      |   ^
/home/eb/fyp/helloworld/build/_deps/protobuf-src/src/google/protobuf/port_def.inc:310:45: note: expanded from macro 'PROTOBUF_DEPRECATED'
  310 | # define PROTOBUF_DEPRECATED __attribute__((deprecated))
      |                                             ^
/home/eb/fyp/helloworld/build/_deps/protobuf-src/src/google/protobuf/util/message_differencer_unittest.cc:1596:46: warning: 'add_rm' is deprecated [-Wdeprecated-declarations]
 1596 |   protobuf_unittest::TestField* field = msg2.add_rm();
      |                                              ^
/home/eb/fyp/helloworld/build/_deps/protobuf-src/src/google/protobuf/util/message_differencer_unittest.pb.h:861:3: note: 'add_rm' has been explicitly marked deprecated here
  861 |   PROTOBUF_DEPRECATED ::protobuf_unittest::TestField* add_rm();
      |   ^
/home/eb/fyp/helloworld/build/_deps/protobuf-src/src/google/protobuf/port_def.inc:310:45: note: expanded from macro 'PROTOBUF_DEPRECATED'
  310 | # define PROTOBUF_DEPRECATED __attribute__((deprecated))
      |                                             ^
/home/eb/fyp/helloworld/build/_deps/protobuf-src/src/google/protobuf/util/message_differencer_unittest.cc:1599:16: warning: 'add_rm' is deprecated [-Wdeprecated-declarations]
 1599 |   field = msg2.add_rm();
      |                ^
/home/eb/fyp/helloworld/build/_deps/protobuf-src/src/google/protobuf/util/message_differencer_unittest.pb.h:861:3: note: 'add_rm' has been explicitly marked deprecated here
  861 |   PROTOBUF_DEPRECATED ::protobuf_unittest::TestField* add_rm();
      |   ^
/home/eb/fyp/helloworld/build/_deps/protobuf-src/src/google/protobuf/port_def.inc:310:45: note: expanded from macro 'PROTOBUF_DEPRECATED'
  310 | # define PROTOBUF_DEPRECATED __attribute__((deprecated))
      |                                             ^
/home/eb/fyp/helloworld/build/_deps/protobuf-src/src/google/protobuf/util/message_differencer_unittest.cc:1602:16: warning: 'add_rm' is deprecated [-Wdeprecated-declarations]
 1602 |   field = msg2.add_rm();
      |                ^
/home/eb/fyp/helloworld/build/_deps/protobuf-src/src/google/protobuf/util/message_differencer_unittest.pb.h:861:3: note: 'add_rm' has been explicitly marked deprecated here
  861 |   PROTOBUF_DEPRECATED ::protobuf_unittest::TestField* add_rm();
      |   ^
/home/eb/fyp/helloworld/build/_deps/protobuf-src/src/google/protobuf/port_def.inc:310:45: note: expanded from macro 'PROTOBUF_DEPRECATED'
  310 | # define PROTOBUF_DEPRECATED __attribute__((deprecated))
      |                                             ^
/home/eb/fyp/helloworld/build/_deps/protobuf-src/src/google/protobuf/util/message_differencer_unittest.cc:2073:16: warning: 'add_rm' is deprecated [-Wdeprecated-declarations]
 2073 |   field = msg1.add_rm();
      |                ^
/home/eb/fyp/helloworld/build/_deps/protobuf-src/src/google/protobuf/util/message_differencer_unittest.pb.h:861:3: note: 'add_rm' has been explicitly marked deprecated here
  861 |   PROTOBUF_DEPRECATED ::protobuf_unittest::TestField* add_rm();
      |   ^
/home/eb/fyp/helloworld/build/_deps/protobuf-src/src/google/protobuf/port_def.inc:310:45: note: expanded from macro 'PROTOBUF_DEPRECATED'
  310 | # define PROTOBUF_DEPRECATED __attribute__((deprecated))
      |                                             ^
/home/eb/fyp/helloworld/build/_deps/protobuf-src/src/google/protobuf/util/message_differencer_unittest.cc:2076:16: warning: 'add_rm' is deprecated [-Wdeprecated-declarations]
 2076 |   field = msg2.add_rm();
      |                ^
/home/eb/fyp/helloworld/build/_deps/protobuf-src/src/google/protobuf/util/message_differencer_unittest.pb.h:861:3: note: 'add_rm' has been explicitly marked deprecated here
  861 |   PROTOBUF_DEPRECATED ::protobuf_unittest::TestField* add_rm();
      |   ^
/home/eb/fyp/helloworld/build/_deps/protobuf-src/src/google/protobuf/port_def.inc:310:45: note: expanded from macro 'PROTOBUF_DEPRECATED'
  310 | # define PROTOBUF_DEPRECATED __attribute__((deprecated))
      |                                             ^
/home/eb/fyp/helloworld/build/_deps/protobuf-src/src/google/protobuf/util/message_differencer_unittest.cc:2161:16: warning: 'add_rm' is deprecated [-Wdeprecated-declarations]
 2161 |   field = msg1.add_rm();
      |                ^
/home/eb/fyp/helloworld/build/_deps/protobuf-src/src/google/protobuf/util/message_differencer_unittest.pb.h:861:3: note: 'add_rm' has been explicitly marked deprecated here
  861 |   PROTOBUF_DEPRECATED ::protobuf_unittest::TestField* add_rm();
      |   ^
/home/eb/fyp/helloworld/build/_deps/protobuf-src/src/google/protobuf/port_def.inc:310:45: note: expanded from macro 'PROTOBUF_DEPRECATED'
  310 | # define PROTOBUF_DEPRECATED __attribute__((deprecated))
      |                                             ^
/home/eb/fyp/helloworld/build/_deps/protobuf-src/src/google/protobuf/util/message_differencer_unittest.cc:2165:16: warning: 'add_rm' is deprecated [-Wdeprecated-declarations]
 2165 |   field = msg2.add_rm();
      |                ^
/home/eb/fyp/helloworld/build/_deps/protobuf-src/src/google/protobuf/util/message_differencer_unittest.pb.h:861:3: note: 'add_rm' has been explicitly marked deprecated here
  861 |   PROTOBUF_DEPRECATED ::protobuf_unittest::TestField* add_rm();
      |   ^
/home/eb/fyp/helloworld/build/_deps/protobuf-src/src/google/protobuf/port_def.inc:310:45: note: expanded from macro 'PROTOBUF_DEPRECATED'
  310 | # define PROTOBUF_DEPRECATED __attribute__((deprecated))
      |                                             ^
/home/eb/fyp/helloworld/build/_deps/protobuf-src/src/google/protobuf/util/message_differencer_unittest.cc:2394:8: warning: 'add_rm' is deprecated [-Wdeprecated-declarations]
 2394 |   msg1.add_rm()->set_c(1);
      |        ^
/home/eb/fyp/helloworld/build/_deps/protobuf-src/src/google/protobuf/util/message_differencer_unittest.pb.h:861:3: note: 'add_rm' has been explicitly marked deprecated here
  861 |   PROTOBUF_DEPRECATED ::protobuf_unittest::TestField* add_rm();
      |   ^
/home/eb/fyp/helloworld/build/_deps/protobuf-src/src/google/protobuf/port_def.inc:310:45: note: expanded from macro 'PROTOBUF_DEPRECATED'
  310 | # define PROTOBUF_DEPRECATED __attribute__((deprecated))
      |                                             ^
/home/eb/fyp/helloworld/build/_deps/protobuf-src/src/google/protobuf/util/message_differencer_unittest.cc:2396:8: warning: 'add_rm' is deprecated [-Wdeprecated-declarations]
 2396 |   msg2.add_rm()->set_c(1);
      |        ^
/home/eb/fyp/helloworld/build/_deps/protobuf-src/src/google/protobuf/util/message_differencer_unittest.pb.h:861:3: note: 'add_rm' has been explicitly marked deprecated here
  861 |   PROTOBUF_DEPRECATED ::protobuf_unittest::TestField* add_rm();
      |   ^
/home/eb/fyp/helloworld/build/_deps/protobuf-src/src/google/protobuf/port_def.inc:310:45: note: expanded from macro 'PROTOBUF_DEPRECATED'
  310 | # define PROTOBUF_DEPRECATED __attribute__((deprecated))
      |                                             ^
/home/eb/fyp/helloworld/build/_deps/protobuf-src/src/google/protobuf/util/message_differencer_unittest.cc:3040:15: warning: 'set_v' is deprecated [-Wdeprecated-declarations]
 3040 |   proto1diff_.set_v(3);
      |               ^
/home/eb/fyp/helloworld/build/_deps/protobuf-src/src/google/protobuf/util/message_differencer_unittest.pb.h:926:3: note: 'set_v' has been explicitly marked deprecated here
  926 |   PROTOBUF_DEPRECATED void set_v(int32_t value);
      |   ^
/home/eb/fyp/helloworld/build/_deps/protobuf-src/src/google/protobuf/port_def.inc:310:45: note: expanded from macro 'PROTOBUF_DEPRECATED'
  310 | # define PROTOBUF_DEPRECATED __attribute__((deprecated))
      |                                             ^
/home/eb/fyp/helloworld/build/_deps/protobuf-src/src/google/protobuf/util/message_differencer_unittest.cc:3041:15: warning: 'set_v' is deprecated [-Wdeprecated-declarations]
 3041 |   proto2diff_.set_v(3);
      |               ^
/home/eb/fyp/helloworld/build/_deps/protobuf-src/src/google/protobuf/util/message_differencer_unittest.pb.h:926:3: note: 'set_v' has been explicitly marked deprecated here
  926 |   PROTOBUF_DEPRECATED void set_v(int32_t value);
      |   ^
/home/eb/fyp/helloworld/build/_deps/protobuf-src/src/google/protobuf/port_def.inc:310:45: note: expanded from macro 'PROTOBUF_DEPRECATED'
  310 | # define PROTOBUF_DEPRECATED __attribute__((deprecated))
      |                                             ^
/home/eb/fyp/helloworld/build/_deps/protobuf-src/src/google/protobuf/util/message_differencer_unittest.cc:3053:15: warning: 'set_v' is deprecated [-Wdeprecated-declarations]
 3053 |   proto2diff_.set_v(3);
      |               ^
/home/eb/fyp/helloworld/build/_deps/protobuf-src/src/google/protobuf/util/message_differencer_unittest.pb.h:926:3: note: 'set_v' has been explicitly marked deprecated here
  926 |   PROTOBUF_DEPRECATED void set_v(int32_t value);
      |   ^
/home/eb/fyp/helloworld/build/_deps/protobuf-src/src/google/protobuf/port_def.inc:310:45: note: expanded from macro 'PROTOBUF_DEPRECATED'
  310 | # define PROTOBUF_DEPRECATED __attribute__((deprecated))
      |                                             ^
/home/eb/fyp/helloworld/build/_deps/protobuf-src/src/google/protobuf/util/message_differencer_unittest.cc:3065:15: warning: 'set_v' is deprecated [-Wdeprecated-declarations]
 3065 |   proto1diff_.set_v(3);
      |               ^
/home/eb/fyp/helloworld/build/_deps/protobuf-src/src/google/protobuf/util/message_differencer_unittest.pb.h:926:3: note: 'set_v' has been explicitly marked deprecated here
  926 |   PROTOBUF_DEPRECATED void set_v(int32_t value);
      |   ^
/home/eb/fyp/helloworld/build/_deps/protobuf-src/src/google/protobuf/port_def.inc:310:45: note: expanded from macro 'PROTOBUF_DEPRECATED'
  310 | # define PROTOBUF_DEPRECATED __attribute__((deprecated))
      |                                             ^
/home/eb/fyp/helloworld/build/_deps/protobuf-src/src/google/protobuf/util/message_differencer_unittest.cc:3077:15: warning: 'set_v' is deprecated [-Wdeprecated-declarations]
 3077 |   proto1diff_.set_v(3);
      |               ^
/home/eb/fyp/helloworld/build/_deps/protobuf-src/src/google/protobuf/util/message_differencer_unittest.pb.h:926:3: note: 'set_v' has been explicitly marked deprecated here
  926 |   PROTOBUF_DEPRECATED void set_v(int32_t value);
      |   ^
/home/eb/fyp/helloworld/build/_deps/protobuf-src/src/google/protobuf/port_def.inc:310:45: note: expanded from macro 'PROTOBUF_DEPRECATED'
  310 | # define PROTOBUF_DEPRECATED __attribute__((deprecated))
      |                                             ^
/home/eb/fyp/helloworld/build/_deps/protobuf-src/src/google/protobuf/util/message_differencer_unittest.cc:3078:15: warning: 'set_v' is deprecated [-Wdeprecated-declarations]
 3078 |   proto2diff_.set_v(4);
      |               ^
/home/eb/fyp/helloworld/build/_deps/protobuf-src/src/google/protobuf/util/message_differencer_unittest.pb.h:926:3: note: 'set_v' has been explicitly marked deprecated here
  926 |   PROTOBUF_DEPRECATED void set_v(int32_t value);
      |   ^
/home/eb/fyp/helloworld/build/_deps/protobuf-src/src/google/protobuf/port_def.inc:310:45: note: expanded from macro 'PROTOBUF_DEPRECATED'
  310 | # define PROTOBUF_DEPRECATED __attribute__((deprecated))
      |                                             ^
/home/eb/fyp/helloworld/build/_deps/protobuf-src/src/google/protobuf/util/message_differencer_unittest.cc:3171:15: warning: 'add_rm' is deprecated [-Wdeprecated-declarations]
 3171 |   proto1diff_.add_rm()->set_c(0);
      |               ^
/home/eb/fyp/helloworld/build/_deps/protobuf-src/src/google/protobuf/util/message_differencer_unittest.pb.h:861:3: note: 'add_rm' has been explicitly marked deprecated here
  861 |   PROTOBUF_DEPRECATED ::protobuf_unittest::TestField* add_rm();
      |   ^
/home/eb/fyp/helloworld/build/_deps/protobuf-src/src/google/protobuf/port_def.inc:310:45: note: expanded from macro 'PROTOBUF_DEPRECATED'
  310 | # define PROTOBUF_DEPRECATED __attribute__((deprecated))
      |                                             ^
/home/eb/fyp/helloworld/build/_deps/protobuf-src/src/google/protobuf/util/message_differencer_unittest.cc:3172:15: warning: 'add_rm' is deprecated [-Wdeprecated-declarations]
 3172 |   proto1diff_.add_rm()->set_c(1);
      |               ^
/home/eb/fyp/helloworld/build/_deps/protobuf-src/src/google/protobuf/util/message_differencer_unittest.pb.h:861:3: note: 'add_rm' has been explicitly marked deprecated here
  861 |   PROTOBUF_DEPRECATED ::protobuf_unittest::TestField* add_rm();
      |   ^
/home/eb/fyp/helloworld/build/_deps/protobuf-src/src/google/protobuf/port_def.inc:310:45: note: expanded from macro 'PROTOBUF_DEPRECATED'
  310 | # define PROTOBUF_DEPRECATED __attribute__((deprecated))
      |                                             ^
/home/eb/fyp/helloworld/build/_deps/protobuf-src/src/google/protobuf/util/message_differencer_unittest.cc:3173:15: warning: 'add_rm' is deprecated [-Wdeprecated-declarations]
 3173 |   proto2diff_.add_rm()->set_c(2);
      |               ^
/home/eb/fyp/helloworld/build/_deps/protobuf-src/src/google/protobuf/util/message_differencer_unittest.pb.h:861:3: note: 'add_rm' has been explicitly marked deprecated here
  861 |   PROTOBUF_DEPRECATED ::protobuf_unittest::TestField* add_rm();
      |   ^
/home/eb/fyp/helloworld/build/_deps/protobuf-src/src/google/protobuf/port_def.inc:310:45: note: expanded from macro 'PROTOBUF_DEPRECATED'
  310 | # define PROTOBUF_DEPRECATED __attribute__((deprecated))
      |                                             ^
/home/eb/fyp/helloworld/build/_deps/protobuf-src/src/google/protobuf/util/message_differencer_unittest.cc:3174:15: warning: 'add_rm' is deprecated [-Wdeprecated-declarations]
 3174 |   proto2diff_.add_rm()->set_c(3);
      |               ^
/home/eb/fyp/helloworld/build/_deps/protobuf-src/src/google/protobuf/util/message_differencer_unittest.pb.h:861:3: note: 'add_rm' has been explicitly marked deprecated here
  861 |   PROTOBUF_DEPRECATED ::protobuf_unittest::TestField* add_rm();
      |   ^
/home/eb/fyp/helloworld/build/_deps/protobuf-src/src/google/protobuf/port_def.inc:310:45: note: expanded from macro 'PROTOBUF_DEPRECATED'
  310 | # define PROTOBUF_DEPRECATED __attribute__((deprecated))
      |                                             ^
[ 94%] Building CXX object _deps/protobuf-build/CMakeFiles/tests.dir/__/src/google/protobuf/unittest.pb.cc.o
[ 94%] Building CXX object _deps/protobuf-build/CMakeFiles/tests.dir/__/src/google/protobuf/unittest_arena.pb.cc.o
[ 94%] Building CXX object _deps/protobuf-build/CMakeFiles/tests.dir/__/src/google/protobuf/unittest_custom_options.pb.cc.o
[ 94%] Building CXX object _deps/protobuf-build/CMakeFiles/tests.dir/__/src/google/protobuf/unittest_drop_unknown_fields.pb.cc.o
8 warnings generated.
[ 94%] Building CXX object _deps/protobuf-build/CMakeFiles/tests.dir/__/src/google/protobuf/unittest_embed_optimize_for.pb.cc.o
[ 94%] Building CXX object _deps/protobuf-build/CMakeFiles/tests.dir/__/src/google/protobuf/unittest_empty.pb.cc.o
[ 94%] Building CXX object _deps/protobuf-build/CMakeFiles/tests.dir/__/src/google/protobuf/unittest_import.pb.cc.o
[ 95%] Building CXX object _deps/protobuf-build/CMakeFiles/tests.dir/__/src/google/protobuf/unittest_import_public.pb.cc.o
[ 95%] Building CXX object _deps/protobuf-build/CMakeFiles/tests.dir/__/src/google/protobuf/unittest_lazy_dependencies.pb.cc.o
[ 95%] Building CXX object _deps/protobuf-build/CMakeFiles/tests.dir/__/src/google/protobuf/unittest_lazy_dependencies_custom_option.pb.cc.o
[ 95%] Building CXX object _deps/protobuf-build/CMakeFiles/tests.dir/__/src/google/protobuf/unittest_lazy_dependencies_enum.pb.cc.o
[ 95%] Building CXX object _deps/protobuf-build/CMakeFiles/tests.dir/__/src/google/protobuf/unittest_lite_imports_nonlite.pb.cc.o
[ 95%] Building CXX object _deps/protobuf-build/CMakeFiles/tests.dir/__/src/google/protobuf/unittest_mset.pb.cc.o
[ 95%] Building CXX object _deps/protobuf-build/CMakeFiles/tests.dir/__/src/google/protobuf/unittest_mset_wire_format.pb.cc.o
[ 95%] Building CXX object _deps/protobuf-build/CMakeFiles/tests.dir/__/src/google/protobuf/unittest_no_field_presence.pb.cc.o
[ 96%] Building CXX object _deps/protobuf-build/CMakeFiles/tests.dir/__/src/google/protobuf/unittest_no_generic_services.pb.cc.o
[ 96%] Building CXX object _deps/protobuf-build/CMakeFiles/tests.dir/__/src/google/protobuf/unittest_optimize_for.pb.cc.o
[ 96%] Building CXX object _deps/protobuf-build/CMakeFiles/tests.dir/__/src/google/protobuf/unittest_preserve_unknown_enum.pb.cc.o
[ 96%] Building CXX object _deps/protobuf-build/CMakeFiles/tests.dir/__/src/google/protobuf/unittest_preserve_unknown_enum2.pb.cc.o
[ 96%] Building CXX object _deps/protobuf-build/CMakeFiles/tests.dir/__/src/google/protobuf/unittest_proto3.pb.cc.o
[ 96%] Building CXX object _deps/protobuf-build/CMakeFiles/tests.dir/__/src/google/protobuf/unittest_proto3_arena.pb.cc.o
61 warnings generated.
[ 96%] Building CXX object _deps/protobuf-build/CMakeFiles/tests.dir/__/src/google/protobuf/unittest_proto3_arena_lite.pb.cc.o
[ 96%] Building CXX object _deps/protobuf-build/CMakeFiles/tests.dir/__/src/google/protobuf/unittest_proto3_lite.pb.cc.o
[ 97%] Building CXX object _deps/protobuf-build/CMakeFiles/tests.dir/__/src/google/protobuf/unittest_proto3_optional.pb.cc.o
[ 97%] Building CXX object _deps/protobuf-build/CMakeFiles/tests.dir/__/src/google/protobuf/unittest_well_known_types.pb.cc.o
[ 97%] Building CXX object _deps/protobuf-build/CMakeFiles/tests.dir/__/src/google/protobuf/util/internal/testdata/anys.pb.cc.o
[ 97%] Building CXX object _deps/protobuf-build/CMakeFiles/tests.dir/__/src/google/protobuf/util/internal/testdata/books.pb.cc.o
[ 97%] Building CXX object _deps/protobuf-build/CMakeFiles/tests.dir/__/src/google/protobuf/util/internal/testdata/default_value.pb.cc.o
[ 97%] Building CXX object _deps/protobuf-build/CMakeFiles/tests.dir/__/src/google/protobuf/util/internal/testdata/default_value_test.pb.cc.o
[ 97%] Building CXX object _deps/protobuf-build/CMakeFiles/tests.dir/__/src/google/protobuf/util/internal/testdata/field_mask.pb.cc.o
[ 98%] Building CXX object _deps/protobuf-build/CMakeFiles/tests.dir/__/src/google/protobuf/util/internal/testdata/maps.pb.cc.o
[ 98%] Building CXX object _deps/protobuf-build/CMakeFiles/tests.dir/__/src/google/protobuf/util/internal/testdata/oneofs.pb.cc.o
[ 98%] Building CXX object _deps/protobuf-build/CMakeFiles/tests.dir/__/src/google/protobuf/util/internal/testdata/proto3.pb.cc.o
[ 98%] Building CXX object _deps/protobuf-build/CMakeFiles/tests.dir/__/src/google/protobuf/util/internal/testdata/struct.pb.cc.o
[ 98%] Building CXX object _deps/protobuf-build/CMakeFiles/tests.dir/__/src/google/protobuf/util/internal/testdata/timestamp_duration.pb.cc.o
[ 98%] Building CXX object _deps/protobuf-build/CMakeFiles/tests.dir/__/src/google/protobuf/util/internal/testdata/wrappers.pb.cc.o
[ 98%] Building CXX object _deps/protobuf-build/CMakeFiles/tests.dir/__/src/google/protobuf/util/json_format.pb.cc.o
[ 98%] Building CXX object _deps/protobuf-build/CMakeFiles/tests.dir/__/src/google/protobuf/util/json_format_proto3.pb.cc.o
[ 99%] Building CXX object _deps/protobuf-build/CMakeFiles/tests.dir/__/src/google/protobuf/util/message_differencer_unittest.pb.cc.o
[ 99%] Building CXX object _deps/protobuf-build/CMakeFiles/tests.dir/__/src/google/protobuf/map_lite_unittest.pb.cc.o
[ 99%] Building CXX object _deps/protobuf-build/CMakeFiles/tests.dir/__/src/google/protobuf/unittest_import_lite.pb.cc.o
[ 99%] Building CXX object _deps/protobuf-build/CMakeFiles/tests.dir/__/src/google/protobuf/unittest_import_public_lite.pb.cc.o
[ 99%] Building CXX object _deps/protobuf-build/CMakeFiles/tests.dir/__/src/google/protobuf/unittest_lite.pb.cc.o
[ 99%] Linking CXX executable tests
/usr/bin/ld: CMakeFiles/tests.dir/__/src/google/protobuf/testing/googletest.cc.o: in function `google::protobuf::(anonymous namespace)::GetTemporaryDirectoryName[abi:cxx11]()':
googletest.cc:(.text+0x1409): warning: the use of `tmpnam' is dangerous, better use `mkstemp'
[100%] Built target tests


#####################build wasm apps
wasm-ld: error: /home/eb/fyp/helloworld/wasm/../wasm_libraries/protobuf-build-lite/build/libprotobuf-lite.a(coded_stream.cc.obj): undefined symbol: google::protobuf::internal::LogMessage::LogMessage(google::protobuf::LogLevel, char const*, int)
wasm-ld: error: /home/eb/fyp/helloworld/wasm/../wasm_libraries/protobuf-build-lite/build/libprotobuf-lite.a(coded_stream.cc.obj): undefined symbol: google::protobuf::internal::LogMessage::operator<<(char const*)
wasm-ld: error: /home/eb/fyp/helloworld/wasm/../wasm_libraries/protobuf-build-lite/build/libprotobuf-lite.a(coded_stream.cc.obj): undefined symbol: google::protobuf::internal::LogMessage::operator<<(int)
wasm-ld: error: /home/eb/fyp/helloworld/wasm/../wasm_libraries/protobuf-build-lite/build/libprotobuf-lite.a(coded_stream.cc.obj): undefined symbol: google::protobuf::internal::LogMessage::operator<<(char const*)
wasm-ld: error: /home/eb/fyp/helloworld/wasm/../wasm_libraries/protobuf-build-lite/build/libprotobuf-lite.a(coded_stream.cc.obj): undefined symbol: google::protobuf::internal::LogFinisher::operator=(google::protobuf::internal::LogMessage&)
wasm-ld: error: /home/eb/fyp/helloworld/wasm/../wasm_libraries/protobuf-build-lite/build/libprotobuf-lite.a(coded_stream.cc.obj): undefined symbol: google::protobuf::internal::LogMessage::~LogMessage()
wasm-ld: error: /home/eb/fyp/helloworld/wasm/../wasm_libraries/protobuf-build-lite/build/libprotobuf-lite.a(coded_stream.cc.obj): undefined symbol: google::protobuf::internal::LogMessage::LogMessage(google::protobuf::LogLevel, char const*, int)
wasm-ld: error: /home/eb/fyp/helloworld/wasm/../wasm_libraries/protobuf-build-lite/build/libprotobuf-lite.a(coded_stream.cc.obj): undefined symbol: google::protobuf::internal::LogMessage::operator<<(char const*)
wasm-ld: error: /home/eb/fyp/helloworld/wasm/../wasm_libraries/protobuf-build-lite/build/libprotobuf-lite.a(coded_stream.cc.obj): undefined symbol: google::protobuf::internal::LogMessage::operator<<(int)
wasm-ld: error: /home/eb/fyp/helloworld/wasm/../wasm_libraries/protobuf-build-lite/build/libprotobuf-lite.a(coded_stream.cc.obj): undefined symbol: google::protobuf::internal::LogMessage::operator<<(char const*)
wasm-ld: error: /home/eb/fyp/helloworld/wasm/../wasm_libraries/protobuf-build-lite/build/libprotobuf-lite.a(coded_stream.cc.obj): undefined symbol: google::protobuf::internal::LogFinisher::operator=(google::protobuf::internal::LogMessage&)
wasm-ld: error: /home/eb/fyp/helloworld/wasm/../wasm_libraries/protobuf-build-lite/build/libprotobuf-lite.a(coded_stream.cc.obj): undefined symbol: google::protobuf::internal::LogMessage::~LogMessage()
wasm-ld: error: /home/eb/fyp/helloworld/wasm/../wasm_libraries/protobuf-build-lite/build/libprotobuf-lite.a(coded_stream.cc.obj): undefined symbol: google::protobuf::internal::LogMessage::LogMessage(google::protobuf::LogLevel, char const*, int)
wasm-ld: error: /home/eb/fyp/helloworld/wasm/../wasm_libraries/protobuf-build-lite/build/libprotobuf-lite.a(coded_stream.cc.obj): undefined symbol: google::protobuf::internal::LogMessage::operator<<(char const*)
wasm-ld: error: /home/eb/fyp/helloworld/wasm/../wasm_libraries/protobuf-build-lite/build/libprotobuf-lite.a(coded_stream.cc.obj): undefined symbol: google::protobuf::internal::LogFinisher::operator=(google::protobuf::internal::LogMessage&)
wasm-ld: error: /home/eb/fyp/helloworld/wasm/../wasm_libraries/protobuf-build-lite/build/libprotobuf-lite.a(coded_stream.cc.obj): undefined symbol: google::protobuf::internal::LogMessage::~LogMessage()
wasm-ld: error: /home/eb/fyp/helloworld/wasm/../wasm_libraries/protobuf-build-lite/build/libprotobuf-lite.a(zero_copy_stream.cc.obj): undefined symbol: google::protobuf::internal::LogMessage::LogMessage(google::protobuf::LogLevel, char const*, int)
wasm-ld: error: /home/eb/fyp/helloworld/wasm/../wasm_libraries/protobuf-build-lite/build/libprotobuf-lite.a(zero_copy_stream.cc.obj): undefined symbol: google::protobuf::internal::LogMessage::operator<<(char const*)
wasm-ld: error: /home/eb/fyp/helloworld/wasm/../wasm_libraries/protobuf-build-lite/build/libprotobuf-lite.a(zero_copy_stream.cc.obj): undefined symbol: google::protobuf::internal::LogFinisher::operator=(google::protobuf::internal::LogMessage&)
wasm-ld: error: /home/eb/fyp/helloworld/wasm/../wasm_libraries/protobuf-build-lite/build/libprotobuf-lite.a(zero_copy_stream.cc.obj): undefined symbol: google::protobuf::internal::LogMessage::~LogMessage()
wasm-ld: error: too many errors emitted, stopping now (use -error-limit=0 to see all errors)
clang++: error: linker command failed with exit code 1 (use -v to see invocation)
